{
  "schema_version": 1,
  "created_at": "2026-08-07T22:11:11+00:00",
  "model": "openbmb/MiniCPM-o-4_5",
  "base_url": "http://127.0.0.1:8091/v1",
  "requests": 30,
  "successes": 30,
  "failures": 0,
  "timeouts": 0,
  "http_status_distribution": {},
  "success_rate": 1.0,
  "wall_seconds": 6.264921,
  "request_throughput": 4.788568,
  "run_metadata": {
    "model": "openbmb/MiniCPM-o-4_5",
    "base_url": "http://127.0.0.1:8091/v1",
    "requests": 30,
    "concurrency": 8,
    "warmup_requests": 5,
    "prompt_sha256": "737f4c53ccc7682f",
    "python_version": "3.12",
    "schema_version": 1,
    "created_at": "2026-08-07T22:11:11+00:00"
  },
  "distributions": {
    "ttft_seconds": {
      "count": 30,
      "mean": 0.745237,
      "p50": 0.833314,
      "p95": 0.890505,
      "p99": 0.891234,
      "min": 0.090838,
      "max": 0.891448
    },
    "itl_seconds": {
      "count": 1080,
      "mean": 0.019053,
      "p50": 0.019792,
      "p95": 0.020823,
      "p99": 0.020939,
      "min": 0.015254,
      "max": 0.022688
    },
    "e2e_seconds": {
      "count": 30,
      "mean": 1.466212,
      "p50": 1.561758,
      "p95": 1.612203,
      "p99": 1.612867,
      "min": 0.80443,
      "max": 1.613086
    },
    "tpot_seconds": {
      "count": 0,
      "mean": null,
      "p50": null,
      "p95": null,
      "p99": null,
      "min": null,
      "max": null
    },
    "output_tokens": {
      "count": 0,
      "mean": null,
      "p50": null,
      "p95": null,
      "p99": null,
      "min": null,
      "max": null
    }
  },
  "errors": [],
  "results": [
    {
      "request_id": 0,
      "ttft_seconds": 0.09083806001581252,
      "itl_seconds": [
        0.01990485,
        0.0196185,
        0.02075115,
        0.01967268,
        0.01535925,
        0.02070887,
        0.01963471,
        0.01979517,
        0.01646946,
        0.01962889,
        0.01985713,
        0.01966408,
        0.0207394,
        0.01536774,
        0.01985584,
        0.02064887,
        0.01971592,
        0.01974119,
        0.01643758,
        0.01963349,
        0.01983446,
        0.0196726,
        0.02005457,
        0.01636929,
        0.01973815,
        0.0196368,
        0.01995081,
        0.02070021,
        0.01533457,
        0.0196673,
        0.02094832,
        0.01992034,
        0.02023821,
        0.01660331,
        0.01985654,
        0.01981347
      ],
      "e2e_seconds": 0.804429590003565,
      "output_characters": 61,
      "output_tokens": null,
      "tpot_seconds": null
    },
    {
      "request_id": 1,
      "ttft_seconds": 0.10995640000328422,
      "itl_seconds": [
        0.01962012,
        0.02075284,
        0.0196609,
        0.01536884,
        0.02070935,
        0.01963528,
        0.01979231,
        0.01647065,
        0.01963017,
        0.01985538,
        0.01966655,
        0.02073981,
        0.01536756,
        0.01979731,
        0.02077196,
        0.01959715,
        0.01972854,
        0.0164348,
        0.01965072,
        0.0198336,
        0.0196807,
        0.02004304,
        0.01642287,
        0.01968647,
        0.01963842,
        0.01993929,
        0.02070884,
        0.0153316,
        0.01967041,
        0.02091424,
        0.01995339,
        0.02025137,
        0.01659112,
        0.01985739,
        0.01983142,
        0.02201398
      ],
      "e2e_seconds": 0.8416998699831311,
      "output_characters": 61,
      "output_tokens": null,
      "tpot_seconds": null
    },
    {
      "request_id": 2,
      "ttft_seconds": 0.10893113000201993,
      "itl_seconds": [
        0.01962253,
        0.02073171,
        0.01969268,
        0.01535256,
        0.02072279,
        0.01963538,
        0.0197864,
        0.01645033,
        0.01965414,
        0.01985683,
        0.01966313,
        0.02073788,
        0.01536899,
        0.01980219,
        0.02072706,
        0.01964595,
        0.01972843,
        0.01643654,
        0.01964086,
        0.01984155,
        0.01968048,
        0.02004727,
        0.01641938,
        0.01967968,
        0.01964736,
        0.01993756,
        0.02070504,
        0.01535435,
        0.01965369,
        0.02087134,
        0.01999163,
        0.02025514,
        0.0165889,
        0.01985433,
        0.019834,
        0.02199399
      ],
      "e2e_seconds": 0.8399448999844026,
      "output_characters": 61,
      "output_tokens": null,
      "tpot_seconds": null
    },
    {
      "request_id": 3,
      "ttft_seconds": 0.10877632000483572,
      "itl_seconds": [
        0.0195671,
        0.02075017,
        0.01967315,
        0.01537363,
        0.02073752,
        0.01960531,
        0.01979173,
        0.01647767,
        0.01962739,
        0.01983986,
        0.01968286,
        0.02073784,
        0.01536572,
        0.01975316,
        0.02065886,
        0.0197099,
        0.01973086,
        0.01644457,
        0.01963797,
        0.01983454,
        0.01968147,
        0.02004301,
        0.0164533,
        0.01965345,
        0.0196393,
        0.01995036,
        0.02069887,
        0.01534636,
        0.01965267,
        0.02096215,
        0.01990738,
        0.02025136,
        0.01659052,
        0.0198579,
        0.01982719,
        0.0220636
      ],
      "e2e_seconds": 0.8400530100043397,
      "output_characters": 61,
      "output_tokens": null,
      "tpot_seconds": null
    },
    {
      "request_id": 4,
      "ttft_seconds": 0.8711615799984429,
      "itl_seconds": [
        0.02079768,
        0.01536533,
        0.01965005,
        0.02073482,
        0.02072878,
        0.01536361,
        0.01963998,
        0.01989144,
        0.02072236,
        0.01537288,
        0.01964636,
        0.01980367,
        0.0199629,
        0.01642175,
        0.01965837,
        0.02084427,
        0.01953467,
        0.01535238,
        0.0198217,
        0.0207024,
        0.0196377,
        0.01534515,
        0.02069922,
        0.01963003,
        0.01965196,
        0.01642519,
        0.01985253,
        0.01979845,
        0.01994509,
        0.01642022,
        0.01964522,
        0.01962611,
        0.02070211,
        0.01534991,
        0.01966033,
        0.01976771
      ],
      "e2e_seconds": 1.575638540001819,
      "output_characters": 61,
      "output_tokens": null,
      "tpot_seconds": null
    },
    {
      "request_id": 5,
      "ttft_seconds": 0.8914480300154537,
      "itl_seconds": [
        0.01528571,
        0.0196297,
        0.02087761,
        0.02060931,
        0.01539392,
        0.01958877,
        0.01989308,
        0.02077952,
        0.01534221,
        0.01962627,
        0.0198012,
        0.01991522,
        0.01645372,
        0.01966199,
        0.02073979,
        0.01960366,
        0.01536436,
        0.019808,
        0.02071342,
        0.01956795,
        0.0153996,
        0.02070602,
        0.01963536,
        0.01967872,
        0.01641898,
        0.0198283,
        0.01980559,
        0.01993149,
        0.01639207,
        0.01965674,
        0.01964285,
        0.02070245,
        0.01535292,
        0.01968493,
        0.01977303,
        0.02261542
      ],
      "e2e_seconds": 1.613085940014571,
      "output_characters": 61,
      "output_tokens": null,
      "tpot_seconds": null
    },
    {
      "request_id": 6,
      "ttft_seconds": 0.8907102300145198,
      "itl_seconds": [
        0.01538829,
        0.0196465,
        0.02084884,
        0.02061774,
        0.01539151,
        0.0196029,
        0.01988545,
        0.02079159,
        0.01530941,
        0.01964866,
        0.0198002,
        0.01993259,
        0.01645408,
        0.01966196,
        0.02083629,
        0.01957737,
        0.01537587,
        0.01980468,
        0.02071616,
        0.01959811,
        0.01535803,
        0.02070592,
        0.01964879,
        0.01959514,
        0.01640085,
        0.01992938,
        0.01980341,
        0.01993255,
        0.01644484,
        0.01960941,
        0.01962591,
        0.02070264,
        0.01535277,
        0.01961544,
        0.01977157,
        0.02268829
      ],
      "e2e_seconds": 1.6120451799943112,
      "output_characters": 61,
      "output_tokens": null,
      "tpot_seconds": null
    },
    {
      "request_id": 7,
      "ttft_seconds": 0.8902552000072319,
      "itl_seconds": [
        0.01527496,
        0.01964752,
        0.02085016,
        0.02061898,
        0.01539202,
        0.01960359,
        0.01988379,
        0.02078265,
        0.01531715,
        0.01964826,
        0.01980144,
        0.01993336,
        0.01645356,
        0.01966241,
        0.02066187,
        0.01971157,
        0.01534945,
        0.01982071,
        0.02070002,
        0.01966789,
        0.01529496,
        0.02072319,
        0.01963641,
        0.01964607,
        0.01640019,
        0.01988013,
        0.01979211,
        0.0199451,
        0.01648461,
        0.01956346,
        0.01964226,
        0.02070649,
        0.01535394,
        0.01964275,
        0.01977229,
        0.02265711
      ],
      "e2e_seconds": 1.61233263000031,
      "output_characters": 61,
      "output_tokens": null,
      "tpot_seconds": null
    },
    {
      "request_id": 8,
      "ttft_seconds": 0.8431032900116406,
      "itl_seconds": [
        0.02016859,
        0.01981359,
        0.01643581,
        0.01964921,
        0.01973693,
        0.01993454,
        0.01638998,
        0.01975195,
        0.01981666,
        0.01983312,
        0.01998662,
        0.01549632,
        0.01990619,
        0.02007334,
        0.02089765,
        0.01552866,
        0.01990348,
        0.02095648,
        0.01984806,
        0.01567736,
        0.01999903,
        0.01984075,
        0.01990305,
        0.0166889,
        0.01975192,
        0.01982633,
        0.01978785,
        0.01547569,
        0.02011954,
        0.01983877,
        0.01995478,
        0.02013711,
        0.01572233,
        0.02004406,
        0.02090035,
        0.01984674
      ],
      "e2e_seconds": 1.5479160600225441,
      "output_characters": 61,
      "output_tokens": null,
      "tpot_seconds": null
    },
    {
      "request_id": 9,
      "ttft_seconds": 0.8252936800126918,
      "itl_seconds": [
        0.01977618,
        0.01645035,
        0.01953079,
        0.01985289,
        0.0199185,
        0.01640987,
        0.01974225,
        0.01981023,
        0.01985942,
        0.01995903,
        0.01552571,
        0.01990629,
        0.02005446,
        0.02089847,
        0.01541758,
        0.02002114,
        0.02085685,
        0.01985399,
        0.01576629,
        0.01990963,
        0.01983735,
        0.01998168,
        0.01662274,
        0.01973218,
        0.01983652,
        0.0198637,
        0.015475,
        0.02003805,
        0.01983222,
        0.01997618,
        0.02021813,
        0.01562366,
        0.02013774,
        0.02081297,
        0.0198575,
        0.01718541
      ],
      "e2e_seconds": 1.5530372899957001,
      "output_characters": 61,
      "output_tokens": null,
      "tpot_seconds": null
    },
    {
      "request_id": 10,
      "ttft_seconds": 0.8252929300069809,
      "itl_seconds": [
        0.01982609,
        0.01642955,
        0.0196453,
        0.01975487,
        0.01994613,
        0.0164249,
        0.01967646,
        0.01983395,
        0.01982707,
        0.01996699,
        0.01551296,
        0.01992959,
        0.02007444,
        0.02089971,
        0.01549829,
        0.01996365,
        0.02088756,
        0.01984592,
        0.01573058,
        0.01994621,
        0.01983626,
        0.01995958,
        0.01657214,
        0.01983424,
        0.01981317,
        0.01982293,
        0.01550334,
        0.02000546,
        0.01984335,
        0.01999414,
        0.02017716,
        0.01566393,
        0.02001883,
        0.02092297,
        0.01984047,
        0.01717136
      ],
      "e2e_seconds": 1.5527841699949931,
      "output_characters": 61,
      "output_tokens": null,
      "tpot_seconds": null
    },
    {
      "request_id": 11,
      "ttft_seconds": 0.8250142099859659,
      "itl_seconds": [
        0.0198209,
        0.0164386,
        0.01965115,
        0.01973513,
        0.01993459,
        0.01639141,
        0.01974808,
        0.01981689,
        0.01983328,
        0.01998703,
        0.01549657,
        0.01990687,
        0.02007428,
        0.0208969,
        0.01546128,
        0.01996706,
        0.02091029,
        0.01985337,
        0.01571685,
        0.01996014,
        0.01982637,
        0.01995769,
        0.01666071,
        0.01972916,
        0.0198356,
        0.01979886,
        0.01550644,
        0.02007289,
        0.01983164,
        0.01997502,
        0.02016419,
        0.01567427,
        0.02009675,
        0.02084626,
        0.01986751,
        0.01714012
      ],
      "e2e_seconds": 1.5532160800066777,
      "output_characters": 61,
      "output_tokens": null,
      "tpot_seconds": null
    },
    {
      "request_id": 12,
      "ttft_seconds": 0.8532641500059981,
      "itl_seconds": [
        0.02077895,
        0.01537611,
        0.01964459,
        0.02071904,
        0.01964861,
        0.01535325,
        0.02074924,
        0.01966904,
        0.02082168,
        0.01535102,
        0.01962582,
        0.01963179,
        0.02067019,
        0.01961686,
        0.01639164,
        0.01966779,
        0.01970255,
        0.02066116,
        0.01530625,
        0.02064207,
        0.01958203,
        0.01967136,
        0.01968842,
        0.01640105,
        0.01957278,
        0.02063441,
        0.01958091,
        0.0154743,
        0.02063159,
        0.01957104,
        0.02063296,
        0.01531323,
        0.01965567,
        0.01962728,
        0.0206356,
        0.01957673
      ],
      "e2e_seconds": 1.5581229199888185,
      "output_characters": 61,
      "output_tokens": null,
      "tpot_seconds": null
    },
    {
      "request_id": 13,
      "ttft_seconds": 0.8357762199884746,
      "itl_seconds": [
        0.01536003,
        0.0196486,
        0.02067794,
        0.0196424,
        0.01535223,
        0.02075924,
        0.01965612,
        0.02102864,
        0.01526357,
        0.01957076,
        0.01961503,
        0.02065144,
        0.01961152,
        0.01641842,
        0.01949676,
        0.01983457,
        0.02065284,
        0.01534527,
        0.02060131,
        0.01956187,
        0.01968643,
        0.01972394,
        0.01635175,
        0.01959673,
        0.02062828,
        0.01958049,
        0.01547579,
        0.02063238,
        0.01957922,
        0.02060329,
        0.01536555,
        0.01962183,
        0.01967307,
        0.02057173,
        0.01962473,
        0.01845854
      ],
      "e2e_seconds": 1.5628823099832516,
      "output_characters": 61,
      "output_tokens": null,
      "tpot_seconds": null
    },
    {
      "request_id": 14,
      "ttft_seconds": 0.8356435699970461,
      "itl_seconds": [
        0.0153236,
        0.0196491,
        0.02067565,
        0.01964205,
        0.01535174,
        0.02075927,
        0.0196552,
        0.02092033,
        0.01525445,
        0.01969665,
        0.01960379,
        0.02065267,
        0.01961371,
        0.0163472,
        0.01967598,
        0.01975484,
        0.02064889,
        0.01534608,
        0.0206039,
        0.01953301,
        0.01972709,
        0.01972461,
        0.01635475,
        0.01960486,
        0.02061849,
        0.01958001,
        0.01545788,
        0.02065061,
        0.01959287,
        0.02059255,
        0.0153513,
        0.01962901,
        0.01967832,
        0.02059358,
        0.01961298,
        0.01896551
      ],
      "e2e_seconds": 1.5623050300055183,
      "output_characters": 61,
      "output_tokens": null,
      "tpot_seconds": null
    },
    {
      "request_id": 15,
      "ttft_seconds": 0.8354219599859789,
      "itl_seconds": [
        0.01530147,
        0.01964928,
        0.02066459,
        0.0196523,
        0.01535124,
        0.02074826,
        0.01967286,
        0.02079319,
        0.01537196,
        0.01953234,
        0.01965971,
        0.02075115,
        0.01962528,
        0.01637039,
        0.0195768,
        0.01975639,
        0.02065099,
        0.01534573,
        0.02060305,
        0.0195932,
        0.01965478,
        0.01972457,
        0.01636921,
        0.0195874,
        0.02061931,
        0.01958162,
        0.01547293,
        0.02063497,
        0.01959154,
        0.02060889,
        0.01535083,
        0.0196277,
        0.01967999,
        0.02059267,
        0.0196003,
        0.01897538
      ],
      "e2e_seconds": 1.5627163899771404,
      "output_characters": 61,
      "output_tokens": null,
      "tpot_seconds": null
    },
    {
      "request_id": 16,
      "ttft_seconds": 0.8565338699845597,
      "itl_seconds": [
        0.02054006,
        0.01952452,
        0.01986363,
        0.01556567,
        0.01985713,
        0.02084283,
        0.01980881,
        0.01563602,
        0.01998099,
        0.02014364,
        0.01984755,
        0.01561316,
        0.02014065,
        0.01987785,
        0.02011938,
        0.02091788,
        0.01549905,
        0.01985039,
        0.01993649,
        0.01993525,
        0.01565408,
        0.02081926,
        0.01983363,
        0.01978957,
        0.0155309,
        0.02088554,
        0.01984402,
        0.02000491,
        0.01570369,
        0.02005057,
        0.02004152,
        0.02002223,
        0.01657665,
        0.01979967,
        0.01981524,
        0.01977343
      ],
      "e2e_seconds": 1.5617810299736448,
      "output_characters": 61,
      "output_tokens": null,
      "tpot_seconds": null
    },
    {
      "request_id": 17,
      "ttft_seconds": 0.8334379599837121,
      "itl_seconds": [
        0.01956495,
        0.0198686,
        0.01557079,
        0.01985676,
        0.02084135,
        0.01981123,
        0.01562997,
        0.01997895,
        0.0201497,
        0.01984781,
        0.01561547,
        0.02011858,
        0.01989642,
        0.02012456,
        0.02088564,
        0.01550084,
        0.01985184,
        0.01993828,
        0.01990538,
        0.01565486,
        0.02086906,
        0.01979048,
        0.01979454,
        0.0155439,
        0.02087117,
        0.01984482,
        0.0200059,
        0.01572223,
        0.02005045,
        0.02002088,
        0.02003855,
        0.01655947,
        0.01980161,
        0.01979977,
        0.01978884,
        0.01757271
      ],
      "e2e_seconds": 1.5653366000042297,
      "output_characters": 61,
      "output_tokens": null,
      "tpot_seconds": null
    },
    {
      "request_id": 18,
      "ttft_seconds": 0.8338526299921796,
      "itl_seconds": [
        0.01945023,
        0.01987086,
        0.01555252,
        0.01986669,
        0.02083302,
        0.01981897,
        0.01562638,
        0.01998389,
        0.02015708,
        0.01983996,
        0.01561749,
        0.02013421,
        0.01987774,
        0.02011254,
        0.02085604,
        0.01549695,
        0.019851,
        0.019938,
        0.01991878,
        0.01565639,
        0.02090433,
        0.01974559,
        0.01979369,
        0.01554434,
        0.02086982,
        0.01984454,
        0.02000586,
        0.01571839,
        0.02005061,
        0.0200248,
        0.02003635,
        0.01657786,
        0.01978426,
        0.01980981,
        0.01977898,
        0.01763022
      ],
      "e2e_seconds": 1.5659000799932983,
      "output_characters": 61,
      "output_tokens": null,
      "tpot_seconds": null
    },
    {
      "request_id": 19,
      "ttft_seconds": 0.8331901899946388,
      "itl_seconds": [
        0.0196053,
        0.01989271,
        0.01554914,
        0.0198579,
        0.02086341,
        0.01978584,
        0.01563251,
        0.01999825,
        0.02013199,
        0.01984898,
        0.01561895,
        0.02009868,
        0.01990876,
        0.02013332,
        0.0208804,
        0.01549711,
        0.01984613,
        0.01994352,
        0.01989156,
        0.01566852,
        0.02086529,
        0.0197966,
        0.01979584,
        0.01553864,
        0.02087114,
        0.01984669,
        0.02000717,
        0.01571852,
        0.02005564,
        0.02001942,
        0.02003828,
        0.01655634,
        0.01980227,
        0.01979751,
        0.01979347,
        0.01756594
      ],
      "e2e_seconds": 1.5646937499986961,
      "output_characters": 61,
      "output_tokens": null,
      "tpot_seconds": null
    },
    {
      "request_id": 20,
      "ttft_seconds": 0.8556880500109401,
      "itl_seconds": [
        0.01559479,
        0.01989897,
        0.01999571,
        0.0197806,
        0.0164581,
        0.01967378,
        0.01967757,
        0.02075417,
        0.0153848,
        0.02075232,
        0.01967059,
        0.0199076,
        0.01571324,
        0.02071038,
        0.01968014,
        0.01984706,
        0.01546499,
        0.02073809,
        0.01968894,
        0.0196817,
        0.01966768,
        0.01966129,
        0.02069702,
        0.01536462,
        0.02072291,
        0.01966977,
        0.01975625,
        0.01645219,
        0.02034143,
        0.01982397,
        0.01969989,
        0.01997356,
        0.01646549,
        0.01968487,
        0.01966448,
        0.02082216
      ],
      "e2e_seconds": 1.5617359500029124,
      "output_characters": 61,
      "output_tokens": null,
      "tpot_seconds": null
    },
    {
      "request_id": 21,
      "ttft_seconds": 0.8280888099980075,
      "itl_seconds": [
        0.0198171,
        0.01998943,
        0.01981534,
        0.01642286,
        0.01967028,
        0.01968503,
        0.02074518,
        0.01539089,
        0.02075108,
        0.01966932,
        0.01990664,
        0.01575329,
        0.02069614,
        0.01965555,
        0.01971868,
        0.01559779,
        0.0207375,
        0.01966075,
        0.01970979,
        0.01963952,
        0.01968871,
        0.02066955,
        0.01536413,
        0.02072301,
        0.01969031,
        0.01975876,
        0.01642882,
        0.02037465,
        0.01981304,
        0.01967237,
        0.01997387,
        0.01649002,
        0.01967973,
        0.01970536,
        0.02078332,
        0.01835362
      ],
      "e2e_seconds": 1.5622853800014127,
      "output_characters": 61,
      "output_tokens": null,
      "tpot_seconds": null
    },
    {
      "request_id": 22,
      "ttft_seconds": 0.8285545200051274,
      "itl_seconds": [
        0.01978029,
        0.02003665,
        0.01970636,
        0.01651538,
        0.01968667,
        0.01968264,
        0.02074435,
        0.01538395,
        0.02074635,
        0.01968279,
        0.01991405,
        0.01562358,
        0.02069232,
        0.01976517,
        0.01975786,
        0.01552765,
        0.02074067,
        0.01969297,
        0.01967707,
        0.01966195,
        0.01966625,
        0.02068978,
        0.01534268,
        0.0207562,
        0.0196595,
        0.0197577,
        0.01645999,
        0.02036823,
        0.01981656,
        0.01972202,
        0.01992115,
        0.01646611,
        0.0196866,
        0.01969885,
        0.02078347,
        0.01839531
      ],
      "e2e_seconds": 1.562616409995826,
      "output_characters": 61,
      "output_tokens": null,
      "tpot_seconds": null
    },
    {
      "request_id": 23,
      "ttft_seconds": 0.8281694599718321,
      "itl_seconds": [
        0.01997128,
        0.01994223,
        0.01980748,
        0.01642656,
        0.01966975,
        0.01968503,
        0.02074414,
        0.01539791,
        0.02074733,
        0.01966812,
        0.01990646,
        0.01575518,
        0.0206926,
        0.01965687,
        0.01983081,
        0.01551371,
        0.02075794,
        0.01967521,
        0.01969442,
        0.01964424,
        0.01968272,
        0.02067362,
        0.01536408,
        0.02067631,
        0.01973581,
        0.01973921,
        0.01646109,
        0.02042604,
        0.0197918,
        0.01959109,
        0.02002833,
        0.01646528,
        0.01969972,
        0.0196854,
        0.02080259,
        0.01874729
      ],
      "e2e_seconds": 1.5619059199816547,
      "output_characters": 61,
      "output_tokens": null,
      "tpot_seconds": null
    },
    {
      "request_id": 24,
      "ttft_seconds": 0.8583390999992844,
      "itl_seconds": [
        0.01669539,
        0.01968257,
        0.01959274,
        0.02076052,
        0.01979983,
        0.01544544,
        0.01993904,
        0.02006055,
        0.02001165,
        0.01558516,
        0.02014282,
        0.02000537,
        0.01986958,
        0.01668954,
        0.01986714,
        0.02011498,
        0.01998866,
        0.01570487,
        0.0200367,
        0.02006897,
        0.02001731,
        0.01583979,
        0.02086665,
        0.0199339,
        0.02092432,
        0.01549974,
        0.01980647,
        0.01989838,
        0.01661736,
        0.02003042,
        0.0200112,
        0.02006495,
        0.01659293,
        0.01991237,
        0.01980541,
        0.02080596
      ],
      "e2e_seconds": 1.5622184000094421,
      "output_characters": 61,
      "output_tokens": null,
      "tpot_seconds": null
    },
    {
      "request_id": 25,
      "ttft_seconds": 0.827959890011698,
      "itl_seconds": [
        0.01965176,
        0.01959568,
        0.02078261,
        0.01979461,
        0.01542463,
        0.01993784,
        0.0200607,
        0.02001501,
        0.01559598,
        0.02014049,
        0.01999472,
        0.01986886,
        0.01669064,
        0.01996559,
        0.01994271,
        0.0200605,
        0.01563448,
        0.02003742,
        0.02005975,
        0.02002603,
        0.01582626,
        0.02095055,
        0.01984809,
        0.0209242,
        0.01551508,
        0.0197845,
        0.01999006,
        0.0166182,
        0.01995747,
        0.0200152,
        0.02013387,
        0.01660195,
        0.0198231,
        0.01980703,
        0.02088438,
        0.01710844
      ],
      "e2e_seconds": 1.555958679993637,
      "output_characters": 61,
      "output_tokens": null,
      "tpot_seconds": null
    },
    {
      "request_id": 26,
      "ttft_seconds": 0.8275189700070769,
      "itl_seconds": [
        0.01964149,
        0.01966394,
        0.02073414,
        0.01976275,
        0.01550814,
        0.0199713,
        0.02005741,
        0.0199819,
        0.01556835,
        0.02016054,
        0.02000792,
        0.01989771,
        0.01658506,
        0.01993675,
        0.02003619,
        0.02001604,
        0.01572711,
        0.02003389,
        0.02006104,
        0.02002987,
        0.01582187,
        0.02089368,
        0.0198349,
        0.02090363,
        0.01551726,
        0.01981697,
        0.02002784,
        0.01657792,
        0.02002031,
        0.02000854,
        0.02011147,
        0.01657676,
        0.01982771,
        0.01981029,
        0.02089246,
        0.01712051
      ],
      "e2e_seconds": 1.5555862600158434,
      "output_characters": 61,
      "output_tokens": null,
      "tpot_seconds": null
    },
    {
      "request_id": 27,
      "ttft_seconds": 0.8273452100111172,
      "itl_seconds": [
        0.01969967,
        0.01960021,
        0.02074098,
        0.01981671,
        0.01544859,
        0.01994102,
        0.02005765,
        0.02001155,
        0.01558722,
        0.02014175,
        0.02000543,
        0.01987091,
        0.01668719,
        0.01986181,
        0.02008385,
        0.02002854,
        0.01566745,
        0.02003741,
        0.0200598,
        0.02000592,
        0.01584718,
        0.02086323,
        0.01991833,
        0.02093678,
        0.01549563,
        0.01980901,
        0.01994349,
        0.01661801,
        0.01998147,
        0.02003773,
        0.02008176,
        0.01659923,
        0.01987729,
        0.01980453,
        0.02085009,
        0.01709597
      ],
      "e2e_seconds": 1.5554161600011867,
      "output_characters": 61,
      "output_tokens": null,
      "tpot_seconds": null
    },
    {
      "request_id": 28,
      "ttft_seconds": 0.8526987000077497,
      "itl_seconds": [
        0.01545931,
        0.02057983,
        0.01629537,
        0.01997077,
        0.01642596,
        0.01971502,
        0.01643444,
        0.02074936,
        0.01560522,
        0.0207562,
        0.01643214,
        0.01968351,
        0.01642944,
        0.01989742,
        0.02075729,
        0.01991881,
        0.02074341,
        0.01967096,
        0.01966124,
        0.01641866,
        0.02079293,
        0.01650047,
        0.0207848,
        0.01643912,
        0.01990759,
        0.0164221,
        0.02074746,
        0.01642599,
        0.01968073,
        0.02074621,
        0.01641305,
        0.01965547,
        0.01642228,
        0.02073968,
        0.01641413,
        0.01993792
      ],
      "e2e_seconds": 1.5404166800144594,
      "output_characters": 61,
      "output_tokens": null,
      "tpot_seconds": null
    },
    {
      "request_id": 29,
      "ttft_seconds": 0.8248406400089152,
      "itl_seconds": [
        0.02055689,
        0.01626754,
        0.01999156,
        0.01641533,
        0.01970101,
        0.01644102,
        0.0207462,
        0.01560488,
        0.02076326,
        0.01650052,
        0.01960545,
        0.01642909,
        0.01989635,
        0.02076456,
        0.01990904,
        0.02075279,
        0.01966718,
        0.01966027,
        0.01642093,
        0.02079076,
        0.01651611,
        0.02074942,
        0.01643875,
        0.01992807,
        0.01639962,
        0.02079317,
        0.0164198,
        0.01967381,
        0.02073505,
        0.01640992,
        0.01966009,
        0.01641933,
        0.0207393,
        0.01639433,
        0.01995801,
        0.018116
      ],
      "e2e_seconds": 1.5183074699889403,
      "output_characters": 61,
      "output_tokens": null,
      "tpot_seconds": null
    }
  ],
  "metric_definitions": {
    "ttft_seconds": "request start to first non-empty text delta",
    "itl_seconds": "inter-token latency between consecutive text deltas",
    "e2e_seconds": "request start to stream completion",
    "tpot_seconds": "first delta to completion divided by output units",
    "request_throughput": "successful requests per second"
  }
}
