{
  "schema_version": 1,
  "created_at": "2026-08-07T22:50:39+00:00",
  "model": "openbmb/MiniCPM-o-4_5",
  "base_url": "http://127.0.0.1:8091/v1",
  "requests": 30,
  "successes": 30,
  "failures": 0,
  "timeouts": 0,
  "http_status_distribution": {},
  "success_rate": 1.0,
  "wall_seconds": 6.572049,
  "request_throughput": 4.564787,
  "run_metadata": {
    "model": "openbmb/MiniCPM-o-4_5",
    "base_url": "http://127.0.0.1:8091/v1",
    "requests": 30,
    "concurrency": 4,
    "warmup_requests": 5,
    "prompt_sha256": "737f4c53ccc7682f",
    "python_version": "3.12",
    "schema_version": 1,
    "created_at": "2026-08-07T22:50:39+00:00"
  },
  "distributions": {
    "ttft_seconds": {
      "count": 30,
      "mean": 0.09657,
      "p50": 0.095347,
      "p95": 0.108339,
      "p99": 0.109093,
      "min": 0.0883,
      "max": 0.109291
    },
    "itl_seconds": {
      "count": 1080,
      "mean": 0.019468,
      "p50": 0.019817,
      "p95": 0.020768,
      "p99": 0.021158,
      "min": 0.015195,
      "max": 0.032688
    },
    "e2e_seconds": {
      "count": 30,
      "mean": 0.820593,
      "p50": 0.820056,
      "p95": 0.836301,
      "p99": 0.837106,
      "min": 0.805323,
      "max": 0.837388
    },
    "tpot_seconds": {
      "count": 0,
      "mean": null,
      "p50": null,
      "p95": null,
      "p99": null,
      "min": null,
      "max": null
    },
    "output_tokens": {
      "count": 0,
      "mean": null,
      "p50": null,
      "p95": null,
      "p99": null,
      "min": null,
      "max": null
    }
  },
  "errors": [],
  "results": [
    {
      "request_id": 0,
      "ttft_seconds": 0.08829975000116974,
      "itl_seconds": [
        0.02094708,
        0.02069136,
        0.01535829,
        0.0207898,
        0.01963825,
        0.02068469,
        0.01542575,
        0.0206829,
        0.01964696,
        0.02076877,
        0.01962818,
        0.020728,
        0.01958299,
        0.01982184,
        0.01636956,
        0.02090244,
        0.02055344,
        0.02065455,
        0.01555147,
        0.01978458,
        0.01964076,
        0.02068076,
        0.02064134,
        0.02069035,
        0.02063893,
        0.01974428,
        0.01641663,
        0.02082035,
        0.02054022,
        0.01965922,
        0.02077286,
        0.01983247,
        0.0196533,
        0.01959459,
        0.01643315,
        0.02067184
      ],
      "e2e_seconds": 0.8141513599839527,
      "output_characters": 61,
      "output_tokens": null,
      "tpot_seconds": null
    },
    {
      "request_id": 1,
      "ttft_seconds": 0.10860791002050973,
      "itl_seconds": [
        0.02061108,
        0.01524845,
        0.02075536,
        0.01965852,
        0.02068421,
        0.01542622,
        0.02067983,
        0.01964137,
        0.0207793,
        0.01962071,
        0.02071587,
        0.01961916,
        0.01980002,
        0.01637659,
        0.02091604,
        0.02064038,
        0.02065005,
        0.01555809,
        0.01976233,
        0.01966116,
        0.02065515,
        0.02066481,
        0.0206877,
        0.02063832,
        0.0197244,
        0.0163575,
        0.02090615,
        0.02051453,
        0.01956116,
        0.02089054,
        0.01981173,
        0.01965179,
        0.01962294,
        0.01643366,
        0.02065178,
        0.02111472
      ],
      "e2e_seconds": 0.837388270010706,
      "output_characters": 61,
      "output_tokens": null,
      "tpot_seconds": null
    },
    {
      "request_id": 2,
      "ttft_seconds": 0.10801083000842482,
      "itl_seconds": [
        0.02067872,
        0.01532599,
        0.02071477,
        0.01966859,
        0.02068551,
        0.01543126,
        0.02067493,
        0.01963408,
        0.02077813,
        0.01962809,
        0.02071057,
        0.01962482,
        0.01979989,
        0.01640948,
        0.02072057,
        0.02067922,
        0.02067753,
        0.0155498,
        0.01983516,
        0.01960891,
        0.02066926,
        0.02066316,
        0.02069285,
        0.02066486,
        0.0197349,
        0.01639063,
        0.02067183,
        0.02068227,
        0.01960856,
        0.02085698,
        0.01981605,
        0.01962374,
        0.01961841,
        0.01639959,
        0.0206707,
        0.02114024
      ],
      "e2e_seconds": 0.8361599700001534,
      "output_characters": 61,
      "output_tokens": null,
      "tpot_seconds": null
    },
    {
      "request_id": 3,
      "ttft_seconds": 0.10791258999961428,
      "itl_seconds": [
        0.02065654,
        0.01524934,
        0.0207554,
        0.01965851,
        0.0206858,
        0.01542631,
        0.02068003,
        0.01963381,
        0.02077948,
        0.01962273,
        0.02071813,
        0.01962053,
        0.01980012,
        0.01637807,
        0.02090143,
        0.02059664,
        0.02063853,
        0.01556658,
        0.01978629,
        0.01964047,
        0.02068079,
        0.02059635,
        0.02071972,
        0.02065442,
        0.01974364,
        0.01638662,
        0.02084653,
        0.02052673,
        0.01960955,
        0.02084161,
        0.01981668,
        0.01966821,
        0.01959518,
        0.0164323,
        0.02065474,
        0.02109956
      ],
      "e2e_seconds": 0.8364161899953615,
      "output_characters": 61,
      "output_tokens": null,
      "tpot_seconds": null
    },
    {
      "request_id": 4,
      "ttft_seconds": 0.09997051002574153,
      "itl_seconds": [
        0.01990527,
        0.01956847,
        0.01984453,
        0.01638581,
        0.0207447,
        0.01957264,
        0.02065333,
        0.02071979,
        0.01647188,
        0.01970065,
        0.02069312,
        0.01965032,
        0.01964293,
        0.02066875,
        0.01637544,
        0.0195869,
        0.01979947,
        0.02073171,
        0.02086487,
        0.01638601,
        0.01967902,
        0.02060106,
        0.01976168,
        0.01965896,
        0.02075815,
        0.01954715,
        0.01646532,
        0.0205434,
        0.0199474,
        0.01961956,
        0.02061986,
        0.01647672,
        0.01954982,
        0.02066566,
        0.01957302,
        0.02071477
      ],
      "e2e_seconds": 0.8232801200065296,
      "output_characters": 61,
      "output_tokens": null,
      "tpot_seconds": null
    },
    {
      "request_id": 5,
      "ttft_seconds": 0.09619621001183987,
      "itl_seconds": [
        0.01958422,
        0.01984758,
        0.01638427,
        0.02067486,
        0.01965873,
        0.02067932,
        0.02069342,
        0.01644512,
        0.01972788,
        0.02067333,
        0.01964124,
        0.01967296,
        0.02066714,
        0.01636161,
        0.01962692,
        0.01988429,
        0.02065552,
        0.0208465,
        0.01638593,
        0.01967863,
        0.02070213,
        0.01975542,
        0.0196586,
        0.02061889,
        0.01961083,
        0.0163909,
        0.02071343,
        0.01982405,
        0.01979836,
        0.02045991,
        0.01644436,
        0.019585,
        0.02065272,
        0.01958872,
        0.02071451,
        0.02105891
      ],
      "e2e_seconds": 0.8243971000192687,
      "output_characters": 61,
      "output_tokens": null,
      "tpot_seconds": null
    },
    {
      "request_id": 6,
      "ttft_seconds": 0.09604934000526555,
      "itl_seconds": [
        0.01955231,
        0.01984505,
        0.01638422,
        0.02067439,
        0.01965947,
        0.02072108,
        0.02064935,
        0.01644932,
        0.01972617,
        0.02067259,
        0.01964164,
        0.01967158,
        0.02066727,
        0.01636944,
        0.0196842,
        0.01981829,
        0.02068554,
        0.02088311,
        0.01639364,
        0.01966835,
        0.02063693,
        0.01978017,
        0.01965624,
        0.02060617,
        0.01963033,
        0.01637494,
        0.02063416,
        0.01994736,
        0.01966544,
        0.02059793,
        0.0164569,
        0.01958089,
        0.02063169,
        0.01958939,
        0.02071536,
        0.02105425
      ],
      "e2e_seconds": 0.8238346700090915,
      "output_characters": 61,
      "output_tokens": null,
      "tpot_seconds": null
    },
    {
      "request_id": 7,
      "ttft_seconds": 0.0957448800036218,
      "itl_seconds": [
        0.01958767,
        0.01984923,
        0.01639211,
        0.02066829,
        0.01965706,
        0.02067295,
        0.02069127,
        0.01641175,
        0.0197588,
        0.02067733,
        0.01964408,
        0.01965778,
        0.02068265,
        0.01639677,
        0.01962407,
        0.01983658,
        0.0206719,
        0.02084903,
        0.01638752,
        0.01968201,
        0.02067306,
        0.01973461,
        0.01966166,
        0.02066773,
        0.01959992,
        0.01639679,
        0.02067442,
        0.01983692,
        0.01959151,
        0.0206877,
        0.01638993,
        0.01959972,
        0.02068026,
        0.0196033,
        0.02067559,
        0.0211007
      ],
      "e2e_seconds": 0.8231761999777518,
      "output_characters": 61,
      "output_tokens": null,
      "tpot_seconds": null
    },
    {
      "request_id": 8,
      "ttft_seconds": 0.09835764998570085,
      "itl_seconds": [
        0.01993218,
        0.01542481,
        0.01975449,
        0.01964142,
        0.02069057,
        0.020619,
        0.02070666,
        0.01558088,
        0.02068524,
        0.02069866,
        0.0199453,
        0.02013397,
        0.01645848,
        0.02070132,
        0.01946899,
        0.01952755,
        0.02071295,
        0.01988238,
        0.01637088,
        0.02056549,
        0.0206873,
        0.01965424,
        0.01968728,
        0.01637061,
        0.02061111,
        0.01962889,
        0.02062436,
        0.02079143,
        0.01662077,
        0.02064445,
        0.0197544,
        0.02065112,
        0.01957878,
        0.01632177,
        0.01985517,
        0.02063956
      ],
      "e2e_seconds": 0.8191995600063819,
      "output_characters": 61,
      "output_tokens": null,
      "tpot_seconds": null
    },
    {
      "request_id": 9,
      "ttft_seconds": 0.09370031001162715,
      "itl_seconds": [
        0.01540909,
        0.01973881,
        0.01967334,
        0.02067542,
        0.02063444,
        0.02068767,
        0.01557976,
        0.02069191,
        0.02070912,
        0.01993316,
        0.02013596,
        0.01646888,
        0.0206897,
        0.0194601,
        0.01965449,
        0.02067032,
        0.01990394,
        0.01637675,
        0.0205371,
        0.02068825,
        0.01965314,
        0.01968834,
        0.01629014,
        0.02069081,
        0.01956824,
        0.02068417,
        0.02083822,
        0.01647836,
        0.0206681,
        0.01985098,
        0.02066678,
        0.01954344,
        0.0163268,
        0.01987206,
        0.02063031,
        0.02115299
      ],
      "e2e_seconds": 0.8191616499971133,
      "output_characters": 61,
      "output_tokens": null,
      "tpot_seconds": null
    },
    {
      "request_id": 10,
      "ttft_seconds": 0.09340084000723436,
      "itl_seconds": [
        0.01544193,
        0.01973842,
        0.01967502,
        0.02067595,
        0.02063521,
        0.0206864,
        0.01557839,
        0.02068594,
        0.02070709,
        0.01993932,
        0.02013189,
        0.01647421,
        0.02069053,
        0.01945706,
        0.01965866,
        0.02060813,
        0.01989232,
        0.01639074,
        0.02056867,
        0.02067897,
        0.01965061,
        0.01969836,
        0.01631395,
        0.02066329,
        0.01959836,
        0.02066009,
        0.02077067,
        0.01643403,
        0.02077442,
        0.01979671,
        0.02068288,
        0.01955224,
        0.01633968,
        0.01983287,
        0.02065189,
        0.02114474
      ],
      "e2e_seconds": 0.8192721499945037,
      "output_characters": 61,
      "output_tokens": null,
      "tpot_seconds": null
    },
    {
      "request_id": 11,
      "ttft_seconds": 0.09296632997575216,
      "itl_seconds": [
        0.01545665,
        0.01969841,
        0.01967273,
        0.02067452,
        0.02067599,
        0.02068668,
        0.01558091,
        0.02068647,
        0.02070801,
        0.01993741,
        0.02013215,
        0.01643721,
        0.02064709,
        0.01956754,
        0.01957343,
        0.02062756,
        0.01990705,
        0.01634548,
        0.02062629,
        0.02063819,
        0.01966918,
        0.01970377,
        0.0163587,
        0.02063299,
        0.01962903,
        0.02062921,
        0.02078167,
        0.01644229,
        0.02070396,
        0.01982175,
        0.0206552,
        0.01956945,
        0.01637063,
        0.01983498,
        0.02062725,
        0.02117897
      ],
      "e2e_seconds": 0.8181258699914906,
      "output_characters": 61,
      "output_tokens": null,
      "tpot_seconds": null
    },
    {
      "request_id": 12,
      "ttft_seconds": 0.09921890997793525,
      "itl_seconds": [
        0.01592097,
        0.02066672,
        0.02067822,
        0.01952129,
        0.01970955,
        0.01634286,
        0.02070209,
        0.02061994,
        0.01958404,
        0.01988233,
        0.01984866,
        0.02047422,
        0.01638592,
        0.02056861,
        0.01978263,
        0.02060605,
        0.02061134,
        0.01955888,
        0.01638473,
        0.02060347,
        0.01990678,
        0.02058434,
        0.01638801,
        0.02054223,
        0.01989006,
        0.01958332,
        0.02055951,
        0.01961303,
        0.01955819,
        0.02064519,
        0.01637711,
        0.02057402,
        0.01964585,
        0.0207178,
        0.01636576,
        0.0195678
      ],
      "e2e_seconds": 0.8193031799746677,
      "output_characters": 61,
      "output_tokens": null,
      "tpot_seconds": null
    },
    {
      "request_id": 13,
      "ttft_seconds": 0.09064249001676217,
      "itl_seconds": [
        0.02063407,
        0.02071286,
        0.01952154,
        0.01968866,
        0.01636399,
        0.02068052,
        0.02061322,
        0.0196103,
        0.01985929,
        0.01983252,
        0.0205177,
        0.01638273,
        0.02056934,
        0.01975362,
        0.02063353,
        0.02069874,
        0.01955751,
        0.01638365,
        0.0206026,
        0.01979071,
        0.02070885,
        0.01636562,
        0.02061269,
        0.01983857,
        0.01946007,
        0.02067862,
        0.01961757,
        0.01955206,
        0.02063204,
        0.01643691,
        0.0205305,
        0.01971488,
        0.02064832,
        0.01635202,
        0.0195817,
        0.02104294
      ],
      "e2e_seconds": 0.821019819995854,
      "output_characters": 61,
      "output_tokens": null,
      "tpot_seconds": null
    },
    {
      "request_id": 14,
      "ttft_seconds": 0.09020383001188748,
      "itl_seconds": [
        0.02066345,
        0.02066144,
        0.01957463,
        0.01968756,
        0.01636849,
        0.02064132,
        0.02065353,
        0.01958066,
        0.01986131,
        0.0197109,
        0.02063717,
        0.01636129,
        0.02064161,
        0.01970403,
        0.02064933,
        0.02062733,
        0.01957074,
        0.01637101,
        0.02062495,
        0.0198408,
        0.02063193,
        0.0163737,
        0.02063172,
        0.01974044,
        0.01960419,
        0.02062549,
        0.01956522,
        0.01956189,
        0.0206342,
        0.01639729,
        0.02062248,
        0.01969703,
        0.02063142,
        0.01635461,
        0.01956424,
        0.02108993
      ],
      "e2e_seconds": 0.8199334600067232,
      "output_characters": 61,
      "output_tokens": null,
      "tpot_seconds": null
    },
    {
      "request_id": 15,
      "ttft_seconds": 0.09006409998983145,
      "itl_seconds": [
        0.0206594,
        0.02071631,
        0.01952382,
        0.01968808,
        0.01636469,
        0.02067848,
        0.02061393,
        0.01960686,
        0.01986065,
        0.01983298,
        0.0205173,
        0.01638447,
        0.02056342,
        0.01975982,
        0.02062548,
        0.02062524,
        0.01958223,
        0.01636268,
        0.02062711,
        0.01983926,
        0.02062973,
        0.01641283,
        0.02064053,
        0.01976123,
        0.01954134,
        0.02062868,
        0.01958399,
        0.01950707,
        0.02070888,
        0.01647634,
        0.02047031,
        0.01979344,
        0.02056901,
        0.01634591,
        0.01958746,
        0.02106632
      ],
      "e2e_seconds": 0.8201786199933849,
      "output_characters": 61,
      "output_tokens": null,
      "tpot_seconds": null
    },
    {
      "request_id": 16,
      "ttft_seconds": 0.0995855699875392,
      "itl_seconds": [
        0.02093618,
        0.0154323,
        0.02063687,
        0.01955635,
        0.02067165,
        0.01997848,
        0.01639491,
        0.02058199,
        0.019622,
        0.0206046,
        0.01961374,
        0.01979726,
        0.01635467,
        0.02061057,
        0.01959409,
        0.02060121,
        0.01952631,
        0.01960001,
        0.02066198,
        0.02060984,
        0.01531864,
        0.01953615,
        0.02064595,
        0.01955829,
        0.02066249,
        0.02006031,
        0.01639365,
        0.02073061,
        0.01983709,
        0.01992564,
        0.01962134,
        0.02067411,
        0.01557483,
        0.01964978,
        0.02072951,
        0.0206711
      ],
      "e2e_seconds": 0.8219979499990586,
      "output_characters": 61,
      "output_tokens": null,
      "tpot_seconds": null
    },
    {
      "request_id": 17,
      "ttft_seconds": 0.09458814997924492,
      "itl_seconds": [
        0.01539664,
        0.02068278,
        0.01955317,
        0.02067439,
        0.01995145,
        0.01642028,
        0.02057752,
        0.01958494,
        0.02064547,
        0.01959488,
        0.01979479,
        0.01635776,
        0.02060691,
        0.01960814,
        0.02069645,
        0.01956003,
        0.0195477,
        0.02067543,
        0.02061255,
        0.01531524,
        0.01952377,
        0.02065849,
        0.01956438,
        0.02053704,
        0.02009672,
        0.01651399,
        0.02067935,
        0.01988465,
        0.01987833,
        0.01963357,
        0.02059371,
        0.0157015,
        0.01964674,
        0.02067377,
        0.02073387,
        0.02132314
      ],
      "e2e_seconds": 0.820662079990143,
      "output_characters": 61,
      "output_tokens": null,
      "tpot_seconds": null
    },
    {
      "request_id": 18,
      "ttft_seconds": 0.09437087998958305,
      "itl_seconds": [
        0.01542821,
        0.02068284,
        0.0195454,
        0.02068348,
        0.0199509,
        0.01642163,
        0.02057754,
        0.01958009,
        0.02064688,
        0.01959685,
        0.01979551,
        0.01635746,
        0.0206072,
        0.01960743,
        0.0206378,
        0.01969492,
        0.01943476,
        0.02057551,
        0.02068981,
        0.01530072,
        0.01956062,
        0.02062362,
        0.01955666,
        0.02068756,
        0.02001934,
        0.01650547,
        0.02066024,
        0.01991538,
        0.019823,
        0.01962356,
        0.02065676,
        0.0156912,
        0.0196462,
        0.0206558,
        0.02075371,
        0.02124921
      ],
      "e2e_seconds": 0.8201796999783255,
      "output_characters": 61,
      "output_tokens": null,
      "tpot_seconds": null
    },
    {
      "request_id": 19,
      "ttft_seconds": 0.09411025000736117,
      "itl_seconds": [
        0.01542894,
        0.02066614,
        0.0195632,
        0.02063481,
        0.01998095,
        0.01636049,
        0.02063364,
        0.01957885,
        0.02065161,
        0.01957249,
        0.0198357,
        0.01636343,
        0.02063509,
        0.01957911,
        0.02063787,
        0.01955515,
        0.01956786,
        0.02072046,
        0.02056065,
        0.01528869,
        0.01956155,
        0.02062481,
        0.01955989,
        0.02063358,
        0.02008714,
        0.01643949,
        0.02069955,
        0.01987177,
        0.01987406,
        0.01962075,
        0.02068853,
        0.01563536,
        0.01962143,
        0.0207085,
        0.02068529,
        0.02133718
      ],
      "e2e_seconds": 0.8195158400048967,
      "output_characters": 61,
      "output_tokens": null,
      "tpot_seconds": null
    },
    {
      "request_id": 20,
      "ttft_seconds": 0.09643592999782413,
      "itl_seconds": [
        0.01994407,
        0.02066852,
        0.01555151,
        0.02085054,
        0.01981272,
        0.02069273,
        0.01638568,
        0.02071872,
        0.01985381,
        0.02070069,
        0.01636466,
        0.01965325,
        0.02069369,
        0.0198996,
        0.02070339,
        0.01646127,
        0.02065764,
        0.01966623,
        0.02058329,
        0.01651112,
        0.02061736,
        0.01962771,
        0.01960325,
        0.02068215,
        0.01962548,
        0.01640427,
        0.02065165,
        0.01991123,
        0.01956228,
        0.02066381,
        0.0196704,
        0.01644703,
        0.01959116,
        0.02067095,
        0.01992073,
        0.02061323
      ],
      "e2e_seconds": 0.8184461900091264,
      "output_characters": 61,
      "output_tokens": null,
      "tpot_seconds": null
    },
    {
      "request_id": 21,
      "ttft_seconds": 0.09193408000282943,
      "itl_seconds": [
        0.02068473,
        0.01561362,
        0.02070433,
        0.01992123,
        0.02067911,
        0.0164056,
        0.02069877,
        0.01987494,
        0.02069212,
        0.01640869,
        0.01962365,
        0.02069613,
        0.01988455,
        0.02069804,
        0.01641683,
        0.0206802,
        0.0196823,
        0.02069053,
        0.01640354,
        0.02067498,
        0.01960812,
        0.01960089,
        0.02069594,
        0.0196135,
        0.01640174,
        0.020673,
        0.01987822,
        0.01962592,
        0.02068512,
        0.01962173,
        0.01640209,
        0.01961399,
        0.02068997,
        0.01990244,
        0.0206827,
        0.02119017
      ],
      "e2e_seconds": 0.8148279000015464,
      "output_characters": 61,
      "output_tokens": null,
      "tpot_seconds": null
    },
    {
      "request_id": 22,
      "ttft_seconds": 0.09162901999661699,
      "itl_seconds": [
        0.02068179,
        0.01561683,
        0.02069858,
        0.01992126,
        0.02069225,
        0.0163653,
        0.02073792,
        0.01986538,
        0.02069284,
        0.01637855,
        0.01965231,
        0.02069463,
        0.01988342,
        0.02069691,
        0.01641832,
        0.02073063,
        0.01965794,
        0.02078012,
        0.01632506,
        0.02063682,
        0.01963167,
        0.01955426,
        0.02073201,
        0.01959991,
        0.01640172,
        0.02067881,
        0.0198757,
        0.01966521,
        0.02067053,
        0.01959563,
        0.01639641,
        0.01961909,
        0.02068723,
        0.01990379,
        0.02070982,
        0.02127786
      ],
      "e2e_seconds": 0.814938669995172,
      "output_characters": 61,
      "output_tokens": null,
      "tpot_seconds": null
    },
    {
      "request_id": 23,
      "ttft_seconds": 0.09186655998928472,
      "itl_seconds": [
        0.02064784,
        0.01564755,
        0.02066273,
        0.01991611,
        0.0206879,
        0.01636437,
        0.02073789,
        0.01987012,
        0.02069009,
        0.01637723,
        0.01965307,
        0.0206943,
        0.01988355,
        0.02069721,
        0.01643507,
        0.02076719,
        0.01966638,
        0.0206301,
        0.01647996,
        0.02061686,
        0.01961051,
        0.01961844,
        0.02066769,
        0.0196259,
        0.01640411,
        0.02065148,
        0.01985142,
        0.0196591,
        0.0206714,
        0.01962601,
        0.01637219,
        0.01968046,
        0.02067093,
        0.01992842,
        0.02068582,
        0.02122713
      ],
      "e2e_seconds": 0.8154230199870653,
      "output_characters": 61,
      "output_tokens": null,
      "tpot_seconds": null
    },
    {
      "request_id": 24,
      "ttft_seconds": 0.09669707997818477,
      "itl_seconds": [
        0.01990209,
        0.01651995,
        0.01959774,
        0.02078566,
        0.01990453,
        0.02078481,
        0.01640382,
        0.02070444,
        0.01967932,
        0.0207134,
        0.01641815,
        0.01987537,
        0.02069173,
        0.02067852,
        0.01966327,
        0.01986727,
        0.01643262,
        0.01967634,
        0.02068779,
        0.02066295,
        0.01960313,
        0.01961148,
        0.01641093,
        0.02076389,
        0.01959148,
        0.02068967,
        0.01967873,
        0.02066417,
        0.01640409,
        0.01965929,
        0.01959574,
        0.01961452,
        0.0206682,
        0.02073244,
        0.01961878,
        0.01638523
      ],
      "e2e_seconds": 0.8173681999905966,
      "output_characters": 61,
      "output_tokens": null,
      "tpot_seconds": null
    },
    {
      "request_id": 25,
      "ttft_seconds": 0.09534148999955505,
      "itl_seconds": [
        0.01632736,
        0.0196154,
        0.0207697,
        0.01992119,
        0.02068629,
        0.016462,
        0.02073994,
        0.01966893,
        0.02072691,
        0.01640455,
        0.01987705,
        0.02070421,
        0.02066713,
        0.01965066,
        0.01999707,
        0.01639513,
        0.0196084,
        0.02068805,
        0.02065246,
        0.01970151,
        0.01961154,
        0.0164088,
        0.02074732,
        0.01961479,
        0.02073362,
        0.01961018,
        0.0206829,
        0.0164043,
        0.01966142,
        0.01959537,
        0.01961599,
        0.02066754,
        0.02064303,
        0.01970721,
        0.01638527,
        0.02122145
      ],
      "e2e_seconds": 0.8213472100032959,
      "output_characters": 61,
      "output_tokens": null,
      "tpot_seconds": null
    },
    {
      "request_id": 26,
      "ttft_seconds": 0.09535255999071524,
      "itl_seconds": [
        0.01639671,
        0.01962626,
        0.02076331,
        0.01992573,
        0.02068285,
        0.01643338,
        0.02073732,
        0.01972777,
        0.02070176,
        0.01640873,
        0.01987785,
        0.02070283,
        0.02069621,
        0.01962198,
        0.01996818,
        0.01639097,
        0.01962833,
        0.02068965,
        0.02068901,
        0.01962174,
        0.01962076,
        0.01640287,
        0.02069027,
        0.01965207,
        0.02069497,
        0.01962093,
        0.0207095,
        0.01640531,
        0.01961965,
        0.01961198,
        0.01961862,
        0.02069097,
        0.02068014,
        0.01965512,
        0.01639664,
        0.02122962
      ],
      "e2e_seconds": 0.8211284299904946,
      "output_characters": 61,
      "output_tokens": null,
      "tpot_seconds": null
    },
    {
      "request_id": 27,
      "ttft_seconds": 0.0951237499830313,
      "itl_seconds": [
        0.01635891,
        0.01961766,
        0.02076831,
        0.01992221,
        0.02067867,
        0.01646873,
        0.02073845,
        0.01966716,
        0.02072904,
        0.01640618,
        0.01987769,
        0.02070463,
        0.0206654,
        0.0196512,
        0.01999758,
        0.01636598,
        0.01963239,
        0.02068779,
        0.02065533,
        0.01965037,
        0.01961163,
        0.01641131,
        0.02073571,
        0.01961923,
        0.02077642,
        0.01956725,
        0.02067245,
        0.01640166,
        0.01966421,
        0.01961037,
        0.01959341,
        0.02064606,
        0.02073819,
        0.01965694,
        0.0163682,
        0.02123353
      ],
      "e2e_seconds": 0.8216131799854338,
      "output_characters": 61,
      "output_tokens": null,
      "tpot_seconds": null
    },
    {
      "request_id": 28,
      "ttft_seconds": 0.10143791002337821,
      "itl_seconds": [
        0.03268784,
        0.02053798,
        0.01946159,
        0.01945429,
        0.01957128,
        0.01625627,
        0.01959128,
        0.01955351,
        0.02050958,
        0.01525023,
        0.0194346,
        0.01946482,
        0.01962827,
        0.01528849,
        0.0205641,
        0.01952445,
        0.0195285,
        0.01625324,
        0.01947702,
        0.01947831,
        0.02049327,
        0.01520687,
        0.0194958,
        0.01940427,
        0.0163674,
        0.01943688,
        0.02063316,
        0.01944517,
        0.01621962,
        0.01947016,
        0.01947103,
        0.01961254,
        0.01537935,
        0.01955262,
        0.020523,
        0.01947109
      ],
      "e2e_seconds": 0.8100264300010167,
      "output_characters": 61,
      "output_tokens": null,
      "tpot_seconds": null
    },
    {
      "request_id": 29,
      "ttft_seconds": 0.10929133000900038,
      "itl_seconds": [
        0.02051099,
        0.01946329,
        0.01945556,
        0.01956333,
        0.01626499,
        0.01959096,
        0.01951964,
        0.02054452,
        0.01520575,
        0.01947836,
        0.01946318,
        0.01962814,
        0.01531646,
        0.02053261,
        0.01953416,
        0.01952489,
        0.01625319,
        0.01945794,
        0.01946987,
        0.02052243,
        0.01519512,
        0.01947506,
        0.01945712,
        0.01627352,
        0.01950658,
        0.02055606,
        0.01952365,
        0.01624401,
        0.0194668,
        0.01946062,
        0.01959915,
        0.01540341,
        0.01953646,
        0.02052131,
        0.0194654,
        0.01683973
      ],
      "e2e_seconds": 0.8053225800103974,
      "output_characters": 61,
      "output_tokens": null,
      "tpot_seconds": null
    }
  ],
  "metric_definitions": {
    "ttft_seconds": "request start to first non-empty text delta",
    "itl_seconds": "inter-token latency between consecutive text deltas",
    "e2e_seconds": "request start to stream completion",
    "tpot_seconds": "first delta to completion divided by output units",
    "request_throughput": "successful requests per second"
  }
}
