{
  "schema_version": 1,
  "created_at": "2026-08-07T22:50:47+00:00",
  "model": "openbmb/MiniCPM-o-4_5",
  "base_url": "http://127.0.0.1:8091/v1",
  "requests": 30,
  "successes": 30,
  "failures": 0,
  "timeouts": 0,
  "http_status_distribution": {},
  "success_rate": 1.0,
  "wall_seconds": 6.493282,
  "request_throughput": 4.62016,
  "run_metadata": {
    "model": "openbmb/MiniCPM-o-4_5",
    "base_url": "http://127.0.0.1:8091/v1",
    "requests": 30,
    "concurrency": 8,
    "warmup_requests": 5,
    "prompt_sha256": "737f4c53ccc7682f",
    "python_version": "3.12",
    "schema_version": 1,
    "created_at": "2026-08-07T22:50:47+00:00"
  },
  "distributions": {
    "ttft_seconds": {
      "count": 30,
      "mean": 0.776832,
      "p50": 0.865341,
      "p95": 0.915629,
      "p99": 0.916542,
      "min": 0.095531,
      "max": 0.916831
    },
    "itl_seconds": {
      "count": 1080,
      "mean": 0.019585,
      "p50": 0.019826,
      "p95": 0.020966,
      "p99": 0.023221,
      "min": 0.015182,
      "max": 0.033025
    },
    "e2e_seconds": {
      "count": 30,
      "mean": 1.520665,
      "p50": 1.618846,
      "p95": 1.66582,
      "p99": 1.666706,
      "min": 0.818025,
      "max": 1.666995
    },
    "tpot_seconds": {
      "count": 0,
      "mean": null,
      "p50": null,
      "p95": null,
      "p99": null,
      "min": null,
      "max": null
    },
    "output_tokens": {
      "count": 0,
      "mean": null,
      "p50": null,
      "p95": null,
      "p99": null,
      "min": null,
      "max": null
    }
  },
  "errors": [],
  "results": [
    {
      "request_id": 0,
      "ttft_seconds": 0.09553135000169277,
      "itl_seconds": [
        0.0210025,
        0.01631013,
        0.01956148,
        0.01953928,
        0.02064483,
        0.01977215,
        0.02066734,
        0.01637868,
        0.02067278,
        0.01973364,
        0.02076124,
        0.01559433,
        0.02064923,
        0.01961895,
        0.02073309,
        0.01990567,
        0.02068523,
        0.01642406,
        0.02071637,
        0.01969751,
        0.02071863,
        0.01647767,
        0.01951929,
        0.0207955,
        0.01965275,
        0.01955489,
        0.02076142,
        0.01643329,
        0.01959755,
        0.020694,
        0.02063307,
        0.01639402,
        0.01975546,
        0.02065461,
        0.0196077,
        0.02070183
      ],
      "e2e_seconds": 0.8180249400029425,
      "output_characters": 61,
      "output_tokens": null,
      "tpot_seconds": null
    },
    {
      "request_id": 1,
      "ttft_seconds": 0.11630483000772074,
      "itl_seconds": [
        0.01628301,
        0.01958041,
        0.01964751,
        0.02064247,
        0.01978949,
        0.02065777,
        0.0163711,
        0.02066048,
        0.0197316,
        0.02076251,
        0.01561899,
        0.02061931,
        0.01962204,
        0.02073325,
        0.01984667,
        0.02066836,
        0.01642276,
        0.02067426,
        0.01971479,
        0.02072739,
        0.01647681,
        0.01962632,
        0.02067881,
        0.01966045,
        0.01965671,
        0.02066839,
        0.01645365,
        0.01959778,
        0.02069406,
        0.0206099,
        0.01641188,
        0.01973434,
        0.02065817,
        0.01960601,
        0.02069943,
        0.02151783
      ],
      "e2e_seconds": 0.8643632000021171,
      "output_characters": 61,
      "output_tokens": null,
      "tpot_seconds": null
    },
    {
      "request_id": 2,
      "ttft_seconds": 0.11477772999205627,
      "itl_seconds": [
        0.01641901,
        0.01956505,
        0.01953954,
        0.02064519,
        0.01977319,
        0.02066749,
        0.01637373,
        0.02067121,
        0.01973662,
        0.02076285,
        0.01559384,
        0.02065096,
        0.0196186,
        0.02071947,
        0.01988992,
        0.02066439,
        0.01634938,
        0.02067604,
        0.01978516,
        0.02070458,
        0.01647385,
        0.01959745,
        0.02073447,
        0.01965906,
        0.01961372,
        0.02071264,
        0.01636384,
        0.01965782,
        0.0207244,
        0.02061093,
        0.01641615,
        0.01970794,
        0.02067869,
        0.01960609,
        0.02068176,
        0.02145092
      ],
      "e2e_seconds": 0.8625861899927258,
      "output_characters": 61,
      "output_tokens": null,
      "tpot_seconds": null
    },
    {
      "request_id": 3,
      "ttft_seconds": 0.11438565998105332,
      "itl_seconds": [
        0.01637198,
        0.01958604,
        0.01957503,
        0.02064314,
        0.01981333,
        0.02063134,
        0.01637322,
        0.02070338,
        0.01973074,
        0.0207156,
        0.01560352,
        0.02068911,
        0.01960997,
        0.02068771,
        0.01992045,
        0.02067324,
        0.01645964,
        0.02067709,
        0.01965789,
        0.02070877,
        0.01641636,
        0.01967018,
        0.0206871,
        0.01967696,
        0.0196191,
        0.02069544,
        0.01640434,
        0.01960956,
        0.02067973,
        0.02068072,
        0.01642492,
        0.01970376,
        0.02067802,
        0.01960315,
        0.02068072,
        0.02143581
      ],
      "e2e_seconds": 0.8619041999918409,
      "output_characters": 61,
      "output_tokens": null,
      "tpot_seconds": null
    },
    {
      "request_id": 4,
      "ttft_seconds": 0.8980731600022409,
      "itl_seconds": [
        0.01990875,
        0.01547616,
        0.02066913,
        0.02411028,
        0.0157029,
        0.02082385,
        0.01950361,
        0.01966795,
        0.01639375,
        0.01966164,
        0.0195852,
        0.02074196,
        0.01984997,
        0.02072905,
        0.01641005,
        0.02071323,
        0.01960526,
        0.02069005,
        0.01961498,
        0.0206488,
        0.01560899,
        0.01960976,
        0.02066358,
        0.01963546,
        0.01972059,
        0.0205992,
        0.02066319,
        0.01964555,
        0.01961048,
        0.01639136,
        0.01990848,
        0.01963322,
        0.01972601,
        0.01968858,
        0.02061198,
        0.01968332
      ],
      "e2e_seconds": 1.6224160300043877,
      "output_characters": 61,
      "output_tokens": null,
      "tpot_seconds": null
    },
    {
      "request_id": 5,
      "ttft_seconds": 0.9168313599948306,
      "itl_seconds": [
        0.01546884,
        0.02068303,
        0.02411022,
        0.0156834,
        0.02079931,
        0.01953102,
        0.01965131,
        0.0164268,
        0.01962819,
        0.0195984,
        0.02072489,
        0.01987093,
        0.02071954,
        0.01643697,
        0.02070449,
        0.01958597,
        0.02077656,
        0.01961825,
        0.02066407,
        0.01561031,
        0.01953174,
        0.02072695,
        0.01964971,
        0.01964339,
        0.02067469,
        0.02064981,
        0.01965707,
        0.0195941,
        0.0163909,
        0.01992861,
        0.01963489,
        0.01970433,
        0.01968932,
        0.02063255,
        0.01968438,
        0.02233988
      ],
      "e2e_seconds": 1.666995470004622,
      "output_characters": 61,
      "output_tokens": null,
      "tpot_seconds": null
    },
    {
      "request_id": 6,
      "ttft_seconds": 0.9158347499906085,
      "itl_seconds": [
        0.0154861,
        0.02069169,
        0.02411218,
        0.01566472,
        0.02070906,
        0.0196347,
        0.01965812,
        0.01642242,
        0.01962982,
        0.01960087,
        0.0207252,
        0.01987023,
        0.02071933,
        0.01643722,
        0.02070472,
        0.01957957,
        0.02073157,
        0.01961579,
        0.0206687,
        0.01558935,
        0.01959762,
        0.0206753,
        0.01962797,
        0.01971742,
        0.02061233,
        0.02068114,
        0.01961924,
        0.01961651,
        0.01640989,
        0.01990991,
        0.019633,
        0.01970152,
        0.01969213,
        0.02063237,
        0.01966215,
        0.02233778
      ],
      "e2e_seconds": 1.6656047299911734,
      "output_characters": 61,
      "output_tokens": null,
      "tpot_seconds": null
    },
    {
      "request_id": 7,
      "ttft_seconds": 0.9153764499933459,
      "itl_seconds": [
        0.01547827,
        0.02069336,
        0.0241111,
        0.01569966,
        0.02071041,
        0.01963351,
        0.01961952,
        0.01642086,
        0.01963473,
        0.01963465,
        0.02069339,
        0.019868,
        0.02069998,
        0.01641106,
        0.02070138,
        0.01965974,
        0.02067996,
        0.01961886,
        0.02067925,
        0.01560304,
        0.0196225,
        0.02067512,
        0.01962743,
        0.01961365,
        0.0206921,
        0.02068057,
        0.01961812,
        0.01961205,
        0.01640765,
        0.01991248,
        0.01961539,
        0.01975007,
        0.01961176,
        0.02067821,
        0.0196284,
        0.02240537
      ],
      "e2e_seconds": 1.6659956299990881,
      "output_characters": 61,
      "output_tokens": null,
      "tpot_seconds": null
    },
    {
      "request_id": 8,
      "ttft_seconds": 0.8889298700087238,
      "itl_seconds": [
        0.02092372,
        0.01992198,
        0.01642239,
        0.02071556,
        0.02068903,
        0.01964013,
        0.02072645,
        0.0205218,
        0.01648972,
        0.01969463,
        0.01971958,
        0.02074122,
        0.01970043,
        0.02063056,
        0.01987995,
        0.0164343,
        0.02068811,
        0.0196875,
        0.01996126,
        0.02078353,
        0.01995381,
        0.01940724,
        0.01655464,
        0.02060237,
        0.02064353,
        0.02070882,
        0.01956514,
        0.01563613,
        0.01971945,
        0.02069059,
        0.02067399,
        0.01983166,
        0.02070744,
        0.01963957,
        0.01637931,
        0.02072642
      ],
      "e2e_seconds": 1.6157130599895027,
      "output_characters": 61,
      "output_tokens": null,
      "tpot_seconds": null
    },
    {
      "request_id": 9,
      "ttft_seconds": 0.863617199996952,
      "itl_seconds": [
        0.01992275,
        0.0164212,
        0.02070243,
        0.02069588,
        0.01963409,
        0.02063155,
        0.02069128,
        0.01642217,
        0.01970168,
        0.0197551,
        0.02069581,
        0.01964069,
        0.02069207,
        0.01989972,
        0.01643013,
        0.02069229,
        0.01961282,
        0.01998962,
        0.02071303,
        0.01981205,
        0.01964515,
        0.01641652,
        0.02067763,
        0.02068727,
        0.02070581,
        0.01962234,
        0.01556502,
        0.01969935,
        0.0206898,
        0.02069666,
        0.01985733,
        0.02068318,
        0.0196345,
        0.01640456,
        0.0207218,
        0.0212804
      ],
      "e2e_seconds": 1.6197170699888375,
      "output_characters": 61,
      "output_tokens": null,
      "tpot_seconds": null
    },
    {
      "request_id": 10,
      "ttft_seconds": 0.863620069983881,
      "itl_seconds": [
        0.01988843,
        0.01642154,
        0.02071216,
        0.02069232,
        0.01963717,
        0.02057817,
        0.02068274,
        0.01648403,
        0.01969159,
        0.01971708,
        0.02074567,
        0.01956251,
        0.02077132,
        0.0198668,
        0.01643751,
        0.02070104,
        0.01957159,
        0.01996273,
        0.02080269,
        0.01991494,
        0.01944971,
        0.01653822,
        0.02059757,
        0.02064227,
        0.02071225,
        0.01965928,
        0.01554108,
        0.01971377,
        0.02071934,
        0.02065233,
        0.01983655,
        0.02070412,
        0.01963527,
        0.01638393,
        0.02072355,
        0.02137412
      ],
      "e2e_seconds": 1.6187478999781888,
      "output_characters": 61,
      "output_tokens": null,
      "tpot_seconds": null
    },
    {
      "request_id": 11,
      "ttft_seconds": 0.8633228999970015,
      "itl_seconds": [
        0.01992627,
        0.01641971,
        0.02072153,
        0.02068208,
        0.01959379,
        0.02077939,
        0.02068086,
        0.01632138,
        0.01969875,
        0.01972303,
        0.0207405,
        0.01963488,
        0.02068981,
        0.01989933,
        0.01642558,
        0.02069427,
        0.01961619,
        0.01995716,
        0.02079581,
        0.01976517,
        0.01963494,
        0.01638907,
        0.02074797,
        0.02064322,
        0.02071238,
        0.01961556,
        0.0155649,
        0.01967291,
        0.02075996,
        0.02065359,
        0.01984976,
        0.02068779,
        0.01963507,
        0.01640604,
        0.02072418,
        0.02128655
      ],
      "e2e_seconds": 1.6189438000146765,
      "output_characters": 61,
      "output_tokens": null,
      "tpot_seconds": null
    },
    {
      "request_id": 12,
      "ttft_seconds": 0.890330409980379,
      "itl_seconds": [
        0.02086723,
        0.01990559,
        0.0196271,
        0.01994021,
        0.02074391,
        0.01641962,
        0.01975083,
        0.01953222,
        0.02072061,
        0.02070492,
        0.01563277,
        0.02066878,
        0.01989761,
        0.01984878,
        0.02067966,
        0.01964695,
        0.02062734,
        0.01644191,
        0.01962694,
        0.01980649,
        0.0206725,
        0.02068859,
        0.01556185,
        0.01963987,
        0.02075439,
        0.01986579,
        0.02066649,
        0.02076364,
        0.01639917,
        0.01981146,
        0.02067754,
        0.01983361,
        0.01982692,
        0.02065767,
        0.01639494,
        0.01961202
      ],
      "e2e_seconds": 1.6147669100027997,
      "output_characters": 61,
      "output_tokens": null,
      "tpot_seconds": null
    },
    {
      "request_id": 13,
      "ttft_seconds": 0.8650845399824902,
      "itl_seconds": [
        0.01981731,
        0.01960761,
        0.0198671,
        0.02069405,
        0.01644448,
        0.01975615,
        0.01952876,
        0.02074068,
        0.02063931,
        0.01569944,
        0.02063774,
        0.01990033,
        0.01987557,
        0.02068245,
        0.01959907,
        0.02078449,
        0.01641086,
        0.01962538,
        0.0197885,
        0.02069128,
        0.020691,
        0.0155415,
        0.01963948,
        0.02077314,
        0.01984688,
        0.02060588,
        0.0208479,
        0.01640131,
        0.01980814,
        0.02067193,
        0.01983536,
        0.01982669,
        0.02065958,
        0.01637377,
        0.01963391,
        0.02145281
      ],
      "e2e_seconds": 1.6151379399816506,
      "output_characters": 61,
      "output_tokens": null,
      "tpot_seconds": null
    },
    {
      "request_id": 14,
      "ttft_seconds": 0.8653736099950038,
      "itl_seconds": [
        0.0198855,
        0.01963041,
        0.01988698,
        0.0206942,
        0.0164273,
        0.01966556,
        0.01963213,
        0.02071305,
        0.02070321,
        0.01561886,
        0.02068616,
        0.0199014,
        0.01985615,
        0.02070283,
        0.01962137,
        0.02070726,
        0.01641165,
        0.01960849,
        0.01981243,
        0.02068766,
        0.02068744,
        0.01556773,
        0.01962693,
        0.02073271,
        0.01986687,
        0.02069219,
        0.02069586,
        0.01646824,
        0.01979608,
        0.02069675,
        0.01982974,
        0.01977067,
        0.0206886,
        0.01640407,
        0.01962615,
        0.02145797
      ],
      "e2e_seconds": 1.615184419992147,
      "output_characters": 61,
      "output_tokens": null,
      "tpot_seconds": null
    },
    {
      "request_id": 15,
      "ttft_seconds": 0.8653092999884393,
      "itl_seconds": [
        0.01985031,
        0.01955725,
        0.01991938,
        0.02069442,
        0.01644398,
        0.01975571,
        0.01953096,
        0.02073523,
        0.02064277,
        0.0156985,
        0.02063916,
        0.01990003,
        0.0198756,
        0.02068338,
        0.01967573,
        0.02070806,
        0.01635943,
        0.01960911,
        0.01980868,
        0.02068857,
        0.02068681,
        0.01556099,
        0.01964163,
        0.0207236,
        0.01987213,
        0.02065957,
        0.02076425,
        0.01643106,
        0.01978928,
        0.02069935,
        0.01980357,
        0.01983369,
        0.02065475,
        0.01640045,
        0.01963359,
        0.02145656
      ],
      "e2e_seconds": 1.6157554199744482,
      "output_characters": 61,
      "output_tokens": null,
      "tpot_seconds": null
    },
    {
      "request_id": 16,
      "ttft_seconds": 0.8889189799956512,
      "itl_seconds": [
        0.0166403,
        0.01964031,
        0.02069058,
        0.02001169,
        0.02073053,
        0.01646808,
        0.01985235,
        0.01984425,
        0.02010822,
        0.02103669,
        0.03277606,
        0.02119971,
        0.01537641,
        0.02074789,
        0.01986205,
        0.02077459,
        0.02076926,
        0.01539058,
        0.02076138,
        0.01975432,
        0.02069628,
        0.02078462,
        0.01637018,
        0.01963266,
        0.01962513,
        0.02072146,
        0.01975609,
        0.01644635,
        0.01958533,
        0.02076998,
        0.02072307,
        0.01968017,
        0.01648372,
        0.02067943,
        0.01992315,
        0.02078368
      ],
      "e2e_seconds": 1.625395529990783,
      "output_characters": 61,
      "output_tokens": null,
      "tpot_seconds": null
    },
    {
      "request_id": 17,
      "ttft_seconds": 0.8559504100121558,
      "itl_seconds": [
        0.0196023,
        0.02069173,
        0.02002397,
        0.02072506,
        0.01647028,
        0.01986799,
        0.0198387,
        0.01998467,
        0.02096605,
        0.03302473,
        0.02111473,
        0.01526563,
        0.02117985,
        0.01955278,
        0.02078279,
        0.0206613,
        0.01541238,
        0.02075869,
        0.01975261,
        0.02076459,
        0.02071817,
        0.01637155,
        0.01963504,
        0.01962447,
        0.02069944,
        0.01977886,
        0.01642503,
        0.01960617,
        0.02075142,
        0.02073406,
        0.01977222,
        0.0163817,
        0.02069766,
        0.01991165,
        0.02072518,
        0.02143386
      ],
      "e2e_seconds": 1.618354170001112,
      "output_characters": 61,
      "output_tokens": null,
      "tpot_seconds": null
    },
    {
      "request_id": 18,
      "ttft_seconds": 0.8555421199998818,
      "itl_seconds": [
        0.01964327,
        0.02069256,
        0.01999281,
        0.02074414,
        0.01647333,
        0.02002256,
        0.01983534,
        0.02004811,
        0.02093781,
        0.03277227,
        0.02120123,
        0.01538375,
        0.02072814,
        0.01987948,
        0.02076201,
        0.02072427,
        0.01541854,
        0.02073255,
        0.01976856,
        0.02073026,
        0.02074587,
        0.01638315,
        0.0196378,
        0.01960818,
        0.02069868,
        0.01978094,
        0.0164156,
        0.01961691,
        0.02075434,
        0.02074126,
        0.01967739,
        0.01647459,
        0.02062054,
        0.01997124,
        0.02083653,
        0.02126189
      ],
      "e2e_seconds": 1.617600500001572,
      "output_characters": 61,
      "output_tokens": null,
      "tpot_seconds": null
    },
    {
      "request_id": 19,
      "ttft_seconds": 0.855312989995582,
      "itl_seconds": [
        0.01964122,
        0.02069874,
        0.01998862,
        0.02072873,
        0.01643094,
        0.01990856,
        0.01982664,
        0.02006981,
        0.02085717,
        0.03287928,
        0.02132965,
        0.01536173,
        0.02075142,
        0.01988943,
        0.02072285,
        0.02073313,
        0.01543854,
        0.02072891,
        0.01973437,
        0.02079221,
        0.02072563,
        0.01640611,
        0.01961366,
        0.0196111,
        0.02069487,
        0.01978701,
        0.01641061,
        0.01962042,
        0.02074398,
        0.02070638,
        0.01974326,
        0.01641418,
        0.02068306,
        0.01989253,
        0.02083978,
        0.02131455
      ],
      "e2e_seconds": 1.6182827000156976,
      "output_characters": 61,
      "output_tokens": null,
      "tpot_seconds": null
    },
    {
      "request_id": 20,
      "ttft_seconds": 0.9000991100037936,
      "itl_seconds": [
        0.02100257,
        0.01563228,
        0.02069258,
        0.02074142,
        0.01962423,
        0.01963212,
        0.0163986,
        0.01987363,
        0.02070955,
        0.02079399,
        0.01556245,
        0.02068844,
        0.01961646,
        0.02070122,
        0.01979383,
        0.02083864,
        0.01632581,
        0.02068517,
        0.01992758,
        0.01967606,
        0.02074998,
        0.01634619,
        0.01957153,
        0.01964723,
        0.02072577,
        0.01970033,
        0.02089831,
        0.01956613,
        0.01977962,
        0.01969715,
        0.01663725,
        0.02064274,
        0.0196963,
        0.01989682,
        0.02322386,
        0.01555993
      ],
      "e2e_seconds": 1.6230571500200313,
      "output_characters": 61,
      "output_tokens": null,
      "tpot_seconds": null
    },
    {
      "request_id": 21,
      "ttft_seconds": 0.8741293200000655,
      "itl_seconds": [
        0.01560625,
        0.02070724,
        0.02072493,
        0.01963709,
        0.01963911,
        0.01639966,
        0.01986832,
        0.02072037,
        0.0207704,
        0.01557464,
        0.02069239,
        0.0196262,
        0.02068779,
        0.01980179,
        0.02078537,
        0.01641354,
        0.02081102,
        0.01973861,
        0.0197227,
        0.02070264,
        0.01640574,
        0.01965145,
        0.01965597,
        0.02063367,
        0.01970397,
        0.02082861,
        0.01978542,
        0.01963102,
        0.01970801,
        0.01659985,
        0.02078174,
        0.01959726,
        0.01983622,
        0.02323107,
        0.01554142,
        0.02164987
      ],
      "e2e_seconds": 1.6230084100097883,
      "output_characters": 61,
      "output_tokens": null,
      "tpot_seconds": null
    },
    {
      "request_id": 22,
      "ttft_seconds": 0.8744565800006967,
      "itl_seconds": [
        0.0154876,
        0.02069533,
        0.02072324,
        0.01963569,
        0.01963875,
        0.01639949,
        0.01986708,
        0.02072503,
        0.02078655,
        0.01555815,
        0.02069471,
        0.01961979,
        0.02068796,
        0.01980566,
        0.02080074,
        0.01646885,
        0.02065222,
        0.01985052,
        0.01978231,
        0.02063778,
        0.01642694,
        0.01964386,
        0.01964592,
        0.02067373,
        0.01969769,
        0.02080127,
        0.01966974,
        0.01977849,
        0.0196934,
        0.01655267,
        0.02078097,
        0.01961909,
        0.01981325,
        0.0233404,
        0.01544624,
        0.02173216
      ],
      "e2e_seconds": 1.62377818999812,
      "output_characters": 61,
      "output_tokens": null,
      "tpot_seconds": null
    },
    {
      "request_id": 23,
      "ttft_seconds": 0.8737459199910518,
      "itl_seconds": [
        0.01563585,
        0.02069817,
        0.02070726,
        0.0196658,
        0.01963069,
        0.01641193,
        0.01986211,
        0.02071693,
        0.02076725,
        0.01558013,
        0.02068785,
        0.01962903,
        0.02068532,
        0.01983234,
        0.02071432,
        0.01643263,
        0.02068855,
        0.01990831,
        0.01968059,
        0.02072596,
        0.01640536,
        0.01962333,
        0.01961873,
        0.02070428,
        0.0197118,
        0.0208091,
        0.01965338,
        0.0197526,
        0.01971179,
        0.01661522,
        0.02072039,
        0.01964144,
        0.019837,
        0.02322063,
        0.01555441,
        0.02166331
      ],
      "e2e_seconds": 1.623252989986213,
      "output_characters": 61,
      "output_tokens": null,
      "tpot_seconds": null
    },
    {
      "request_id": 24,
      "ttft_seconds": 0.884956180001609,
      "itl_seconds": [
        0.02093795,
        0.01964381,
        0.01984538,
        0.01971787,
        0.01998672,
        0.01980843,
        0.02154141,
        0.01895517,
        0.01972238,
        0.02077044,
        0.01985558,
        0.01967218,
        0.01980171,
        0.01994502,
        0.02109163,
        0.01997368,
        0.02079097,
        0.02058866,
        0.01673474,
        0.01970448,
        0.02012008,
        0.01953685,
        0.02139952,
        0.01962727,
        0.0196602,
        0.01996248,
        0.02001733,
        0.01995881,
        0.01947982,
        0.01656198,
        0.02038379,
        0.01958207,
        0.02096554,
        0.02050827,
        0.01967582,
        0.01968439
      ],
      "e2e_seconds": 1.6237318599887658,
      "output_characters": 61,
      "output_tokens": null,
      "tpot_seconds": null
    },
    {
      "request_id": 25,
      "ttft_seconds": 0.8628800000005867,
      "itl_seconds": [
        0.01965735,
        0.01975409,
        0.01978306,
        0.01995547,
        0.01980106,
        0.02080794,
        0.01971974,
        0.01971175,
        0.02079962,
        0.01971261,
        0.01973666,
        0.01987491,
        0.01986273,
        0.02112733,
        0.02003721,
        0.02073151,
        0.02066809,
        0.01665347,
        0.0196981,
        0.01987447,
        0.01976328,
        0.0213813,
        0.01969258,
        0.01961637,
        0.01998634,
        0.02002819,
        0.01982491,
        0.02020025,
        0.01622985,
        0.02003339,
        0.01974712,
        0.02079691,
        0.02051364,
        0.01974367,
        0.019626,
        0.02259773
      ],
      "e2e_seconds": 1.6258709800022189,
      "output_characters": 61,
      "output_tokens": null,
      "tpot_seconds": null
    },
    {
      "request_id": 26,
      "ttft_seconds": 0.86331934001646,
      "itl_seconds": [
        0.01960412,
        0.01967831,
        0.01987852,
        0.01997284,
        0.01964562,
        0.02175959,
        0.01890512,
        0.01972835,
        0.02078097,
        0.01967909,
        0.01966592,
        0.01999077,
        0.01981549,
        0.02124376,
        0.02001018,
        0.0206015,
        0.02069174,
        0.01665218,
        0.01968617,
        0.02013925,
        0.01951147,
        0.02137932,
        0.01966503,
        0.01965159,
        0.0199312,
        0.02002381,
        0.0199787,
        0.01987506,
        0.016181,
        0.02027402,
        0.01969086,
        0.02092609,
        0.02051783,
        0.01982743,
        0.01956491,
        0.02250083
      ],
      "e2e_seconds": 1.626331260020379,
      "output_characters": 61,
      "output_tokens": null,
      "tpot_seconds": null
    },
    {
      "request_id": 27,
      "ttft_seconds": 0.8627428800100461,
      "itl_seconds": [
        0.01964038,
        0.01984764,
        0.01971759,
        0.01998316,
        0.01980243,
        0.02152846,
        0.01894353,
        0.01975225,
        0.02076615,
        0.01985705,
        0.01965342,
        0.01981294,
        0.01989213,
        0.02110797,
        0.02014211,
        0.02060947,
        0.02064741,
        0.01665429,
        0.01973293,
        0.02009243,
        0.01953796,
        0.02137834,
        0.01968679,
        0.01964859,
        0.01982241,
        0.02032036,
        0.01976373,
        0.0198888,
        0.01646044,
        0.02014265,
        0.01946924,
        0.02100328,
        0.02048694,
        0.0197814,
        0.0196444,
        0.02250898
      ],
      "e2e_seconds": 1.625430790008977,
      "output_characters": 61,
      "output_tokens": null,
      "tpot_seconds": null
    },
    {
      "request_id": 28,
      "ttft_seconds": 0.9131568199954927,
      "itl_seconds": [
        0.02074678,
        0.01523005,
        0.01948701,
        0.01964384,
        0.02037802,
        0.01619866,
        0.01945748,
        0.02045523,
        0.01636091,
        0.01957889,
        0.01953836,
        0.019412,
        0.01549327,
        0.02086593,
        0.01953175,
        0.01542305,
        0.02062365,
        0.01990242,
        0.01626794,
        0.01947894,
        0.01959791,
        0.01965655,
        0.01958939,
        0.01529505,
        0.02054945,
        0.01956599,
        0.01628979,
        0.0194886,
        0.02054218,
        0.0152294,
        0.01942114,
        0.02055454,
        0.01553214,
        0.01960511,
        0.01948571,
        0.01957607
      ],
      "e2e_seconds": 1.6053357399941888,
      "output_characters": 61,
      "output_tokens": null,
      "tpot_seconds": null
    },
    {
      "request_id": 29,
      "ttft_seconds": 0.8870519799820613,
      "itl_seconds": [
        0.01525211,
        0.01946598,
        0.01950226,
        0.02050472,
        0.01622328,
        0.01948522,
        0.02040641,
        0.01634089,
        0.01957148,
        0.01953655,
        0.01949327,
        0.01551259,
        0.02076515,
        0.01960439,
        0.01541621,
        0.02064999,
        0.0198775,
        0.0162738,
        0.01948115,
        0.01960049,
        0.0196693,
        0.0195775,
        0.0152894,
        0.02052846,
        0.01959261,
        0.0162572,
        0.01951831,
        0.02054208,
        0.01518151,
        0.019462,
        0.02052377,
        0.01556,
        0.01961811,
        0.01948593,
        0.01960447,
        0.01802368
      ],
      "e2e_seconds": 1.5786636799748521,
      "output_characters": 61,
      "output_tokens": null,
      "tpot_seconds": null
    }
  ],
  "metric_definitions": {
    "ttft_seconds": "request start to first non-empty text delta",
    "itl_seconds": "inter-token latency between consecutive text deltas",
    "e2e_seconds": "request start to stream completion",
    "tpot_seconds": "first delta to completion divided by output units",
    "request_throughput": "successful requests per second"
  }
}
