{
  "schema_version": 1,
  "created_at": "2026-08-07T22:46:25+00:00",
  "model": "openbmb/MiniCPM-o-4_5",
  "base_url": "http://127.0.0.1:8091/v1",
  "requests": 30,
  "successes": 30,
  "failures": 0,
  "timeouts": 0,
  "http_status_distribution": {},
  "success_rate": 1.0,
  "wall_seconds": 6.405813,
  "request_throughput": 4.683246,
  "run_metadata": {
    "model": "openbmb/MiniCPM-o-4_5",
    "base_url": "http://127.0.0.1:8091/v1",
    "requests": 30,
    "concurrency": 4,
    "warmup_requests": 5,
    "prompt_sha256": "737f4c53ccc7682f",
    "python_version": "3.12",
    "schema_version": 1,
    "created_at": "2026-08-07T22:46:25+00:00"
  },
  "distributions": {
    "ttft_seconds": {
      "count": 30,
      "mean": 0.088646,
      "p50": 0.086749,
      "p95": 0.105538,
      "p99": 0.106492,
      "min": 0.081862,
      "max": 0.106829
    },
    "itl_seconds": {
      "count": 1080,
      "mean": 0.019119,
      "p50": 0.019801,
      "p95": 0.020932,
      "p99": 0.024979,
      "min": 0.015152,
      "max": 0.029022
    },
    "e2e_seconds": {
      "count": 30,
      "mean": 0.799896,
      "p50": 0.796321,
      "p95": 0.824877,
      "p99": 0.825436,
      "min": 0.781617,
      "max": 0.825628
    },
    "tpot_seconds": {
      "count": 0,
      "mean": null,
      "p50": null,
      "p95": null,
      "p99": null,
      "min": null,
      "max": null
    },
    "output_tokens": {
      "count": 0,
      "mean": null,
      "p50": null,
      "p95": null,
      "p99": null,
      "min": null,
      "max": null
    }
  },
  "errors": [],
  "results": [
    {
      "request_id": 0,
      "ttft_seconds": 0.10682931001065299,
      "itl_seconds": [
        0.01967434,
        0.01562286,
        0.02011869,
        0.02011199,
        0.02016232,
        0.01659891,
        0.01993476,
        0.02015518,
        0.02017315,
        0.01575604,
        0.0209053,
        0.02021451,
        0.02010043,
        0.01573278,
        0.02092101,
        0.0198591,
        0.02093503,
        0.01551021,
        0.01983584,
        0.0201422,
        0.02019751,
        0.02091347,
        0.016416,
        0.01962631,
        0.02067083,
        0.01959752,
        0.01639783,
        0.01959665,
        0.02493719,
        0.01636951,
        0.01960783,
        0.02047678,
        0.01962666,
        0.01640213,
        0.01960968,
        0.02224075
      ],
      "e2e_seconds": 0.8256283400114626,
      "output_characters": 61,
      "output_tokens": null,
      "tpot_seconds": null
    },
    {
      "request_id": 1,
      "ttft_seconds": 0.08534750001854263,
      "itl_seconds": [
        0.02083668,
        0.01970303,
        0.01562396,
        0.02011952,
        0.02011032,
        0.02016582,
        0.01659422,
        0.01993365,
        0.02012809,
        0.02040005,
        0.01555359,
        0.02095308,
        0.02014169,
        0.02016237,
        0.01584281,
        0.02080127,
        0.01984918,
        0.02097031,
        0.01545787,
        0.01983836,
        0.02017679,
        0.02013815,
        0.02098783,
        0.0163653,
        0.01962093,
        0.02067651,
        0.01959839,
        0.01638747,
        0.01960717,
        0.02497329,
        0.01635944,
        0.01959699,
        0.02051348,
        0.01961893,
        0.01641627,
        0.01954911
      ],
      "e2e_seconds": 0.8014924800081644,
      "output_characters": 61,
      "output_tokens": null,
      "tpot_seconds": null
    },
    {
      "request_id": 2,
      "ttft_seconds": 0.10538195000845008,
      "itl_seconds": [
        0.01964827,
        0.01567379,
        0.02009766,
        0.02007729,
        0.0201556,
        0.01659321,
        0.01993554,
        0.02012939,
        0.02040009,
        0.01555237,
        0.02095779,
        0.02013994,
        0.02015909,
        0.01575166,
        0.02094215,
        0.01986814,
        0.02091686,
        0.01550428,
        0.01980222,
        0.02014804,
        0.02019376,
        0.02095299,
        0.01639967,
        0.01957377,
        0.02070415,
        0.01963787,
        0.0163604,
        0.019605,
        0.02500383,
        0.01627933,
        0.01965353,
        0.02050103,
        0.01964157,
        0.01627811,
        0.01969254,
        0.02224361
      ],
      "e2e_seconds": 0.8249635600077454,
      "output_characters": 61,
      "output_tokens": null,
      "tpot_seconds": null
    },
    {
      "request_id": 3,
      "ttft_seconds": 0.10566480999113992,
      "itl_seconds": [
        0.01962182,
        0.01556347,
        0.02010899,
        0.02015931,
        0.02016325,
        0.01658189,
        0.01994057,
        0.02015165,
        0.02037776,
        0.01555605,
        0.02098818,
        0.02011555,
        0.02014715,
        0.01566075,
        0.02095599,
        0.01986131,
        0.02086912,
        0.01555558,
        0.01981529,
        0.0201013,
        0.02023909,
        0.02088927,
        0.01646098,
        0.01965222,
        0.02062827,
        0.01961567,
        0.01637084,
        0.01960324,
        0.02499973,
        0.01625679,
        0.01969313,
        0.02049551,
        0.01964389,
        0.01627827,
        0.01968374,
        0.02225344
      ],
      "e2e_seconds": 0.8247702500084415,
      "output_characters": 61,
      "output_tokens": null,
      "tpot_seconds": null
    },
    {
      "request_id": 4,
      "ttft_seconds": 0.0937527299975045,
      "itl_seconds": [
        0.02087127,
        0.01646843,
        0.02004986,
        0.01996651,
        0.01574349,
        0.02000046,
        0.01998733,
        0.02007805,
        0.01565984,
        0.0209309,
        0.0252079,
        0.01538114,
        0.01539789,
        0.01963994,
        0.0198674,
        0.02058362,
        0.01538149,
        0.02002886,
        0.01971674,
        0.02064416,
        0.01636691,
        0.01955979,
        0.0198181,
        0.01998358,
        0.01638259,
        0.01971932,
        0.0196114,
        0.02070767,
        0.01533777,
        0.01980653,
        0.02084581,
        0.01964543,
        0.01558337,
        0.01996007,
        0.01994638,
        0.02074822
      ],
      "e2e_seconds": 0.7967199400009122,
      "output_characters": 61,
      "output_tokens": null,
      "tpot_seconds": null
    },
    {
      "request_id": 5,
      "ttft_seconds": 0.0905673100205604,
      "itl_seconds": [
        0.01643817,
        0.02008552,
        0.01993014,
        0.01574213,
        0.02000063,
        0.01998645,
        0.02007985,
        0.01566131,
        0.02093034,
        0.02520617,
        0.01539061,
        0.01539357,
        0.01963965,
        0.01977081,
        0.020727,
        0.015342,
        0.0200962,
        0.01970215,
        0.0206513,
        0.01635177,
        0.0195679,
        0.01984669,
        0.01999327,
        0.0162961,
        0.01971189,
        0.01961946,
        0.02076686,
        0.01530401,
        0.0198168,
        0.02085221,
        0.01970818,
        0.01550738,
        0.01996394,
        0.01998737,
        0.02071425,
        0.01721618
      ],
      "e2e_seconds": 0.7980202100006863,
      "output_characters": 61,
      "output_tokens": null,
      "tpot_seconds": null
    },
    {
      "request_id": 6,
      "ttft_seconds": 0.09047413998632692,
      "itl_seconds": [
        0.0163999,
        0.02001334,
        0.01999948,
        0.01574563,
        0.02001552,
        0.01997124,
        0.02007843,
        0.01567729,
        0.0209457,
        0.02519487,
        0.01539157,
        0.0152462,
        0.01964861,
        0.0198025,
        0.02073833,
        0.01543076,
        0.01998175,
        0.01971126,
        0.02064208,
        0.01636858,
        0.019576,
        0.01981941,
        0.01996917,
        0.01643093,
        0.01957806,
        0.01975143,
        0.02067355,
        0.01531912,
        0.01981001,
        0.02077025,
        0.01974497,
        0.01564349,
        0.01997768,
        0.01984113,
        0.02067584,
        0.01773898
      ],
      "e2e_seconds": 0.797490380005911,
      "output_characters": 61,
      "output_tokens": null,
      "tpot_seconds": null
    },
    {
      "request_id": 7,
      "ttft_seconds": 0.08985339000355452,
      "itl_seconds": [
        0.0164451,
        0.02007715,
        0.01994835,
        0.01573562,
        0.02000261,
        0.01999146,
        0.02006949,
        0.01566341,
        0.02093553,
        0.02520276,
        0.01536228,
        0.01535961,
        0.01965659,
        0.01979789,
        0.02068112,
        0.01539371,
        0.02002999,
        0.0197227,
        0.02063732,
        0.01636682,
        0.01956991,
        0.01982686,
        0.01992624,
        0.016429,
        0.01964874,
        0.019675,
        0.02070632,
        0.01533563,
        0.01980966,
        0.02079884,
        0.01969916,
        0.01558128,
        0.01996235,
        0.01993963,
        0.02071595,
        0.01722589
      ],
      "e2e_seconds": 0.7964624399901368,
      "output_characters": 61,
      "output_tokens": null,
      "tpot_seconds": null
    },
    {
      "request_id": 8,
      "ttft_seconds": 0.09091344999615103,
      "itl_seconds": [
        0.01656949,
        0.02068689,
        0.01951646,
        0.01971409,
        0.01541132,
        0.02067052,
        0.01965019,
        0.01971129,
        0.01638792,
        0.01955439,
        0.02069381,
        0.01973242,
        0.01636513,
        0.01967495,
        0.0198512,
        0.0204369,
        0.01530394,
        0.02067036,
        0.01972276,
        0.01957785,
        0.01642675,
        0.01955195,
        0.02063928,
        0.01995796,
        0.01632123,
        0.01951463,
        0.0205844,
        0.01963528,
        0.01541933,
        0.02076887,
        0.01949496,
        0.01976967,
        0.01636057,
        0.01984044,
        0.02054912,
        0.01953681
      ],
      "e2e_seconds": 0.797437089990126,
      "output_characters": 61,
      "output_tokens": null,
      "tpot_seconds": null
    },
    {
      "request_id": 9,
      "ttft_seconds": 0.08222471000044607,
      "itl_seconds": [
        0.02065215,
        0.01951303,
        0.0197154,
        0.01540969,
        0.02067329,
        0.01964847,
        0.01973163,
        0.01645081,
        0.01947088,
        0.02069631,
        0.01973112,
        0.01645956,
        0.01957944,
        0.01974649,
        0.02063888,
        0.01520376,
        0.02075779,
        0.01963566,
        0.01958401,
        0.01642874,
        0.019652,
        0.02063548,
        0.01978271,
        0.01630692,
        0.01968228,
        0.02051108,
        0.01962822,
        0.01541717,
        0.02067979,
        0.01957988,
        0.0197793,
        0.01636919,
        0.01966646,
        0.02071119,
        0.01953611,
        0.02210833
      ],
      "e2e_seconds": 0.7922289499838371,
      "output_characters": 61,
      "output_tokens": null,
      "tpot_seconds": null
    },
    {
      "request_id": 10,
      "ttft_seconds": 0.08186156998272054,
      "itl_seconds": [
        0.02061639,
        0.01957016,
        0.01968947,
        0.01544209,
        0.02063942,
        0.01957859,
        0.0198031,
        0.01638065,
        0.01956473,
        0.02065419,
        0.01975541,
        0.01638535,
        0.01957892,
        0.01974441,
        0.02064355,
        0.01528766,
        0.02064811,
        0.01957186,
        0.01976642,
        0.0163765,
        0.01956977,
        0.02064198,
        0.01986056,
        0.0163539,
        0.0195863,
        0.02062469,
        0.01957765,
        0.01547551,
        0.02063119,
        0.01956434,
        0.01981589,
        0.01636764,
        0.01971251,
        0.02062434,
        0.01956989,
        0.02210688
      ],
      "e2e_seconds": 0.7914625799749047,
      "output_characters": 61,
      "output_tokens": null,
      "tpot_seconds": null
    },
    {
      "request_id": 11,
      "ttft_seconds": 0.08191907999571413,
      "itl_seconds": [
        0.02061474,
        0.01954571,
        0.0196955,
        0.01543497,
        0.02065933,
        0.01962626,
        0.01975038,
        0.016313,
        0.01959234,
        0.02069483,
        0.01973745,
        0.01633226,
        0.01972206,
        0.01959723,
        0.02064718,
        0.0153291,
        0.02063625,
        0.01974643,
        0.01959161,
        0.01643266,
        0.01951949,
        0.02064389,
        0.01977089,
        0.01647241,
        0.01953059,
        0.02065111,
        0.01964388,
        0.01538956,
        0.02071983,
        0.01952918,
        0.01978046,
        0.0163556,
        0.01983906,
        0.02060334,
        0.01953183,
        0.02206375
      ],
      "e2e_seconds": 0.792200909985695,
      "output_characters": 61,
      "output_tokens": null,
      "tpot_seconds": null
    },
    {
      "request_id": 12,
      "ttft_seconds": 0.08483497000997886,
      "itl_seconds": [
        0.02081277,
        0.01960346,
        0.01971325,
        0.01997984,
        0.0162265,
        0.01975364,
        0.02042423,
        0.01959318,
        0.01645049,
        0.01963528,
        0.02059497,
        0.01964759,
        0.01560428,
        0.02059287,
        0.02069539,
        0.01950617,
        0.01553926,
        0.02059907,
        0.01979952,
        0.02059943,
        0.01524795,
        0.01971701,
        0.02072417,
        0.01955853,
        0.01546475,
        0.02062947,
        0.02065451,
        0.0195315,
        0.01552533,
        0.02067741,
        0.0204998,
        0.01650358,
        0.01962042,
        0.01968144,
        0.02059566,
        0.01533584
      ],
      "e2e_seconds": 0.7919073200027924,
      "output_characters": 61,
      "output_tokens": null,
      "tpot_seconds": null
    },
    {
      "request_id": 13,
      "ttft_seconds": 0.08511375999660231,
      "itl_seconds": [
        0.01961112,
        0.01971172,
        0.01994915,
        0.01625889,
        0.01948957,
        0.02068075,
        0.01958315,
        0.01648156,
        0.01970457,
        0.02050932,
        0.01969425,
        0.01556842,
        0.02064108,
        0.02063707,
        0.01949618,
        0.01549957,
        0.02061273,
        0.01978681,
        0.02059863,
        0.01527636,
        0.01980405,
        0.02053241,
        0.01967425,
        0.01548756,
        0.02056724,
        0.02066486,
        0.01953588,
        0.01553045,
        0.02066705,
        0.02054884,
        0.01645352,
        0.01966511,
        0.01964178,
        0.0206325,
        0.01529267,
        0.0221431
      ],
      "e2e_seconds": 0.7962090900109615,
      "output_characters": 61,
      "output_tokens": null,
      "tpot_seconds": null
    },
    {
      "request_id": 14,
      "ttft_seconds": 0.08549133999622427,
      "itl_seconds": [
        0.0194882,
        0.01970769,
        0.01991111,
        0.01629323,
        0.01975523,
        0.02042554,
        0.0195906,
        0.01645549,
        0.01963275,
        0.02059771,
        0.01965235,
        0.01560021,
        0.02058947,
        0.02078306,
        0.01942706,
        0.01558108,
        0.02060084,
        0.01983522,
        0.02055825,
        0.01526584,
        0.0197161,
        0.02067377,
        0.01954748,
        0.01562116,
        0.02052502,
        0.02065975,
        0.01953839,
        0.015526,
        0.02065715,
        0.02059014,
        0.01643613,
        0.01956428,
        0.01973114,
        0.02055302,
        0.01535831,
        0.02160286
      ],
      "e2e_seconds": 0.7969129400153179,
      "output_characters": 61,
      "output_tokens": null,
      "tpot_seconds": null
    },
    {
      "request_id": 15,
      "ttft_seconds": 0.08477164001669735,
      "itl_seconds": [
        0.01955633,
        0.01972267,
        0.0198656,
        0.01636857,
        0.01956793,
        0.02063067,
        0.01958883,
        0.01638777,
        0.01960239,
        0.02066292,
        0.01957449,
        0.01560472,
        0.02064087,
        0.02064348,
        0.01958309,
        0.01552916,
        0.0206418,
        0.01971623,
        0.02063582,
        0.01528998,
        0.01971714,
        0.02063891,
        0.01962092,
        0.01546294,
        0.02063408,
        0.02062988,
        0.01956478,
        0.01552014,
        0.0206348,
        0.02051527,
        0.01651893,
        0.01962002,
        0.01968127,
        0.02063046,
        0.01531484,
        0.02156975
      ],
      "e2e_seconds": 0.79551282999455,
      "output_characters": 61,
      "output_tokens": null,
      "tpot_seconds": null
    },
    {
      "request_id": 16,
      "ttft_seconds": 0.091644100000849,
      "itl_seconds": [
        0.01580017,
        0.01999267,
        0.01984341,
        0.01998313,
        0.01561879,
        0.02001444,
        0.02095079,
        0.01993909,
        0.01554351,
        0.0200181,
        0.0210103,
        0.02002131,
        0.01524072,
        0.02075323,
        0.01966458,
        0.02015304,
        0.01593075,
        0.02079538,
        0.01978433,
        0.0200875,
        0.0199239,
        0.02069408,
        0.01539307,
        0.02031213,
        0.02106537,
        0.01980779,
        0.02083012,
        0.02081457,
        0.01982122,
        0.01545547,
        0.02064302,
        0.0196166,
        0.02851764,
        0.02074336,
        0.01961139,
        0.02005903
      ],
      "e2e_seconds": 0.8148759700125083,
      "output_characters": 61,
      "output_tokens": null,
      "tpot_seconds": null
    },
    {
      "request_id": 17,
      "ttft_seconds": 0.08230755999102257,
      "itl_seconds": [
        0.0199668,
        0.01984388,
        0.0199836,
        0.01564645,
        0.01999166,
        0.0209412,
        0.01989962,
        0.01555051,
        0.02002625,
        0.02102225,
        0.01975928,
        0.01550839,
        0.02069093,
        0.01964015,
        0.02037978,
        0.01570471,
        0.02088011,
        0.01974751,
        0.02012807,
        0.01988337,
        0.02075341,
        0.01537673,
        0.02033053,
        0.02093205,
        0.01990206,
        0.02085575,
        0.02077679,
        0.0198537,
        0.01541931,
        0.0206909,
        0.01961296,
        0.02846339,
        0.02075959,
        0.01964679,
        0.02002369,
        0.01861819
      ],
      "e2e_seconds": 0.8163410999986809,
      "output_characters": 61,
      "output_tokens": null,
      "tpot_seconds": null
    },
    {
      "request_id": 18,
      "ttft_seconds": 0.08218841999769211,
      "itl_seconds": [
        0.01996942,
        0.01983255,
        0.01998122,
        0.01565571,
        0.01997989,
        0.02095466,
        0.01993362,
        0.01554684,
        0.02003294,
        0.02099564,
        0.02001197,
        0.01524532,
        0.02074982,
        0.01958019,
        0.02038667,
        0.01581766,
        0.02085824,
        0.01971292,
        0.02016105,
        0.01991031,
        0.02063169,
        0.01542883,
        0.0202734,
        0.020964,
        0.0199736,
        0.02081055,
        0.02085923,
        0.01981925,
        0.01544561,
        0.02058536,
        0.01962896,
        0.02854289,
        0.02071149,
        0.01970017,
        0.0200366,
        0.01856182
      ],
      "e2e_seconds": 0.8165660800004844,
      "output_characters": 61,
      "output_tokens": null,
      "tpot_seconds": null
    },
    {
      "request_id": 19,
      "ttft_seconds": 0.08202075000735931,
      "itl_seconds": [
        0.01992623,
        0.01983264,
        0.01999523,
        0.0155641,
        0.02007422,
        0.02093619,
        0.01993498,
        0.01556218,
        0.02002148,
        0.02099741,
        0.01984525,
        0.01541,
        0.02077321,
        0.01947165,
        0.02035873,
        0.01570789,
        0.02096787,
        0.01984655,
        0.02001411,
        0.01991388,
        0.02075867,
        0.01532344,
        0.02042122,
        0.02080922,
        0.01996215,
        0.02083561,
        0.02083858,
        0.01978973,
        0.01546313,
        0.02062707,
        0.01961176,
        0.02855505,
        0.02071871,
        0.01966593,
        0.02004927,
        0.01856314
      ],
      "e2e_seconds": 0.8153765400056727,
      "output_characters": 61,
      "output_tokens": null,
      "tpot_seconds": null
    },
    {
      "request_id": 20,
      "ttft_seconds": 0.09317723999265581,
      "itl_seconds": [
        0.02030114,
        0.01686651,
        0.01943289,
        0.01983674,
        0.01632446,
        0.01958882,
        0.02008046,
        0.02003567,
        0.01557014,
        0.02093316,
        0.01987467,
        0.02004692,
        0.01566203,
        0.02005103,
        0.02019703,
        0.02003149,
        0.01564491,
        0.02010487,
        0.0201038,
        0.02094145,
        0.01555008,
        0.0200083,
        0.02006438,
        0.02001472,
        0.01591893,
        0.01992152,
        0.020022,
        0.02001223,
        0.01572087,
        0.01993824,
        0.02089108,
        0.01981847,
        0.01570315,
        0.01989695,
        0.01997782,
        0.01997139
      ],
      "e2e_seconds": 0.7964335700089578,
      "output_characters": 61,
      "output_tokens": null,
      "tpot_seconds": null
    },
    {
      "request_id": 21,
      "ttft_seconds": 0.0870242300152313,
      "itl_seconds": [
        0.01651751,
        0.01956124,
        0.01994549,
        0.01636354,
        0.01958084,
        0.02015979,
        0.01979549,
        0.01558271,
        0.02094473,
        0.01980431,
        0.02024783,
        0.01565828,
        0.02005263,
        0.02000223,
        0.02018402,
        0.01563895,
        0.02015494,
        0.02005723,
        0.02094701,
        0.01554211,
        0.02001019,
        0.02007042,
        0.02002325,
        0.01590305,
        0.01992,
        0.02003479,
        0.02005115,
        0.01566329,
        0.020046,
        0.0208053,
        0.01980163,
        0.01573991,
        0.01988123,
        0.01988344,
        0.01997394,
        0.01817534
      ],
      "e2e_seconds": 0.7954931000131182,
      "output_characters": 61,
      "output_tokens": null,
      "tpot_seconds": null
    },
    {
      "request_id": 22,
      "ttft_seconds": 0.08710773001075722,
      "itl_seconds": [
        0.01670924,
        0.01954966,
        0.01983562,
        0.01632457,
        0.01958733,
        0.02017123,
        0.0199605,
        0.01556754,
        0.02093065,
        0.01975896,
        0.0201683,
        0.01565641,
        0.02005209,
        0.02009748,
        0.02020831,
        0.01559148,
        0.02008236,
        0.02014754,
        0.02093073,
        0.01554269,
        0.02001019,
        0.02007391,
        0.02005919,
        0.01594032,
        0.01987417,
        0.02002964,
        0.01995711,
        0.01574713,
        0.01996171,
        0.02090612,
        0.01979541,
        0.01573247,
        0.01987129,
        0.01996169,
        0.01996001,
        0.01810767
      ],
      "e2e_seconds": 0.7952742300112732,
      "output_characters": 61,
      "output_tokens": null,
      "tpot_seconds": null
    },
    {
      "request_id": 23,
      "ttft_seconds": 0.0864740899996832,
      "itl_seconds": [
        0.01657801,
        0.019624,
        0.01985701,
        0.01636472,
        0.01959618,
        0.02005091,
        0.01997068,
        0.01563212,
        0.02091383,
        0.01984084,
        0.02009556,
        0.01569287,
        0.02005216,
        0.02009298,
        0.0201061,
        0.01567214,
        0.02010925,
        0.02008662,
        0.02089195,
        0.01560224,
        0.02001682,
        0.02007736,
        0.0200433,
        0.01584685,
        0.01996768,
        0.02002139,
        0.02003762,
        0.01569243,
        0.01990112,
        0.02093282,
        0.01982068,
        0.01570726,
        0.01984506,
        0.01997317,
        0.019972,
        0.0181222
      ],
      "e2e_seconds": 0.7942850099934731,
      "output_characters": 61,
      "output_tokens": null,
      "tpot_seconds": null
    },
    {
      "request_id": 24,
      "ttft_seconds": 0.08920622000005096,
      "itl_seconds": [
        0.01984732,
        0.02077564,
        0.01528156,
        0.01977764,
        0.02057231,
        0.01960175,
        0.01533677,
        0.01997832,
        0.02061096,
        0.01961698,
        0.01540744,
        0.01974138,
        0.02059285,
        0.01965274,
        0.01986773,
        0.01625015,
        0.01963518,
        0.01975957,
        0.02068974,
        0.01528219,
        0.01980557,
        0.02057967,
        0.01993023,
        0.01569162,
        0.02004656,
        0.02078212,
        0.01977945,
        0.01527911,
        0.02071652,
        0.01966003,
        0.01953134,
        0.01630963,
        0.01958194,
        0.01950749,
        0.01983769,
        0.02068694
      ],
      "e2e_seconds": 0.7923165299871471,
      "output_characters": 61,
      "output_tokens": null,
      "tpot_seconds": null
    },
    {
      "request_id": 25,
      "ttft_seconds": 0.08358643000246957,
      "itl_seconds": [
        0.02079874,
        0.01524675,
        0.01964646,
        0.02070361,
        0.01959953,
        0.01532761,
        0.01999006,
        0.02061375,
        0.01961567,
        0.01542947,
        0.01971907,
        0.02058724,
        0.01965045,
        0.01968596,
        0.01639679,
        0.01964164,
        0.01978561,
        0.02073004,
        0.01527415,
        0.01961347,
        0.02080402,
        0.01987716,
        0.0156887,
        0.0199285,
        0.02093376,
        0.01972132,
        0.01528124,
        0.02075232,
        0.01952591,
        0.01953378,
        0.01638654,
        0.01957419,
        0.0195746,
        0.0198671,
        0.02059283,
        0.01704704
      ],
      "e2e_seconds": 0.7917933500139043,
      "output_characters": 61,
      "output_tokens": null,
      "tpot_seconds": null
    },
    {
      "request_id": 26,
      "ttft_seconds": 0.0831544499960728,
      "itl_seconds": [
        0.02074687,
        0.01531651,
        0.01971436,
        0.02063192,
        0.0195846,
        0.01534285,
        0.01993438,
        0.02067696,
        0.01959691,
        0.01534405,
        0.01974579,
        0.02067632,
        0.0195803,
        0.01977781,
        0.01638204,
        0.01957854,
        0.0198275,
        0.02064838,
        0.01530166,
        0.01970696,
        0.02071602,
        0.01990682,
        0.01569314,
        0.01996314,
        0.02088374,
        0.01973092,
        0.01528624,
        0.02074662,
        0.01956363,
        0.01956237,
        0.01635598,
        0.01955831,
        0.01955495,
        0.01983133,
        0.02064074,
        0.01699478
      ],
      "e2e_seconds": 0.7909533999918494,
      "output_characters": 61,
      "output_tokens": null,
      "tpot_seconds": null
    },
    {
      "request_id": 27,
      "ttft_seconds": 0.08317759999772534,
      "itl_seconds": [
        0.02059535,
        0.015269,
        0.01977778,
        0.02057537,
        0.0195973,
        0.01533445,
        0.01998593,
        0.02061,
        0.01961559,
        0.01542646,
        0.01972366,
        0.02058812,
        0.01965125,
        0.01977966,
        0.01639114,
        0.01950541,
        0.019921,
        0.02061215,
        0.0153011,
        0.01970306,
        0.02069649,
        0.01988761,
        0.0157003,
        0.02006291,
        0.02093169,
        0.01966748,
        0.01528981,
        0.02065513,
        0.01967271,
        0.01952098,
        0.01633798,
        0.01956976,
        0.01949047,
        0.0198301,
        0.02071439,
        0.01695737
      ],
      "e2e_seconds": 0.7911679199896753,
      "output_characters": 61,
      "output_tokens": null,
      "tpot_seconds": null
    },
    {
      "request_id": 28,
      "ttft_seconds": 0.08936207997612655,
      "itl_seconds": [
        0.0290216,
        0.02391652,
        0.02048703,
        0.01620086,
        0.0196288,
        0.01620898,
        0.0204839,
        0.01620979,
        0.02048716,
        0.01621808,
        0.01957799,
        0.01633427,
        0.02051064,
        0.01623203,
        0.0195055,
        0.02045606,
        0.0162221,
        0.02051239,
        0.01529605,
        0.02055207,
        0.01623473,
        0.0204933,
        0.01622359,
        0.01945852,
        0.02052264,
        0.01515213,
        0.02051703,
        0.01622247,
        0.02054574,
        0.0154344,
        0.02050329,
        0.01970198,
        0.01533616,
        0.02172752,
        0.01622576,
        0.02050537
      ],
      "e2e_seconds": 0.7849709900037851,
      "output_characters": 61,
      "output_tokens": null,
      "tpot_seconds": null
    },
    {
      "request_id": 29,
      "ttft_seconds": 0.09396063000895083,
      "itl_seconds": [
        0.02385837,
        0.02048098,
        0.01622699,
        0.01956639,
        0.01620635,
        0.02048999,
        0.0162051,
        0.02049631,
        0.01622758,
        0.01957828,
        0.0163461,
        0.02049411,
        0.01623472,
        0.01938889,
        0.02056131,
        0.01622846,
        0.02051529,
        0.01528895,
        0.0205568,
        0.01623468,
        0.02054752,
        0.01617758,
        0.01950888,
        0.02043972,
        0.01517918,
        0.02053815,
        0.01622617,
        0.0205322,
        0.01542733,
        0.02050989,
        0.01967718,
        0.01545318,
        0.0216239,
        0.01622155,
        0.02053997,
        0.01674052
      ],
      "e2e_seconds": 0.7816168999997899,
      "output_characters": 61,
      "output_tokens": null,
      "tpot_seconds": null
    }
  ],
  "metric_definitions": {
    "ttft_seconds": "request start to first non-empty text delta",
    "itl_seconds": "inter-token latency between consecutive text deltas",
    "e2e_seconds": "request start to stream completion",
    "tpot_seconds": "first delta to completion divided by output units",
    "request_throughput": "successful requests per second"
  }
}
