{
  "schema_version": 1,
  "created_at": "2026-08-07T22:46:33+00:00",
  "model": "openbmb/MiniCPM-o-4_5",
  "base_url": "http://127.0.0.1:8091/v1",
  "requests": 30,
  "successes": 30,
  "failures": 0,
  "timeouts": 0,
  "http_status_distribution": {},
  "success_rate": 1.0,
  "wall_seconds": 6.34349,
  "request_throughput": 4.729258,
  "run_metadata": {
    "model": "openbmb/MiniCPM-o-4_5",
    "base_url": "http://127.0.0.1:8091/v1",
    "requests": 30,
    "concurrency": 8,
    "warmup_requests": 5,
    "prompt_sha256": "737f4c53ccc7682f",
    "python_version": "3.12",
    "schema_version": 1,
    "created_at": "2026-08-07T22:46:33+00:00"
  },
  "distributions": {
    "ttft_seconds": {
      "count": 30,
      "mean": 0.756333,
      "p50": 0.848703,
      "p95": 0.882534,
      "p99": 0.883397,
      "min": 0.089463,
      "max": 0.883706
    },
    "itl_seconds": {
      "count": 1080,
      "mean": 0.019291,
      "p50": 0.019878,
      "p95": 0.020894,
      "p99": 0.021669,
      "min": 0.01527,
      "max": 0.022832
    },
    "e2e_seconds": {
      "count": 30,
      "mean": 1.487735,
      "p50": 1.587578,
      "p95": 1.632404,
      "p99": 1.633335,
      "min": 0.799982,
      "max": 1.633645
    },
    "tpot_seconds": {
      "count": 0,
      "mean": null,
      "p50": null,
      "p95": null,
      "p99": null,
      "min": null,
      "max": null
    },
    "output_tokens": {
      "count": 0,
      "mean": null,
      "p50": null,
      "p95": null,
      "p99": null,
      "min": null,
      "max": null
    }
  },
  "errors": [],
  "results": [
    {
      "request_id": 0,
      "ttft_seconds": 0.08946282998658717,
      "itl_seconds": [
        0.02093753,
        0.01969036,
        0.02071538,
        0.01541034,
        0.01992415,
        0.02068589,
        0.01964774,
        0.01553147,
        0.02070685,
        0.01966774,
        0.01963781,
        0.01972405,
        0.01989562,
        0.01633813,
        0.019716,
        0.01982186,
        0.0201369,
        0.01647091,
        0.01971556,
        0.01977858,
        0.02062639,
        0.01567556,
        0.02072006,
        0.01966769,
        0.02084872,
        0.01538493,
        0.0197327,
        0.02000357,
        0.01997148,
        0.01640298,
        0.01970606,
        0.01969615,
        0.02074998,
        0.01535613,
        0.0197842,
        0.02071152
      ],
      "e2e_seconds": 0.7999815899820533,
      "output_characters": 61,
      "output_tokens": null,
      "tpot_seconds": null
    },
    {
      "request_id": 1,
      "ttft_seconds": 0.10978335997788236,
      "itl_seconds": [
        0.01963826,
        0.02073738,
        0.01539669,
        0.01992091,
        0.02067959,
        0.01966527,
        0.0155467,
        0.02068255,
        0.01966659,
        0.01964793,
        0.01971768,
        0.01974831,
        0.01648215,
        0.01962162,
        0.01984014,
        0.02021882,
        0.01637387,
        0.01971868,
        0.01977499,
        0.02070856,
        0.01559491,
        0.02073486,
        0.01973324,
        0.02076775,
        0.01538251,
        0.0197459,
        0.0200081,
        0.01995776,
        0.01650736,
        0.01959994,
        0.01969705,
        0.02074947,
        0.01543498,
        0.01968994,
        0.0208328,
        0.02118189
      ],
      "e2e_seconds": 0.8378234599949792,
      "output_characters": 61,
      "output_tokens": null,
      "tpot_seconds": null
    },
    {
      "request_id": 2,
      "ttft_seconds": 0.10891285998513922,
      "itl_seconds": [
        0.01965628,
        0.02072505,
        0.01540055,
        0.01991155,
        0.02070739,
        0.01964994,
        0.01548416,
        0.02074715,
        0.01966994,
        0.01962648,
        0.01970454,
        0.01996512,
        0.01630178,
        0.01966713,
        0.01980202,
        0.02015172,
        0.0164627,
        0.01967256,
        0.01968933,
        0.02080588,
        0.01561246,
        0.02076181,
        0.0196837,
        0.02079845,
        0.01539831,
        0.01974181,
        0.0199666,
        0.01997574,
        0.01647409,
        0.01965767,
        0.01969331,
        0.02074657,
        0.01543014,
        0.01975365,
        0.02070954,
        0.02123582
      ],
      "e2e_seconds": 0.8367266099958215,
      "output_characters": 61,
      "output_tokens": null,
      "tpot_seconds": null
    },
    {
      "request_id": 3,
      "ttft_seconds": 0.1089491999882739,
      "itl_seconds": [
        0.01949947,
        0.02071685,
        0.01540802,
        0.01990972,
        0.02070059,
        0.01964987,
        0.01552363,
        0.02071094,
        0.01966896,
        0.01963993,
        0.01972441,
        0.01979395,
        0.0164388,
        0.0196654,
        0.01982658,
        0.02017966,
        0.01639876,
        0.01972964,
        0.01973558,
        0.02072671,
        0.01563246,
        0.02073604,
        0.01969334,
        0.02079173,
        0.01539572,
        0.01974601,
        0.0199913,
        0.01995565,
        0.01646902,
        0.01966252,
        0.01969163,
        0.02075202,
        0.01540115,
        0.01978964,
        0.02070687,
        0.02122285
      ],
      "e2e_seconds": 0.8362117199867498,
      "output_characters": 61,
      "output_tokens": null,
      "tpot_seconds": null
    },
    {
      "request_id": 4,
      "ttft_seconds": 0.868820739997318,
      "itl_seconds": [
        0.01566504,
        0.01979929,
        0.02079399,
        0.01985384,
        0.01659158,
        0.01959279,
        0.01970296,
        0.0197453,
        0.01568714,
        0.01997641,
        0.01993503,
        0.02082128,
        0.01539679,
        0.01969164,
        0.02077834,
        0.01987641,
        0.01955844,
        0.02086353,
        0.01971453,
        0.01966568,
        0.02076979,
        0.02076253,
        0.01999196,
        0.01645648,
        0.02073877,
        0.01972336,
        0.020718,
        0.02077697,
        0.01545346,
        0.020758,
        0.02073607,
        0.01969439,
        0.01649748,
        0.01993234,
        0.02075342,
        0.01981526
      ],
      "e2e_seconds": 1.587575960002141,
      "output_characters": 61,
      "output_tokens": null,
      "tpot_seconds": null
    },
    {
      "request_id": 5,
      "ttft_seconds": 0.8837055999902077,
      "itl_seconds": [
        0.0199144,
        0.0207795,
        0.01987207,
        0.01659692,
        0.01959161,
        0.01969807,
        0.01973503,
        0.01569283,
        0.0199653,
        0.01995731,
        0.02082412,
        0.01536862,
        0.019701,
        0.02078578,
        0.01969567,
        0.01972709,
        0.02088689,
        0.0196889,
        0.01964978,
        0.02079668,
        0.02073877,
        0.01997103,
        0.01650864,
        0.02071956,
        0.01972402,
        0.02072022,
        0.02073987,
        0.01545399,
        0.02076919,
        0.02083462,
        0.01958799,
        0.01654572,
        0.01994985,
        0.02071041,
        0.01981657,
        0.02182696
      ],
      "e2e_seconds": 1.6336453300027642,
      "output_characters": 61,
      "output_tokens": null,
      "tpot_seconds": null
    },
    {
      "request_id": 6,
      "ttft_seconds": 0.8826410800102167,
      "itl_seconds": [
        0.01984331,
        0.02080022,
        0.01984359,
        0.01650275,
        0.01970632,
        0.01968272,
        0.01974019,
        0.01569229,
        0.01997746,
        0.01995836,
        0.02079332,
        0.01540091,
        0.01968916,
        0.02080219,
        0.01976128,
        0.01965535,
        0.02088388,
        0.01978467,
        0.01959144,
        0.02077157,
        0.02073077,
        0.01998605,
        0.0164501,
        0.02074027,
        0.01975076,
        0.02073611,
        0.02075152,
        0.01546146,
        0.02074967,
        0.0207578,
        0.01967607,
        0.01646854,
        0.01989684,
        0.02077729,
        0.01982384,
        0.02134082
      ],
      "e2e_seconds": 1.6321949500124902,
      "output_characters": 61,
      "output_tokens": null,
      "tpot_seconds": null
    },
    {
      "request_id": 7,
      "ttft_seconds": 0.8824021899781656,
      "itl_seconds": [
        0.01977148,
        0.02079111,
        0.0198575,
        0.01659257,
        0.01958526,
        0.01970391,
        0.01974533,
        0.01569077,
        0.01997553,
        0.01993609,
        0.02081868,
        0.01539762,
        0.01969013,
        0.02077903,
        0.01979688,
        0.01964365,
        0.02086129,
        0.01978025,
        0.01965136,
        0.02071839,
        0.02083545,
        0.01996319,
        0.0164125,
        0.02073808,
        0.01972418,
        0.02071668,
        0.02080413,
        0.01547598,
        0.02076522,
        0.02073308,
        0.01970554,
        0.01644321,
        0.01994677,
        0.02079225,
        0.01981654,
        0.0212915
      ],
      "e2e_seconds": 1.6325755099824164,
      "output_characters": 61,
      "output_tokens": null,
      "tpot_seconds": null
    },
    {
      "request_id": 8,
      "ttft_seconds": 0.8688984799955506,
      "itl_seconds": [
        0.02104956,
        0.01988718,
        0.01641763,
        0.01971617,
        0.02075109,
        0.01983582,
        0.01647908,
        0.01967388,
        0.01971676,
        0.0208096,
        0.01975563,
        0.01640164,
        0.01974231,
        0.0207917,
        0.01979672,
        0.01651817,
        0.01991323,
        0.02080235,
        0.01970652,
        0.02075916,
        0.01539584,
        0.02071699,
        0.01971087,
        0.02071187,
        0.01553645,
        0.02072766,
        0.01980711,
        0.02076441,
        0.01648108,
        0.01967359,
        0.02086777,
        0.01982534,
        0.0206873,
        0.01558829,
        0.02082541,
        0.01980942
      ],
      "e2e_seconds": 1.586350460012909,
      "output_characters": 61,
      "output_tokens": null,
      "tpot_seconds": null
    },
    {
      "request_id": 9,
      "ttft_seconds": 0.8516323200019542,
      "itl_seconds": [
        0.01995588,
        0.0164098,
        0.01972142,
        0.02075255,
        0.01983747,
        0.01647814,
        0.01967128,
        0.01971608,
        0.02081104,
        0.01971019,
        0.01644974,
        0.01974052,
        0.0207904,
        0.01979769,
        0.01646532,
        0.01996241,
        0.02080315,
        0.01964939,
        0.02075637,
        0.01541275,
        0.02071418,
        0.01971094,
        0.02072625,
        0.01551175,
        0.0207819,
        0.01976261,
        0.0207661,
        0.01645878,
        0.01968649,
        0.02087839,
        0.01973783,
        0.0207863,
        0.01561265,
        0.020786,
        0.01981084,
        0.02174006
      ],
      "e2e_seconds": 1.5908222100115381,
      "output_characters": 61,
      "output_tokens": null,
      "tpot_seconds": null
    },
    {
      "request_id": 10,
      "ttft_seconds": 0.8514809400076047,
      "itl_seconds": [
        0.01995496,
        0.0164165,
        0.01973061,
        0.0207501,
        0.01982806,
        0.01647429,
        0.01967412,
        0.01972071,
        0.02082021,
        0.01966824,
        0.01647244,
        0.01975718,
        0.02081483,
        0.01976117,
        0.01644062,
        0.01999001,
        0.02080385,
        0.01962782,
        0.02075562,
        0.01539901,
        0.02071356,
        0.01971106,
        0.02072729,
        0.01552159,
        0.02084133,
        0.01969576,
        0.0207653,
        0.01648198,
        0.01966655,
        0.02087362,
        0.01974713,
        0.02077697,
        0.01567679,
        0.02072136,
        0.01982479,
        0.02174409
      ],
      "e2e_seconds": 1.590927590004867,
      "output_characters": 61,
      "output_tokens": null,
      "tpot_seconds": null
    },
    {
      "request_id": 11,
      "ttft_seconds": 0.8511120199982543,
      "itl_seconds": [
        0.01997966,
        0.01644982,
        0.01968097,
        0.02076027,
        0.01984243,
        0.01647829,
        0.01966945,
        0.01974207,
        0.02078215,
        0.01971317,
        0.01647837,
        0.01971229,
        0.02076371,
        0.01978273,
        0.01647805,
        0.01999262,
        0.02077675,
        0.01967089,
        0.02074707,
        0.01539797,
        0.02074211,
        0.01968822,
        0.0207461,
        0.01552483,
        0.02079378,
        0.01974292,
        0.02076256,
        0.01646453,
        0.01971152,
        0.02081632,
        0.01979983,
        0.02074234,
        0.01561153,
        0.0207716,
        0.019844,
        0.02175951
      ],
      "e2e_seconds": 1.5900104899774306,
      "output_characters": 61,
      "output_tokens": null,
      "tpot_seconds": null
    },
    {
      "request_id": 12,
      "ttft_seconds": 0.8709659799933434,
      "itl_seconds": [
        0.0202188,
        0.01965872,
        0.02076346,
        0.01978165,
        0.01647086,
        0.01973289,
        0.02071949,
        0.01977772,
        0.01647544,
        0.01965762,
        0.02003078,
        0.01975259,
        0.02078308,
        0.01537447,
        0.02076311,
        0.01970617,
        0.02073191,
        0.01540113,
        0.02075583,
        0.01982727,
        0.02060417,
        0.0158135,
        0.02036482,
        0.02017225,
        0.01992441,
        0.02011329,
        0.01660674,
        0.01989387,
        0.01988208,
        0.02020698,
        0.01664592,
        0.0198819,
        0.02008448,
        0.0209669,
        0.01998534,
        0.01663079
      ],
      "e2e_seconds": 1.586968360003084,
      "output_characters": 61,
      "output_tokens": null,
      "tpot_seconds": null
    },
    {
      "request_id": 13,
      "ttft_seconds": 0.8439731000107713,
      "itl_seconds": [
        0.01963295,
        0.0207882,
        0.01976512,
        0.01646811,
        0.01975432,
        0.02072096,
        0.01975102,
        0.01647782,
        0.0196767,
        0.02001149,
        0.01975568,
        0.02077755,
        0.01537475,
        0.02075725,
        0.01967296,
        0.02079238,
        0.01538229,
        0.0207765,
        0.01970769,
        0.02072264,
        0.01581314,
        0.02026947,
        0.0202457,
        0.0198716,
        0.02015761,
        0.0166364,
        0.01987682,
        0.0198992,
        0.02018775,
        0.01664195,
        0.01987862,
        0.02008877,
        0.02096491,
        0.01998598,
        0.01662562,
        0.02173993
      ],
      "e2e_seconds": 1.5851404800196178,
      "output_characters": 61,
      "output_tokens": null,
      "tpot_seconds": null
    },
    {
      "request_id": 14,
      "ttft_seconds": 0.8442206000036094,
      "itl_seconds": [
        0.01963076,
        0.02075875,
        0.01978181,
        0.01646899,
        0.01973148,
        0.02072174,
        0.01977784,
        0.01647754,
        0.01965831,
        0.02003267,
        0.01974786,
        0.020783,
        0.01537381,
        0.02076399,
        0.01970473,
        0.02082217,
        0.01537891,
        0.02069292,
        0.01982163,
        0.02070883,
        0.01576577,
        0.02035452,
        0.02016828,
        0.01993633,
        0.02012725,
        0.01654597,
        0.01995422,
        0.01987245,
        0.02020173,
        0.01664474,
        0.0198967,
        0.02006916,
        0.02100646,
        0.01995019,
        0.01670612,
        0.0216618
      ],
      "e2e_seconds": 1.5860326499969233,
      "output_characters": 61,
      "output_tokens": null,
      "tpot_seconds": null
    },
    {
      "request_id": 15,
      "ttft_seconds": 0.843934939999599,
      "itl_seconds": [
        0.0195602,
        0.02079119,
        0.01974661,
        0.01647287,
        0.01972511,
        0.02073972,
        0.0197605,
        0.01649633,
        0.01967271,
        0.0200194,
        0.01975922,
        0.02075428,
        0.01539058,
        0.02076328,
        0.01958329,
        0.0208379,
        0.01538902,
        0.02078528,
        0.01970268,
        0.02073799,
        0.01576064,
        0.02036539,
        0.0201699,
        0.01992358,
        0.02012747,
        0.01665569,
        0.01984469,
        0.01986624,
        0.02020833,
        0.01664483,
        0.0198986,
        0.02006793,
        0.02096624,
        0.01999945,
        0.01669143,
        0.02166609
      ],
      "e2e_seconds": 1.5852559600025415,
      "output_characters": 61,
      "output_tokens": null,
      "tpot_seconds": null
    },
    {
      "request_id": 16,
      "ttft_seconds": 0.8698489799862728,
      "itl_seconds": [
        0.02023819,
        0.02065922,
        0.01536735,
        0.02075289,
        0.01979013,
        0.01998886,
        0.01997404,
        0.02069516,
        0.01998577,
        0.0164936,
        0.01966494,
        0.02072893,
        0.01968867,
        0.01643775,
        0.01971025,
        0.01970199,
        0.02092477,
        0.01959949,
        0.02076199,
        0.01549496,
        0.02064233,
        0.01970646,
        0.01991609,
        0.02072436,
        0.01548608,
        0.02082534,
        0.01965939,
        0.01983134,
        0.02073701,
        0.01993256,
        0.01988748,
        0.01652866,
        0.01976167,
        0.02017976,
        0.02075203,
        0.01541182
      ],
      "e2e_seconds": 1.588227319996804,
      "output_characters": 61,
      "output_tokens": null,
      "tpot_seconds": null
    },
    {
      "request_id": 17,
      "ttft_seconds": 0.8469054400047753,
      "itl_seconds": [
        0.02074369,
        0.01539493,
        0.02073493,
        0.01978614,
        0.01999921,
        0.01994708,
        0.02073467,
        0.01997315,
        0.01648638,
        0.01966669,
        0.02073119,
        0.01968972,
        0.0164601,
        0.01968513,
        0.01964887,
        0.02084771,
        0.01966127,
        0.02077269,
        0.01547087,
        0.02065773,
        0.0197181,
        0.01987515,
        0.02073884,
        0.01553281,
        0.02076975,
        0.01968657,
        0.01979094,
        0.02075941,
        0.01993997,
        0.01986336,
        0.01653975,
        0.0197879,
        0.02017396,
        0.02078249,
        0.01541003,
        0.02167858
      ],
      "e2e_seconds": 1.5931779700040352,
      "output_characters": 61,
      "output_tokens": null,
      "tpot_seconds": null
    },
    {
      "request_id": 18,
      "ttft_seconds": 0.8471898899879307,
      "itl_seconds": [
        0.02080965,
        0.01539105,
        0.02073173,
        0.01979038,
        0.01997608,
        0.01989358,
        0.02078588,
        0.01997954,
        0.01649245,
        0.01967703,
        0.02071627,
        0.0197027,
        0.01650374,
        0.01962982,
        0.01961788,
        0.02094136,
        0.01958598,
        0.02076084,
        0.01541275,
        0.02072708,
        0.01972049,
        0.01991607,
        0.02067364,
        0.01553466,
        0.02082738,
        0.01965942,
        0.01981143,
        0.02074117,
        0.0199453,
        0.01987025,
        0.01653153,
        0.01976222,
        0.02017589,
        0.0207712,
        0.0153748,
        0.02178668
      ],
      "e2e_seconds": 1.593726199993398,
      "output_characters": 61,
      "output_tokens": null,
      "tpot_seconds": null
    },
    {
      "request_id": 19,
      "ttft_seconds": 0.8469038500043098,
      "itl_seconds": [
        0.02065841,
        0.01536133,
        0.02076187,
        0.01978705,
        0.0199913,
        0.0199253,
        0.02073488,
        0.01999455,
        0.01649109,
        0.0196682,
        0.0207285,
        0.01968937,
        0.01643826,
        0.01970754,
        0.01965085,
        0.0209157,
        0.01959384,
        0.02075077,
        0.01536938,
        0.02079965,
        0.01967816,
        0.01993292,
        0.02069794,
        0.01551472,
        0.02083226,
        0.01967233,
        0.01979233,
        0.02075795,
        0.01994367,
        0.01987252,
        0.01653125,
        0.01976181,
        0.0201757,
        0.02077342,
        0.01553063,
        0.0215512
      ],
      "e2e_seconds": 1.5926870800030883,
      "output_characters": 61,
      "output_tokens": null,
      "tpot_seconds": null
    },
    {
      "request_id": 20,
      "ttft_seconds": 0.8747846799960826,
      "itl_seconds": [
        0.02014706,
        0.0206415,
        0.01970525,
        0.01677767,
        0.01939536,
        0.01988043,
        0.02049083,
        0.0156171,
        0.0201431,
        0.02092698,
        0.02000751,
        0.02009493,
        0.02033935,
        0.0165663,
        0.01992912,
        0.02097919,
        0.01542781,
        0.01988064,
        0.02091939,
        0.01977893,
        0.02017549,
        0.0200617,
        0.01565069,
        0.02081057,
        0.0198192,
        0.02007234,
        0.01586805,
        0.02030321,
        0.02032811,
        0.02009463,
        0.01657208,
        0.02089772,
        0.01996301,
        0.01992918,
        0.01563426,
        0.02091084
      ],
      "e2e_seconds": 1.5924514800135512,
      "output_characters": 61,
      "output_tokens": null,
      "tpot_seconds": null
    },
    {
      "request_id": 21,
      "ttft_seconds": 0.8488336299778894,
      "itl_seconds": [
        0.0207322,
        0.01967533,
        0.01658531,
        0.01960814,
        0.01984864,
        0.02047932,
        0.01564345,
        0.0201377,
        0.02092515,
        0.02000517,
        0.02013146,
        0.02031056,
        0.01654807,
        0.01995443,
        0.02088342,
        0.01551931,
        0.01985752,
        0.02088207,
        0.01980254,
        0.02017481,
        0.02008274,
        0.01561125,
        0.02087125,
        0.01981816,
        0.02006141,
        0.01587564,
        0.02024986,
        0.02034026,
        0.02015626,
        0.01655875,
        0.02089374,
        0.01996865,
        0.019909,
        0.0156381,
        0.02088437,
        0.02283211
      ],
      "e2e_seconds": 1.5875806599797215,
      "output_characters": 61,
      "output_tokens": null,
      "tpot_seconds": null
    },
    {
      "request_id": 22,
      "ttft_seconds": 0.8486848199972883,
      "itl_seconds": [
        0.02060792,
        0.01969293,
        0.01666501,
        0.01953964,
        0.01985335,
        0.02058322,
        0.01552447,
        0.0201441,
        0.02091935,
        0.02000869,
        0.02011981,
        0.02031697,
        0.01656306,
        0.01993787,
        0.02088181,
        0.01555021,
        0.01992358,
        0.02088856,
        0.01980718,
        0.02014593,
        0.02006401,
        0.01563109,
        0.02083047,
        0.01983047,
        0.02006559,
        0.01582021,
        0.0203613,
        0.02032967,
        0.02010006,
        0.01656797,
        0.02088367,
        0.01995584,
        0.01993459,
        0.01563139,
        0.02098784,
        0.02273894
      ],
      "e2e_seconds": 1.5877947699918877,
      "output_characters": 61,
      "output_tokens": null,
      "tpot_seconds": null
    },
    {
      "request_id": 23,
      "ttft_seconds": 0.8487203399999999,
      "itl_seconds": [
        0.02077204,
        0.01969261,
        0.01655187,
        0.01957406,
        0.0199267,
        0.02046993,
        0.01564223,
        0.02014365,
        0.02092358,
        0.02000565,
        0.02013782,
        0.02029263,
        0.01656476,
        0.02005922,
        0.02067663,
        0.01563801,
        0.01982924,
        0.02089381,
        0.01980462,
        0.02014949,
        0.02006694,
        0.01564298,
        0.02081338,
        0.01983443,
        0.02007736,
        0.01588872,
        0.02029241,
        0.02031814,
        0.02011354,
        0.01652842,
        0.02090592,
        0.01996527,
        0.01993321,
        0.01562279,
        0.02098727,
        0.02273417
      ],
      "e2e_seconds": 1.587885360000655,
      "output_characters": 61,
      "output_tokens": null,
      "tpot_seconds": null
    },
    {
      "request_id": 24,
      "ttft_seconds": 0.8662900199997239,
      "itl_seconds": [
        0.02071784,
        0.02002706,
        0.02083505,
        0.01972007,
        0.01567228,
        0.02087896,
        0.01991854,
        0.01994065,
        0.01578148,
        0.02084074,
        0.01986762,
        0.02027579,
        0.01587048,
        0.0208978,
        0.01998796,
        0.02093044,
        0.01547315,
        0.02009793,
        0.02089183,
        0.01981255,
        0.01560453,
        0.02087039,
        0.01977602,
        0.02014926,
        0.01657329,
        0.02011761,
        0.02089076,
        0.01980781,
        0.01573553,
        0.02086787,
        0.01984192,
        0.02003362,
        0.01998928,
        0.02083424,
        0.02082449,
        0.02103118
      ],
      "e2e_seconds": 1.5890699700103141,
      "output_characters": 61,
      "output_tokens": null,
      "tpot_seconds": null
    },
    {
      "request_id": 25,
      "ttft_seconds": 0.8388677600014489,
      "itl_seconds": [
        0.01990056,
        0.02091703,
        0.01972937,
        0.01567813,
        0.02088375,
        0.01991738,
        0.01992173,
        0.01578554,
        0.02084279,
        0.01986403,
        0.02027942,
        0.01586423,
        0.02091516,
        0.0199804,
        0.02082267,
        0.01545155,
        0.02013919,
        0.02087682,
        0.01981227,
        0.01560533,
        0.0208676,
        0.01979201,
        0.02013415,
        0.01657682,
        0.02010951,
        0.02089562,
        0.01979951,
        0.01573042,
        0.02088385,
        0.01983996,
        0.02003438,
        0.02000385,
        0.02081931,
        0.02091672,
        0.020936,
        0.02140186
      ],
      "e2e_seconds": 1.5814957699913066,
      "output_characters": 61,
      "output_tokens": null,
      "tpot_seconds": null
    },
    {
      "request_id": 26,
      "ttft_seconds": 0.8389703700086102,
      "itl_seconds": [
        0.01999027,
        0.02087534,
        0.01972339,
        0.01566791,
        0.02083149,
        0.01996711,
        0.01989876,
        0.01582185,
        0.02084035,
        0.01987007,
        0.02022367,
        0.01592343,
        0.02089575,
        0.0199864,
        0.0208753,
        0.01553345,
        0.02005789,
        0.02087693,
        0.01980302,
        0.01561341,
        0.02086904,
        0.0197824,
        0.02014416,
        0.016573,
        0.020114,
        0.02088806,
        0.01980782,
        0.01569637,
        0.0209105,
        0.01984589,
        0.02003526,
        0.02000382,
        0.02081897,
        0.02087282,
        0.02096341,
        0.02136221
      ],
      "e2e_seconds": 1.5817968799965456,
      "output_characters": 61,
      "output_tokens": null,
      "tpot_seconds": null
    },
    {
      "request_id": 27,
      "ttft_seconds": 0.8384187099873088,
      "itl_seconds": [
        0.0200071,
        0.02083292,
        0.01976041,
        0.01569959,
        0.02083612,
        0.01989658,
        0.01997021,
        0.01575503,
        0.02087709,
        0.01980167,
        0.02032125,
        0.0159032,
        0.02087531,
        0.01999936,
        0.02087838,
        0.01549667,
        0.0201027,
        0.02087579,
        0.01979989,
        0.01561438,
        0.02086455,
        0.01978574,
        0.0201414,
        0.01657819,
        0.02010553,
        0.02087552,
        0.01980164,
        0.01573599,
        0.02089455,
        0.01981289,
        0.0200428,
        0.02004607,
        0.02080381,
        0.0208685,
        0.02088365,
        0.02146082
      ],
      "e2e_seconds": 1.5810996099899057,
      "output_characters": 61,
      "output_tokens": null,
      "tpot_seconds": null
    },
    {
      "request_id": 28,
      "ttft_seconds": 0.8696480199869256,
      "itl_seconds": [
        0.0165228,
        0.02065772,
        0.01544048,
        0.02073298,
        0.01638762,
        0.02073181,
        0.01540498,
        0.02086865,
        0.01597244,
        0.02049557,
        0.01526972,
        0.02054679,
        0.01649924,
        0.02050735,
        0.01622892,
        0.02046534,
        0.01527211,
        0.02052012,
        0.02050468,
        0.01624215,
        0.01957176,
        0.01618782,
        0.02048104,
        0.01622607,
        0.02050262,
        0.01621807,
        0.01941134,
        0.0162163,
        0.01941978,
        0.01951103,
        0.01621585,
        0.02048333,
        0.01620271,
        0.01941431,
        0.01946194,
        0.01620829
      ],
      "e2e_seconds": 1.5486898699891753,
      "output_characters": 61,
      "output_tokens": null,
      "tpot_seconds": null
    },
    {
      "request_id": 29,
      "ttft_seconds": 0.8450132900034077,
      "itl_seconds": [
        0.02063792,
        0.01544249,
        0.02072196,
        0.01639488,
        0.02072971,
        0.01541501,
        0.02078731,
        0.01601481,
        0.02050372,
        0.01529681,
        0.02050368,
        0.0164895,
        0.02051575,
        0.01622063,
        0.02050494,
        0.01530768,
        0.02048129,
        0.02054508,
        0.01621899,
        0.01955077,
        0.01621287,
        0.02047992,
        0.016225,
        0.02050615,
        0.01620726,
        0.0194178,
        0.01621237,
        0.01942429,
        0.01950687,
        0.01622304,
        0.0204791,
        0.0162064,
        0.01941347,
        0.01944772,
        0.01622155,
        0.02196205
      ],
      "e2e_seconds": 1.5281300799979363,
      "output_characters": 61,
      "output_tokens": null,
      "tpot_seconds": null
    }
  ],
  "metric_definitions": {
    "ttft_seconds": "request start to first non-empty text delta",
    "itl_seconds": "inter-token latency between consecutive text deltas",
    "e2e_seconds": "request start to stream completion",
    "tpot_seconds": "first delta to completion divided by output units",
    "request_throughput": "successful requests per second"
  }
}
