{
  "schema_version": 1,
  "created_at": "2026-08-07T22:28:06+00:00",
  "model": "openbmb/MiniCPM-o-4_5",
  "base_url": "http://127.0.0.1:8091/v1",
  "requests": 30,
  "successes": 30,
  "failures": 0,
  "timeouts": 0,
  "http_status_distribution": {},
  "success_rate": 1.0,
  "wall_seconds": 6.318696,
  "request_throughput": 4.747815,
  "run_metadata": {
    "model": "openbmb/MiniCPM-o-4_5",
    "base_url": "http://127.0.0.1:8091/v1",
    "requests": 30,
    "concurrency": 8,
    "warmup_requests": 5,
    "prompt_sha256": "737f4c53ccc7682f",
    "python_version": "3.12",
    "schema_version": 1,
    "created_at": "2026-08-07T22:28:06+00:00"
  },
  "distributions": {
    "ttft_seconds": {
      "count": 30,
      "mean": 0.756892,
      "p50": 0.849002,
      "p95": 0.90466,
      "p99": 0.913486,
      "min": 0.096809,
      "max": 0.913495
    },
    "itl_seconds": {
      "count": 1080,
      "mean": 0.019356,
      "p50": 0.019797,
      "p95": 0.020937,
      "p99": 0.024999,
      "min": 0.015261,
      "max": 0.026481
    },
    "e2e_seconds": {
      "count": 30,
      "mean": 1.484172,
      "p50": 1.574743,
      "p95": 1.631246,
      "p99": 1.649222,
      "min": 0.826389,
      "max": 1.649274
    },
    "tpot_seconds": {
      "count": 0,
      "mean": null,
      "p50": null,
      "p95": null,
      "p99": null,
      "min": null,
      "max": null
    },
    "output_tokens": {
      "count": 0,
      "mean": null,
      "p50": null,
      "p95": null,
      "p99": null,
      "min": null,
      "max": null
    }
  },
  "errors": [],
  "results": [
    {
      "request_id": 0,
      "ttft_seconds": 0.09705846998258494,
      "itl_seconds": [
        0.02017058,
        0.01977032,
        0.01994701,
        0.01643221,
        0.02086366,
        0.01979921,
        0.020706,
        0.01968022,
        0.02066142,
        0.0156572,
        0.0206695,
        0.02064957,
        0.02071293,
        0.01545269,
        0.0208706,
        0.0197525,
        0.02508725,
        0.01956894,
        0.02024839,
        0.01992264,
        0.01573248,
        0.02106971,
        0.02022296,
        0.02101368,
        0.0156644,
        0.01984733,
        0.01993499,
        0.02093274,
        0.01996832,
        0.01646339,
        0.0197089,
        0.02080199,
        0.01978008,
        0.01642318,
        0.02003454,
        0.02084558
      ],
      "e2e_seconds": 0.8263892600079998,
      "output_characters": 61,
      "output_tokens": null,
      "tpot_seconds": null
    },
    {
      "request_id": 1,
      "ttft_seconds": 0.0968093000119552,
      "itl_seconds": [
        0.02028974,
        0.01976726,
        0.01986994,
        0.01649607,
        0.02088797,
        0.01988193,
        0.0206122,
        0.01969207,
        0.02063962,
        0.01567792,
        0.02065766,
        0.02065065,
        0.02071082,
        0.01546027,
        0.02086688,
        0.01973876,
        0.02501984,
        0.01956431,
        0.02023715,
        0.0199315,
        0.01573039,
        0.0210685,
        0.02023119,
        0.0210127,
        0.01565995,
        0.0198541,
        0.0199263,
        0.02093634,
        0.01997102,
        0.01646428,
        0.01970588,
        0.02080743,
        0.01972291,
        0.0165691,
        0.01993713,
        0.02084676
      ],
      "e2e_seconds": 0.826590690005105,
      "output_characters": 61,
      "output_tokens": null,
      "tpot_seconds": null
    },
    {
      "request_id": 2,
      "ttft_seconds": 0.1156944399990607,
      "itl_seconds": [
        0.01979227,
        0.01995181,
        0.01642538,
        0.02076447,
        0.01988595,
        0.02070702,
        0.01964177,
        0.02069674,
        0.01563617,
        0.02068189,
        0.02070066,
        0.02068572,
        0.01547942,
        0.02083605,
        0.01976164,
        0.02503522,
        0.01959687,
        0.02019948,
        0.01994666,
        0.01572814,
        0.02105693,
        0.02023815,
        0.02099109,
        0.01565279,
        0.0198991,
        0.01988533,
        0.0209858,
        0.01993752,
        0.01648478,
        0.01970476,
        0.02080846,
        0.01976765,
        0.01647228,
        0.01999333,
        0.02080878,
        0.02422995
      ],
      "e2e_seconds": 0.8622927700052969,
      "output_characters": 61,
      "output_tokens": null,
      "tpot_seconds": null
    },
    {
      "request_id": 3,
      "ttft_seconds": 0.8938963999971747,
      "itl_seconds": [
        0.02092838,
        0.02080112,
        0.01538362,
        0.02080938,
        0.01967846,
        0.02069253,
        0.0154263,
        0.02083246,
        0.0209438,
        0.01978294,
        0.01962645,
        0.01654311,
        0.01992405,
        0.02026168,
        0.02031342,
        0.0158147,
        0.02019076,
        0.02102974,
        0.01980991,
        0.02002855,
        0.01559154,
        0.02005979,
        0.02109654,
        0.01997222,
        0.0156639,
        0.0201204,
        0.02112558,
        0.02002388,
        0.01561824,
        0.02002008,
        0.02034571,
        0.02023522,
        0.01638867,
        0.01949731,
        0.02068235,
        0.01976717
      ],
      "e2e_seconds": 1.6094305499864276,
      "output_characters": 61,
      "output_tokens": null,
      "tpot_seconds": null
    },
    {
      "request_id": 4,
      "ttft_seconds": 0.11535753999487497,
      "itl_seconds": [
        0.01977276,
        0.01992168,
        0.01645854,
        0.02085417,
        0.01980392,
        0.02070776,
        0.01967799,
        0.02066321,
        0.01565872,
        0.02066955,
        0.02064984,
        0.02071075,
        0.01545476,
        0.02086549,
        0.01975459,
        0.02504511,
        0.01956609,
        0.02023257,
        0.01993683,
        0.01573577,
        0.02106387,
        0.02023225,
        0.02100692,
        0.01566775,
        0.01984732,
        0.0199337,
        0.02093243,
        0.01996791,
        0.01647046,
        0.01970714,
        0.02080765,
        0.01981663,
        0.01641765,
        0.01999551,
        0.0208225,
        0.02423342
      ],
      "e2e_seconds": 0.86221473000478,
      "output_characters": 61,
      "output_tokens": null,
      "tpot_seconds": null
    },
    {
      "request_id": 5,
      "ttft_seconds": 0.8930562300083693,
      "itl_seconds": [
        0.02105552,
        0.02066106,
        0.01537586,
        0.02081918,
        0.01967949,
        0.02082968,
        0.01532793,
        0.02083121,
        0.02107564,
        0.01960725,
        0.01980265,
        0.01637341,
        0.01991255,
        0.02027146,
        0.02030938,
        0.01581596,
        0.02035145,
        0.02090903,
        0.01981837,
        0.01996884,
        0.01564951,
        0.02006407,
        0.02109624,
        0.01996239,
        0.01567212,
        0.02012162,
        0.02112032,
        0.02003446,
        0.01561454,
        0.02002045,
        0.02032801,
        0.02024751,
        0.01635318,
        0.01953972,
        0.02064976,
        0.01975894
      ],
      "e2e_seconds": 1.6082116999896243,
      "output_characters": 61,
      "output_tokens": null,
      "tpot_seconds": null
    },
    {
      "request_id": 6,
      "ttft_seconds": 0.9134946900012437,
      "itl_seconds": [
        0.02069084,
        0.01538892,
        0.02076111,
        0.01969419,
        0.02081978,
        0.01539256,
        0.0207622,
        0.02104774,
        0.01965995,
        0.01974206,
        0.016415,
        0.01993715,
        0.02026726,
        0.02032946,
        0.01581454,
        0.02029813,
        0.0209725,
        0.01982143,
        0.02007972,
        0.01554407,
        0.02006501,
        0.02107107,
        0.01997269,
        0.01565543,
        0.02016082,
        0.02110806,
        0.0199942,
        0.01566695,
        0.02001925,
        0.02030358,
        0.02026347,
        0.0163084,
        0.01955688,
        0.02066783,
        0.01976155,
        0.01994576
      ],
      "e2e_seconds": 1.6490943699900527,
      "output_characters": 61,
      "output_tokens": null,
      "tpot_seconds": null
    },
    {
      "request_id": 7,
      "ttft_seconds": 0.913465890014777,
      "itl_seconds": [
        0.02062358,
        0.0153761,
        0.02081447,
        0.0196777,
        0.02082704,
        0.01538377,
        0.02083793,
        0.02103104,
        0.01960751,
        0.01981017,
        0.01635806,
        0.01991571,
        0.02026797,
        0.02031527,
        0.015808,
        0.02035033,
        0.02096516,
        0.01981355,
        0.02002822,
        0.01559131,
        0.02006009,
        0.02110135,
        0.01996565,
        0.01567446,
        0.02011966,
        0.02111754,
        0.02003043,
        0.01560713,
        0.02002836,
        0.02034078,
        0.02023671,
        0.01641315,
        0.01947484,
        0.02060077,
        0.01975611,
        0.02005342
      ],
      "e2e_seconds": 1.6492738200176973,
      "output_characters": 61,
      "output_tokens": null,
      "tpot_seconds": null
    },
    {
      "request_id": 8,
      "ttft_seconds": 0.8585015299904626,
      "itl_seconds": [
        0.01993956,
        0.01995271,
        0.0154537,
        0.02004234,
        0.02011655,
        0.02092328,
        0.01980286,
        0.01990547,
        0.01670425,
        0.0198255,
        0.01992913,
        0.01983182,
        0.01999944,
        0.01653703,
        0.01975177,
        0.02014597,
        0.01987389,
        0.01654514,
        0.01980025,
        0.02071359,
        0.01976763,
        0.02073918,
        0.01996064,
        0.01642261,
        0.0198397,
        0.02072194,
        0.01982109,
        0.01644187,
        0.01981988,
        0.0198732,
        0.0207306,
        0.02082624,
        0.01656374,
        0.02087303,
        0.0197492,
        0.0200853
      ],
      "e2e_seconds": 1.5809173900051974,
      "output_characters": 61,
      "output_tokens": null,
      "tpot_seconds": null
    },
    {
      "request_id": 9,
      "ttft_seconds": 0.8583237800048664,
      "itl_seconds": [
        0.02000844,
        0.0197602,
        0.01557742,
        0.01992397,
        0.02024505,
        0.02091376,
        0.01966088,
        0.01992636,
        0.01670856,
        0.01982295,
        0.01991444,
        0.01983119,
        0.01997681,
        0.01656146,
        0.01989813,
        0.02015564,
        0.01986881,
        0.01649887,
        0.01979719,
        0.02070195,
        0.01976742,
        0.02081696,
        0.01989944,
        0.01642322,
        0.01983838,
        0.02072249,
        0.01983037,
        0.01642977,
        0.01982196,
        0.01986314,
        0.02072817,
        0.02085778,
        0.01654738,
        0.02074163,
        0.0198746,
        0.02009678
      ],
      "e2e_seconds": 1.581058280018624,
      "output_characters": 61,
      "output_tokens": null,
      "tpot_seconds": null
    },
    {
      "request_id": 10,
      "ttft_seconds": 0.8411113700130954,
      "itl_seconds": [
        0.01984337,
        0.01554134,
        0.01995094,
        0.02020979,
        0.02089361,
        0.01973132,
        0.0199405,
        0.01668344,
        0.01985007,
        0.01988409,
        0.01985916,
        0.01995401,
        0.01655447,
        0.01985572,
        0.02010398,
        0.0198992,
        0.01643726,
        0.01985254,
        0.02074992,
        0.01976249,
        0.02078743,
        0.01989599,
        0.01643475,
        0.01984034,
        0.02072707,
        0.01982467,
        0.01642957,
        0.01982526,
        0.01987557,
        0.02072424,
        0.02060163,
        0.01672657,
        0.02083963,
        0.01981855,
        0.0200866,
        0.02426658
      ],
      "e2e_seconds": 1.5804589999897871,
      "output_characters": 61,
      "output_tokens": null,
      "tpot_seconds": null
    },
    {
      "request_id": 11,
      "ttft_seconds": 0.8409227499796543,
      "itl_seconds": [
        0.01976091,
        0.01558969,
        0.01991194,
        0.02025462,
        0.02091607,
        0.01965807,
        0.01992367,
        0.0167097,
        0.0198251,
        0.01991246,
        0.01983318,
        0.01997037,
        0.01656486,
        0.01989544,
        0.02027519,
        0.01975186,
        0.01643955,
        0.01980501,
        0.02071749,
        0.0197645,
        0.0208435,
        0.01984367,
        0.01643032,
        0.0198426,
        0.0207217,
        0.01982174,
        0.01644766,
        0.01981545,
        0.01987357,
        0.02072853,
        0.02081163,
        0.01655642,
        0.02080193,
        0.01982646,
        0.02006901,
        0.02426422
      ],
      "e2e_seconds": 1.580557189998217,
      "output_characters": 61,
      "output_tokens": null,
      "tpot_seconds": null
    },
    {
      "request_id": 12,
      "ttft_seconds": 0.8663324600202031,
      "itl_seconds": [
        0.02089377,
        0.01550537,
        0.01987157,
        0.02067026,
        0.01960747,
        0.01973895,
        0.01636204,
        0.01956436,
        0.02068248,
        0.01958809,
        0.01635953,
        0.01959987,
        0.02061986,
        0.01961058,
        0.01639042,
        0.0196249,
        0.01955134,
        0.0206354,
        0.01969774,
        0.0164087,
        0.01964506,
        0.02067597,
        0.0196586,
        0.0163383,
        0.0196372,
        0.02063385,
        0.01971869,
        0.01976167,
        0.01637109,
        0.01977006,
        0.02066995,
        0.01968007,
        0.0198672,
        0.01636577,
        0.01965967,
        0.02066395
      ],
      "e2e_seconds": 1.580457860021852,
      "output_characters": 61,
      "output_tokens": null,
      "tpot_seconds": null
    },
    {
      "request_id": 13,
      "ttft_seconds": 0.8661610599956475,
      "itl_seconds": [
        0.02092889,
        0.01546605,
        0.01986884,
        0.02062518,
        0.01964966,
        0.01974866,
        0.01636276,
        0.01955529,
        0.02069004,
        0.01958532,
        0.01635466,
        0.01960929,
        0.02060843,
        0.01961267,
        0.01638933,
        0.01958391,
        0.01955772,
        0.02063523,
        0.01969586,
        0.01640436,
        0.01970263,
        0.02062318,
        0.01965782,
        0.01639019,
        0.01958612,
        0.02063312,
        0.01971823,
        0.01976884,
        0.01637825,
        0.01975033,
        0.02067548,
        0.01968,
        0.01986803,
        0.01636447,
        0.01966012,
        0.02070348
      ],
      "e2e_seconds": 1.5805838800151832,
      "output_characters": 61,
      "output_tokens": null,
      "tpot_seconds": null
    },
    {
      "request_id": 14,
      "ttft_seconds": 0.8460065800172742,
      "itl_seconds": [
        0.01546622,
        0.01986937,
        0.02071156,
        0.01956388,
        0.01973846,
        0.01636824,
        0.01955713,
        0.02069046,
        0.01958632,
        0.01635521,
        0.01960387,
        0.02061639,
        0.01961041,
        0.01639015,
        0.01955408,
        0.01967505,
        0.02061667,
        0.01971361,
        0.01639284,
        0.01961345,
        0.02072012,
        0.0196515,
        0.01631443,
        0.01966723,
        0.0206334,
        0.01971842,
        0.01976934,
        0.01636404,
        0.01975511,
        0.02067023,
        0.01968137,
        0.0198868,
        0.01636176,
        0.01966153,
        0.02061787,
        0.02474365
      ],
      "e2e_seconds": 1.5750561500026379,
      "output_characters": 61,
      "output_tokens": null,
      "tpot_seconds": null
    },
    {
      "request_id": 15,
      "ttft_seconds": 0.8456407100020442,
      "itl_seconds": [
        0.01548677,
        0.0198555,
        0.02071166,
        0.0195777,
        0.01972437,
        0.0163772,
        0.01958797,
        0.02064964,
        0.01959636,
        0.0163885,
        0.01957507,
        0.02064443,
        0.01958414,
        0.0163907,
        0.01958495,
        0.01959572,
        0.02063074,
        0.01972261,
        0.0163821,
        0.01967108,
        0.02065133,
        0.01965546,
        0.01636644,
        0.01961247,
        0.02062971,
        0.01972131,
        0.01976257,
        0.01636611,
        0.01979904,
        0.02064362,
        0.01968236,
        0.0198672,
        0.01636661,
        0.01968202,
        0.02063859,
        0.02395498
      ],
      "e2e_seconds": 1.5744290500006173,
      "output_characters": 61,
      "output_tokens": null,
      "tpot_seconds": null
    },
    {
      "request_id": 16,
      "ttft_seconds": 0.8533833200053778,
      "itl_seconds": [
        0.02075101,
        0.01546708,
        0.02648055,
        0.01572216,
        0.01964355,
        0.02071,
        0.01537996,
        0.02070416,
        0.01964554,
        0.01962541,
        0.02074082,
        0.0153533,
        0.01984836,
        0.02067622,
        0.01969963,
        0.02076063,
        0.01538308,
        0.02084366,
        0.01995194,
        0.02080181,
        0.02021445,
        0.01645052,
        0.0196335,
        0.02090614,
        0.01969605,
        0.01634241,
        0.01972265,
        0.01995035,
        0.02063606,
        0.01639731,
        0.01969422,
        0.01984555,
        0.02073798,
        0.01958494,
        0.01642201,
        0.02074474
      ],
      "e2e_seconds": 1.572138029994676,
      "output_characters": 61,
      "output_tokens": null,
      "tpot_seconds": null
    },
    {
      "request_id": 17,
      "ttft_seconds": 0.8529694299795665,
      "itl_seconds": [
        0.02090356,
        0.01546071,
        0.02628863,
        0.01592186,
        0.01963637,
        0.02071394,
        0.01537759,
        0.02070051,
        0.01964263,
        0.01964021,
        0.02072671,
        0.01535609,
        0.01984248,
        0.02068499,
        0.01969006,
        0.02068797,
        0.01535317,
        0.02084234,
        0.01998317,
        0.02079265,
        0.02015726,
        0.01649442,
        0.01963246,
        0.02093062,
        0.01967559,
        0.01633627,
        0.01972844,
        0.01994912,
        0.02065977,
        0.01639834,
        0.01969369,
        0.0198421,
        0.02071944,
        0.01958721,
        0.01642076,
        0.02076177
      ],
      "e2e_seconds": 1.5723440299916547,
      "output_characters": 61,
      "output_tokens": null,
      "tpot_seconds": null
    },
    {
      "request_id": 18,
      "ttft_seconds": 0.8371181300026365,
      "itl_seconds": [
        0.01553034,
        0.02630339,
        0.01583911,
        0.01967309,
        0.0207121,
        0.0153765,
        0.02070962,
        0.01964577,
        0.01966162,
        0.02070781,
        0.01535459,
        0.01984804,
        0.02068332,
        0.01969582,
        0.02071137,
        0.0154258,
        0.02080254,
        0.01996425,
        0.02080279,
        0.02015551,
        0.01644963,
        0.01962664,
        0.0209329,
        0.01966018,
        0.01642393,
        0.01964703,
        0.01993985,
        0.02069843,
        0.01641142,
        0.01970554,
        0.01984247,
        0.02070227,
        0.01960535,
        0.01641622,
        0.0207531,
        0.02350796
      ],
      "e2e_seconds": 1.5726015800028108,
      "output_characters": 61,
      "output_tokens": null,
      "tpot_seconds": null
    },
    {
      "request_id": 19,
      "ttft_seconds": 0.8369161100126803,
      "itl_seconds": [
        0.01547249,
        0.02645449,
        0.01571037,
        0.01967998,
        0.02071408,
        0.01538272,
        0.02069856,
        0.01964782,
        0.01962862,
        0.02073783,
        0.01535597,
        0.0198477,
        0.02067964,
        0.01969875,
        0.02071499,
        0.01542953,
        0.02076799,
        0.01996637,
        0.02081623,
        0.02015052,
        0.01644323,
        0.0196902,
        0.0209086,
        0.01969527,
        0.01633951,
        0.01972671,
        0.01994913,
        0.02061672,
        0.01641038,
        0.0197278,
        0.01984218,
        0.02071644,
        0.01959005,
        0.01642114,
        0.02074976,
        0.02351202
      ],
      "e2e_seconds": 1.572749550017761,
      "output_characters": 61,
      "output_tokens": null,
      "tpot_seconds": null
    },
    {
      "request_id": 20,
      "ttft_seconds": 0.857491549977567,
      "itl_seconds": [
        0.01978987,
        0.01558686,
        0.0207327,
        0.01953978,
        0.01964326,
        0.02066615,
        0.01530657,
        0.01968065,
        0.02075595,
        0.01963426,
        0.01653322,
        0.01960872,
        0.02077542,
        0.01955137,
        0.01976996,
        0.01641187,
        0.01959948,
        0.02066111,
        0.01960765,
        0.01637065,
        0.01975076,
        0.02064916,
        0.01961635,
        0.01641145,
        0.01955065,
        0.01966098,
        0.02073869,
        0.0207004,
        0.0152606,
        0.02065351,
        0.01961937,
        0.0206477,
        0.01530938,
        0.02068933,
        0.01964999,
        0.01971513
      ],
      "e2e_seconds": 1.570135099987965,
      "output_characters": 61,
      "output_tokens": null,
      "tpot_seconds": null
    },
    {
      "request_id": 21,
      "ttft_seconds": 0.8571389499993529,
      "itl_seconds": [
        0.0197014,
        0.01579116,
        0.02061461,
        0.01965847,
        0.01951246,
        0.02067103,
        0.01543204,
        0.01970099,
        0.02061684,
        0.01975173,
        0.01635432,
        0.01979632,
        0.0206454,
        0.01959857,
        0.01972191,
        0.01645929,
        0.0195994,
        0.02062739,
        0.01961273,
        0.01639921,
        0.01971171,
        0.02068531,
        0.0196023,
        0.01639135,
        0.01958518,
        0.01964938,
        0.02071122,
        0.02065275,
        0.01534075,
        0.02065754,
        0.01960467,
        0.02066596,
        0.01531097,
        0.02067058,
        0.01966961,
        0.01971423
      ],
      "e2e_seconds": 1.5694074200000614,
      "output_characters": 61,
      "output_tokens": null,
      "tpot_seconds": null
    },
    {
      "request_id": 22,
      "ttft_seconds": 0.8417713200033177,
      "itl_seconds": [
        0.01559488,
        0.02074272,
        0.0196499,
        0.01951617,
        0.0206817,
        0.01541705,
        0.01970211,
        0.02062362,
        0.01975274,
        0.0163509,
        0.01981375,
        0.02063079,
        0.01962467,
        0.01969133,
        0.01636902,
        0.01972134,
        0.02066048,
        0.01960786,
        0.01636831,
        0.01968609,
        0.02073075,
        0.01961605,
        0.01633188,
        0.01963,
        0.01965974,
        0.02076329,
        0.02057095,
        0.0153579,
        0.02066703,
        0.0196199,
        0.02064545,
        0.01530667,
        0.02067179,
        0.01966822,
        0.01971625,
        0.02327637
      ],
      "e2e_seconds": 1.5712380899931304,
      "output_characters": 61,
      "output_tokens": null,
      "tpot_seconds": null
    },
    {
      "request_id": 23,
      "ttft_seconds": 0.8413814700033981,
      "itl_seconds": [
        0.01570256,
        0.02069371,
        0.01960309,
        0.01959715,
        0.02067185,
        0.01532579,
        0.01973411,
        0.02066079,
        0.01968483,
        0.0164047,
        0.01975711,
        0.02069498,
        0.01959826,
        0.01972307,
        0.0163936,
        0.01963284,
        0.02068789,
        0.01961381,
        0.0163661,
        0.0197242,
        0.02068096,
        0.01960141,
        0.01637585,
        0.01959864,
        0.0196501,
        0.02069544,
        0.02065597,
        0.01535433,
        0.02067171,
        0.01959442,
        0.02067012,
        0.0153066,
        0.02069559,
        0.01962932,
        0.0197101,
        0.02328445
      ],
      "e2e_seconds": 1.5710945500177331,
      "output_characters": 61,
      "output_tokens": null,
      "tpot_seconds": null
    },
    {
      "request_id": 24,
      "ttft_seconds": 0.8491247999772895,
      "itl_seconds": [
        0.02090646,
        0.01951166,
        0.02093645,
        0.01540381,
        0.01964309,
        0.02068564,
        0.01974669,
        0.01993506,
        0.01646606,
        0.01968241,
        0.02073028,
        0.01970878,
        0.01556807,
        0.02074027,
        0.01967613,
        0.02074091,
        0.01961219,
        0.01566361,
        0.01969433,
        0.02073983,
        0.01962768,
        0.02078904,
        0.01546156,
        0.02075087,
        0.01969708,
        0.02072234,
        0.01976032,
        0.02500162,
        0.01996411,
        0.02070746,
        0.01963016,
        0.02072944,
        0.02104779,
        0.01536537,
        0.0195974,
        0.02074131
      ],
      "e2e_seconds": 1.578733119997196,
      "output_characters": 61,
      "output_tokens": null,
      "tpot_seconds": null
    },
    {
      "request_id": 25,
      "ttft_seconds": 0.8488785999943502,
      "itl_seconds": [
        0.0207781,
        0.01952685,
        0.02087837,
        0.01546547,
        0.01964392,
        0.02075375,
        0.01966794,
        0.01992208,
        0.01646759,
        0.01970272,
        0.02071902,
        0.01970675,
        0.01558321,
        0.02072481,
        0.01968732,
        0.02073722,
        0.01968768,
        0.0156935,
        0.01967968,
        0.02072843,
        0.01966937,
        0.02076044,
        0.0154463,
        0.02075246,
        0.01969865,
        0.02071988,
        0.01976844,
        0.02501347,
        0.01996756,
        0.02069023,
        0.01963585,
        0.0207522,
        0.02104908,
        0.01536378,
        0.01958343,
        0.02071995
      ],
      "e2e_seconds": 1.5784863799926825,
      "output_characters": 61,
      "output_tokens": null,
      "tpot_seconds": null
    },
    {
      "request_id": 26,
      "ttft_seconds": 0.8328065000241622,
      "itl_seconds": [
        0.01954012,
        0.02098351,
        0.01536535,
        0.01963263,
        0.02086594,
        0.01957197,
        0.01992037,
        0.01646917,
        0.01970302,
        0.02072034,
        0.01970481,
        0.01558299,
        0.02072614,
        0.01968457,
        0.02073183,
        0.01965633,
        0.01565265,
        0.01970887,
        0.02074037,
        0.01970806,
        0.02070832,
        0.01544455,
        0.02074032,
        0.01971294,
        0.02068137,
        0.01981264,
        0.02499813,
        0.01988813,
        0.02072106,
        0.01968924,
        0.02068408,
        0.02108254,
        0.0153664,
        0.01961842,
        0.0207227,
        0.02409632
      ],
      "e2e_seconds": 1.583464900002582,
      "output_characters": 61,
      "output_tokens": null,
      "tpot_seconds": null
    },
    {
      "request_id": 27,
      "ttft_seconds": 0.8324720000091475,
      "itl_seconds": [
        0.01957997,
        0.02091466,
        0.0154035,
        0.01966229,
        0.02073524,
        0.01965037,
        0.01994622,
        0.0164622,
        0.01970841,
        0.02071974,
        0.01970267,
        0.01560303,
        0.02073601,
        0.0196524,
        0.02073612,
        0.01965818,
        0.01564901,
        0.01971074,
        0.02074199,
        0.0196597,
        0.02075662,
        0.01546975,
        0.02073882,
        0.01968938,
        0.02079226,
        0.01968692,
        0.02502665,
        0.02000897,
        0.0206996,
        0.01958795,
        0.02060334,
        0.02113658,
        0.01537309,
        0.01962554,
        0.02072395,
        0.02406687
      ],
      "e2e_seconds": 1.5830667499976698,
      "output_characters": 61,
      "output_tokens": null,
      "tpot_seconds": null
    },
    {
      "request_id": 28,
      "ttft_seconds": 0.8519013700133655,
      "itl_seconds": [
        0.01961243,
        0.02072334,
        0.01980009,
        0.0164205,
        0.01967577,
        0.01969795,
        0.0164131,
        0.01966866,
        0.01972826,
        0.01641921,
        0.01986322,
        0.02074407,
        0.0196647,
        0.01537007,
        0.01969172,
        0.0196225,
        0.01968754,
        0.01537205,
        0.0196904,
        0.0197545,
        0.01979285,
        0.01643134,
        0.02071655,
        0.01964249,
        0.01643108,
        0.01965643,
        0.01965045,
        0.01535507,
        0.01982435,
        0.01971763,
        0.01644357,
        0.0198625,
        0.01976092,
        0.0207522,
        0.01533032,
        0.01967925
      ],
      "e2e_seconds": 1.5515240000095218,
      "output_characters": 61,
      "output_tokens": null,
      "tpot_seconds": null
    },
    {
      "request_id": 29,
      "ttft_seconds": 0.851587949990062,
      "itl_seconds": [
        0.01963535,
        0.02073847,
        0.019778,
        0.01642363,
        0.01967738,
        0.01968884,
        0.01641653,
        0.01967074,
        0.01972775,
        0.01641732,
        0.0198515,
        0.02075438,
        0.0196672,
        0.01536917,
        0.01969037,
        0.01965249,
        0.01965988,
        0.01535776,
        0.01968204,
        0.01977451,
        0.01979957,
        0.01642479,
        0.02072392,
        0.01965689,
        0.01643656,
        0.01963035,
        0.01967138,
        0.01535742,
        0.0197292,
        0.01978093,
        0.01644949,
        0.0198184,
        0.01980849,
        0.02075322,
        0.015348,
        0.01966771
      ],
      "e2e_seconds": 1.5511558399884962,
      "output_characters": 61,
      "output_tokens": null,
      "tpot_seconds": null
    }
  ],
  "metric_definitions": {
    "ttft_seconds": "request start to first non-empty text delta",
    "itl_seconds": "inter-token latency between consecutive text deltas",
    "e2e_seconds": "request start to stream completion",
    "tpot_seconds": "first delta to completion divided by output units",
    "request_throughput": "successful requests per second"
  }
}
