{
  "schema_version": 1,
  "created_at": "2026-08-07T22:27:58+00:00",
  "model": "openbmb/MiniCPM-o-4_5",
  "base_url": "http://127.0.0.1:8091/v1",
  "requests": 30,
  "successes": 30,
  "failures": 0,
  "timeouts": 0,
  "http_status_distribution": {},
  "success_rate": 1.0,
  "wall_seconds": 6.630765,
  "request_throughput": 4.524365,
  "run_metadata": {
    "model": "openbmb/MiniCPM-o-4_5",
    "base_url": "http://127.0.0.1:8091/v1",
    "requests": 30,
    "concurrency": 4,
    "warmup_requests": 5,
    "prompt_sha256": "737f4c53ccc7682f",
    "python_version": "3.12",
    "schema_version": 1,
    "created_at": "2026-08-07T22:27:58+00:00"
  },
  "distributions": {
    "ttft_seconds": {
      "count": 30,
      "mean": 0.097554,
      "p50": 0.095414,
      "p95": 0.115917,
      "p99": 0.116781,
      "min": 0.089865,
      "max": 0.11706
    },
    "itl_seconds": {
      "count": 1080,
      "mean": 0.019643,
      "p50": 0.019963,
      "p95": 0.021081,
      "p99": 0.024502,
      "min": 0.01515,
      "max": 0.032685
    },
    "e2e_seconds": {
      "count": 30,
      "mean": 0.827901,
      "p50": 0.82687,
      "p95": 0.848395,
      "p99": 0.849367,
      "min": 0.813369,
      "max": 0.849575
    },
    "tpot_seconds": {
      "count": 0,
      "mean": null,
      "p50": null,
      "p95": null,
      "p99": null,
      "min": null,
      "max": null
    },
    "output_tokens": {
      "count": 0,
      "mean": null,
      "p50": null,
      "p95": null,
      "p99": null,
      "min": null,
      "max": null
    }
  },
  "errors": [],
  "results": [
    {
      "request_id": 0,
      "ttft_seconds": 0.09602361000725068,
      "itl_seconds": [
        0.02134359,
        0.02084214,
        0.01649003,
        0.01976404,
        0.02092486,
        0.02086783,
        0.01654251,
        0.01993798,
        0.02094805,
        0.02086738,
        0.01653564,
        0.02004527,
        0.02040468,
        0.01958487,
        0.02090184,
        0.01995819,
        0.01655583,
        0.02061333,
        0.02061878,
        0.02063438,
        0.01959565,
        0.01959013,
        0.02057491,
        0.01970854,
        0.01956261,
        0.0164179,
        0.01969311,
        0.01973114,
        0.02069589,
        0.01954565,
        0.01976276,
        0.01944323,
        0.01960863,
        0.01963195,
        0.0196375,
        0.01961052
      ],
      "e2e_seconds": 0.8250618200108875,
      "output_characters": 61,
      "output_tokens": null,
      "tpot_seconds": null
    },
    {
      "request_id": 1,
      "ttft_seconds": 0.11706023997976445,
      "itl_seconds": [
        0.02090165,
        0.01650669,
        0.01976741,
        0.02091076,
        0.0208718,
        0.01655423,
        0.01993175,
        0.02092784,
        0.02088703,
        0.01652899,
        0.0199733,
        0.0204014,
        0.01964743,
        0.02088471,
        0.02002537,
        0.01653735,
        0.02058835,
        0.02074649,
        0.020552,
        0.01959125,
        0.01959975,
        0.0205671,
        0.01961512,
        0.01965708,
        0.01637914,
        0.01973141,
        0.01965872,
        0.02072493,
        0.01958565,
        0.01974501,
        0.01946526,
        0.01960917,
        0.01961064,
        0.01964279,
        0.01960275,
        0.02166924
      ],
      "e2e_seconds": 0.8495747300039511,
      "output_characters": 61,
      "output_tokens": null,
      "tpot_seconds": null
    },
    {
      "request_id": 2,
      "ttft_seconds": 0.11609891999978572,
      "itl_seconds": [
        0.0208507,
        0.01650218,
        0.0197674,
        0.02091197,
        0.02086952,
        0.01655384,
        0.01993239,
        0.02093388,
        0.02088367,
        0.0165274,
        0.0199986,
        0.02042297,
        0.01960999,
        0.02088019,
        0.02009021,
        0.01653043,
        0.020535,
        0.0207369,
        0.02060671,
        0.01959619,
        0.01945029,
        0.02071796,
        0.01956593,
        0.01968787,
        0.01634106,
        0.01981523,
        0.01960162,
        0.02079647,
        0.01954422,
        0.01976211,
        0.0194416,
        0.01959507,
        0.01963129,
        0.01964414,
        0.01960535,
        0.02167661
      ],
      "e2e_seconds": 0.848858770012157,
      "output_characters": 61,
      "output_tokens": null,
      "tpot_seconds": null
    },
    {
      "request_id": 3,
      "ttft_seconds": 0.1156942399975378,
      "itl_seconds": [
        0.02085014,
        0.01657668,
        0.01979434,
        0.02088838,
        0.0208647,
        0.01654957,
        0.01994022,
        0.02087428,
        0.02088439,
        0.01658269,
        0.02000345,
        0.02035903,
        0.01966879,
        0.02088156,
        0.02002935,
        0.01655107,
        0.02059286,
        0.02064229,
        0.0206352,
        0.01959475,
        0.01954918,
        0.02064114,
        0.0196035,
        0.01963704,
        0.01639013,
        0.01970611,
        0.01966894,
        0.02083143,
        0.01948083,
        0.01960129,
        0.01960998,
        0.01961206,
        0.01963435,
        0.01964115,
        0.01960344,
        0.02162921
      ],
      "e2e_seconds": 0.8478284399898257,
      "output_characters": 61,
      "output_tokens": null,
      "tpot_seconds": null
    },
    {
      "request_id": 4,
      "ttft_seconds": 0.09566456999164075,
      "itl_seconds": [
        0.02030713,
        0.02070819,
        0.01977641,
        0.01989509,
        0.02083522,
        0.01579167,
        0.02084271,
        0.02017511,
        0.02085823,
        0.01572742,
        0.02096587,
        0.02015704,
        0.021386,
        0.01984694,
        0.02094293,
        0.0198049,
        0.01650432,
        0.02094222,
        0.0198892,
        0.02105529,
        0.01658248,
        0.02046513,
        0.01980366,
        0.02039648,
        0.02079119,
        0.02065975,
        0.01964028,
        0.01963601,
        0.01963982,
        0.01991363,
        0.01971278,
        0.01638692,
        0.01962131,
        0.02065642,
        0.01958124,
        0.01965382
      ],
      "e2e_seconds": 0.8275694299954921,
      "output_characters": 61,
      "output_tokens": null,
      "tpot_seconds": null
    },
    {
      "request_id": 5,
      "ttft_seconds": 0.09104036001372151,
      "itl_seconds": [
        0.0207434,
        0.0197698,
        0.01988863,
        0.02085152,
        0.01579553,
        0.02084094,
        0.02013299,
        0.020893,
        0.01572356,
        0.02095025,
        0.02016211,
        0.02137433,
        0.01987041,
        0.02088581,
        0.01983499,
        0.01656515,
        0.02092331,
        0.01985972,
        0.02108106,
        0.0166035,
        0.0204223,
        0.02061365,
        0.0195946,
        0.0207704,
        0.02071853,
        0.01964229,
        0.01963562,
        0.01962229,
        0.01993417,
        0.0196788,
        0.01642133,
        0.01961518,
        0.02066034,
        0.01965952,
        0.01957681,
        0.02229719
      ],
      "e2e_seconds": 0.8274069800099824,
      "output_characters": 61,
      "output_tokens": null,
      "tpot_seconds": null
    },
    {
      "request_id": 6,
      "ttft_seconds": 0.09091018000617623,
      "itl_seconds": [
        0.02071023,
        0.01976714,
        0.01988776,
        0.02085289,
        0.01579158,
        0.02084274,
        0.02013327,
        0.02089778,
        0.01572429,
        0.02094859,
        0.0201621,
        0.02138743,
        0.01986226,
        0.02092083,
        0.01982129,
        0.01659785,
        0.02104837,
        0.01969248,
        0.02117378,
        0.01656887,
        0.02047354,
        0.02053834,
        0.01964494,
        0.02067952,
        0.02075914,
        0.01964662,
        0.01963514,
        0.01962981,
        0.01991256,
        0.01963824,
        0.0164685,
        0.0196213,
        0.02064802,
        0.01961244,
        0.01962995,
        0.02228082
      ],
      "e2e_seconds": 0.8279973900062032,
      "output_characters": 61,
      "output_tokens": null,
      "tpot_seconds": null
    },
    {
      "request_id": 7,
      "ttft_seconds": 0.09061312000267208,
      "itl_seconds": [
        0.02071638,
        0.01980608,
        0.01987279,
        0.02087293,
        0.01579327,
        0.02087088,
        0.02010372,
        0.02091556,
        0.0157274,
        0.02090892,
        0.02017737,
        0.02137651,
        0.01987343,
        0.02088196,
        0.01985321,
        0.01655017,
        0.02094664,
        0.01985365,
        0.02106452,
        0.01658077,
        0.02041425,
        0.01991338,
        0.02030969,
        0.02076879,
        0.02072792,
        0.01963421,
        0.01964369,
        0.01964054,
        0.01991865,
        0.01969783,
        0.01640428,
        0.0196035,
        0.02067353,
        0.01960377,
        0.01962284,
        0.02216046
      ],
      "e2e_seconds": 0.8274826999986544,
      "output_characters": 61,
      "output_tokens": null,
      "tpot_seconds": null
    },
    {
      "request_id": 8,
      "ttft_seconds": 0.1009848199901171,
      "itl_seconds": [
        0.01570591,
        0.02024246,
        0.02009421,
        0.01661038,
        0.02016196,
        0.02070896,
        0.01984015,
        0.02028148,
        0.016666,
        0.02007521,
        0.02091348,
        0.02088778,
        0.01569207,
        0.020929,
        0.02091177,
        0.01978385,
        0.02001379,
        0.01670399,
        0.02006375,
        0.02092139,
        0.01992607,
        0.01661671,
        0.02100503,
        0.01982786,
        0.02094945,
        0.01654394,
        0.01995755,
        0.02003373,
        0.02085854,
        0.02097221,
        0.0156285,
        0.02095876,
        0.02111284,
        0.02005044,
        0.01663556,
        0.02057932
      ],
      "e2e_seconds": 0.8221323299803771,
      "output_characters": 61,
      "output_tokens": null,
      "tpot_seconds": null
    },
    {
      "request_id": 9,
      "ttft_seconds": 0.09148974998970516,
      "itl_seconds": [
        0.02015911,
        0.02018453,
        0.01657284,
        0.02015573,
        0.02072277,
        0.01983991,
        0.02026293,
        0.01666654,
        0.02007904,
        0.02088726,
        0.0209152,
        0.01570461,
        0.02091888,
        0.02091397,
        0.01982326,
        0.02001325,
        0.01667069,
        0.02009323,
        0.02091434,
        0.02010308,
        0.01657221,
        0.02087588,
        0.01982859,
        0.02094064,
        0.01667182,
        0.0198066,
        0.02006622,
        0.02095614,
        0.02085369,
        0.01562725,
        0.02092461,
        0.02116325,
        0.02003423,
        0.01663896,
        0.02056048,
        0.02213981
      ],
      "e2e_seconds": 0.8220719099917915,
      "output_characters": 61,
      "output_tokens": null,
      "tpot_seconds": null
    },
    {
      "request_id": 10,
      "ttft_seconds": 0.09126879001269117,
      "itl_seconds": [
        0.02008978,
        0.02021864,
        0.0165117,
        0.02015589,
        0.02071595,
        0.01983898,
        0.02026539,
        0.01667067,
        0.02007921,
        0.02088424,
        0.0209134,
        0.01570605,
        0.02091746,
        0.02091461,
        0.01987441,
        0.02001704,
        0.0166186,
        0.02014748,
        0.02091409,
        0.0199596,
        0.01658326,
        0.02099613,
        0.01982964,
        0.0209499,
        0.01661221,
        0.01990309,
        0.02002561,
        0.02092788,
        0.0208974,
        0.0156274,
        0.02086871,
        0.02123091,
        0.02004376,
        0.01665039,
        0.02056795,
        0.02217117
      ],
      "e2e_seconds": 0.8220804200100247,
      "output_characters": 61,
      "output_tokens": null,
      "tpot_seconds": null
    },
    {
      "request_id": 11,
      "ttft_seconds": 0.09081680999952368,
      "itl_seconds": [
        0.02020414,
        0.02018385,
        0.01657345,
        0.02015895,
        0.02075049,
        0.01981243,
        0.02026661,
        0.01660395,
        0.02011701,
        0.02090406,
        0.02091213,
        0.01571581,
        0.02091291,
        0.02090842,
        0.01982945,
        0.02004209,
        0.01660031,
        0.02008692,
        0.02090246,
        0.02004027,
        0.01659341,
        0.02097504,
        0.01983076,
        0.02093434,
        0.01661512,
        0.01985746,
        0.02006292,
        0.02092134,
        0.02089484,
        0.01565449,
        0.02091279,
        0.02115572,
        0.02004313,
        0.01661702,
        0.02052037,
        0.02216119
      ],
      "e2e_seconds": 0.8210487199830823,
      "output_characters": 61,
      "output_tokens": null,
      "tpot_seconds": null
    },
    {
      "request_id": 12,
      "ttft_seconds": 0.09930899000028148,
      "itl_seconds": [
        0.02123971,
        0.01993613,
        0.02095494,
        0.01573259,
        0.02097587,
        0.02018022,
        0.02096215,
        0.01672242,
        0.01990791,
        0.02086056,
        0.02014131,
        0.02096795,
        0.01662093,
        0.01991589,
        0.02092504,
        0.02159574,
        0.01967235,
        0.01665601,
        0.01992339,
        0.02095802,
        0.01991194,
        0.02095358,
        0.01585213,
        0.02103162,
        0.02104256,
        0.01962631,
        0.02080273,
        0.01556093,
        0.02068226,
        0.01990681,
        0.02069238,
        0.01996363,
        0.01969648,
        0.02064403,
        0.01639425,
        0.02449162
      ],
      "e2e_seconds": 0.8297887899971101,
      "output_characters": 61,
      "output_tokens": null,
      "tpot_seconds": null
    },
    {
      "request_id": 13,
      "ttft_seconds": 0.0954402899951674,
      "itl_seconds": [
        0.01991599,
        0.02094596,
        0.01574924,
        0.02096206,
        0.02019328,
        0.02095226,
        0.01673832,
        0.01990344,
        0.02086458,
        0.02013625,
        0.02097733,
        0.01660273,
        0.01993389,
        0.02091242,
        0.0216081,
        0.01968951,
        0.01667006,
        0.01992721,
        0.02094004,
        0.01991037,
        0.02097574,
        0.01582634,
        0.0209841,
        0.02111333,
        0.0196273,
        0.02072856,
        0.01564161,
        0.02068188,
        0.01990782,
        0.02068701,
        0.01994234,
        0.01966305,
        0.02069839,
        0.01637034,
        0.02451495,
        0.01835742
      ],
      "e2e_seconds": 0.8293160100001842,
      "output_characters": 61,
      "output_tokens": null,
      "tpot_seconds": null
    },
    {
      "request_id": 14,
      "ttft_seconds": 0.09538791998056695,
      "itl_seconds": [
        0.01979909,
        0.02094645,
        0.01574529,
        0.02096121,
        0.02020142,
        0.02094154,
        0.01673722,
        0.01991097,
        0.02086126,
        0.02014276,
        0.02096855,
        0.01660233,
        0.01993421,
        0.02091096,
        0.0216935,
        0.01966879,
        0.01666427,
        0.01992503,
        0.0209568,
        0.01989844,
        0.02098175,
        0.01582315,
        0.0210443,
        0.02104857,
        0.01964684,
        0.02067633,
        0.01565267,
        0.0206838,
        0.01990655,
        0.02070387,
        0.01995012,
        0.01961479,
        0.02074865,
        0.01636772,
        0.02451425,
        0.0182957
      ],
      "e2e_seconds": 0.8298788199899718,
      "output_characters": 61,
      "output_tokens": null,
      "tpot_seconds": null
    },
    {
      "request_id": 15,
      "ttft_seconds": 0.09496691002277657,
      "itl_seconds": [
        0.01994984,
        0.02095868,
        0.01574554,
        0.02096636,
        0.02018681,
        0.02095007,
        0.01663021,
        0.01991758,
        0.02096055,
        0.0201586,
        0.02094855,
        0.01661009,
        0.01993385,
        0.02093556,
        0.02152231,
        0.01974017,
        0.0166352,
        0.01994007,
        0.02095134,
        0.01992978,
        0.02099811,
        0.01582764,
        0.0209834,
        0.02108101,
        0.01965662,
        0.02069877,
        0.01565321,
        0.02068623,
        0.01990396,
        0.02068968,
        0.01993239,
        0.0196866,
        0.02067237,
        0.01640215,
        0.02449904,
        0.0182463
      ],
      "e2e_seconds": 0.8293693500163499,
      "output_characters": 61,
      "output_tokens": null,
      "tpot_seconds": null
    },
    {
      "request_id": 16,
      "ttft_seconds": 0.10339000000385568,
      "itl_seconds": [
        0.02043638,
        0.01637698,
        0.02076415,
        0.02090899,
        0.01980826,
        0.02108607,
        0.01983759,
        0.01645128,
        0.02525946,
        0.01999939,
        0.02079619,
        0.01965419,
        0.01995582,
        0.01979896,
        0.01986238,
        0.01973753,
        0.01984267,
        0.02069133,
        0.01969113,
        0.02073106,
        0.01651085,
        0.01969354,
        0.02072505,
        0.02082081,
        0.01897146,
        0.02073405,
        0.016427,
        0.02081404,
        0.01967631,
        0.02076841,
        0.01636602,
        0.01964606,
        0.0196258,
        0.02067675,
        0.01966355,
        0.02070145
      ],
      "e2e_seconds": 0.8384504499845207,
      "output_characters": 61,
      "output_tokens": null,
      "tpot_seconds": null
    },
    {
      "request_id": 17,
      "ttft_seconds": 0.09859290000167675,
      "itl_seconds": [
        0.01640091,
        0.02074618,
        0.02092316,
        0.01982365,
        0.02108718,
        0.01980052,
        0.0164615,
        0.02530396,
        0.01995995,
        0.02102116,
        0.01956535,
        0.01996318,
        0.01967277,
        0.01983806,
        0.01989574,
        0.01968068,
        0.0207582,
        0.01965097,
        0.02075684,
        0.01648258,
        0.01973566,
        0.02072419,
        0.02077568,
        0.01896838,
        0.02074517,
        0.01646592,
        0.02081244,
        0.01967704,
        0.02071161,
        0.01642714,
        0.01964172,
        0.01961114,
        0.0206927,
        0.01966302,
        0.02069882,
        0.02143448
      ],
      "e2e_seconds": 0.8349192000168841,
      "output_characters": 61,
      "output_tokens": null,
      "tpot_seconds": null
    },
    {
      "request_id": 18,
      "ttft_seconds": 0.09843404998537153,
      "itl_seconds": [
        0.01636961,
        0.02074264,
        0.02092229,
        0.01982426,
        0.02108757,
        0.01980469,
        0.01645955,
        0.0253798,
        0.0199007,
        0.0210246,
        0.0195458,
        0.01996903,
        0.01967092,
        0.01983585,
        0.01989185,
        0.01969222,
        0.02078931,
        0.01961619,
        0.02098084,
        0.0162599,
        0.01978619,
        0.02071876,
        0.02073599,
        0.0190634,
        0.02064273,
        0.01651071,
        0.02081653,
        0.01966942,
        0.02067003,
        0.01645691,
        0.01964722,
        0.01963699,
        0.02068185,
        0.0196452,
        0.02070538,
        0.02145081
      ],
      "e2e_seconds": 0.8343298099935055,
      "output_characters": 61,
      "output_tokens": null,
      "tpot_seconds": null
    },
    {
      "request_id": 19,
      "ttft_seconds": 0.09794830999453552,
      "itl_seconds": [
        0.01641673,
        0.0207471,
        0.02089201,
        0.01982387,
        0.02108429,
        0.01981919,
        0.01649678,
        0.02527456,
        0.01998446,
        0.02085384,
        0.01966964,
        0.01994831,
        0.01972904,
        0.01984799,
        0.01983811,
        0.01973987,
        0.02074715,
        0.01966303,
        0.02075304,
        0.01649202,
        0.01965913,
        0.02079072,
        0.02076808,
        0.01898595,
        0.02073806,
        0.01644539,
        0.02083029,
        0.0196889,
        0.02070169,
        0.01642139,
        0.01964418,
        0.01961458,
        0.02070558,
        0.01962986,
        0.02071409,
        0.02145184
      ],
      "e2e_seconds": 0.8335362699872348,
      "output_characters": 61,
      "output_tokens": null,
      "tpot_seconds": null
    },
    {
      "request_id": 20,
      "ttft_seconds": 0.09575449998374097,
      "itl_seconds": [
        0.02107891,
        0.02062606,
        0.01964504,
        0.01642307,
        0.02064527,
        0.02063078,
        0.02012447,
        0.01660318,
        0.02000694,
        0.02089709,
        0.02099415,
        0.01575038,
        0.02017554,
        0.020047,
        0.02108845,
        0.01896571,
        0.02089568,
        0.01571803,
        0.02087725,
        0.02006732,
        0.01983832,
        0.02018015,
        0.01668549,
        0.02001459,
        0.02005475,
        0.02092265,
        0.01911956,
        0.02094693,
        0.01585015,
        0.02089028,
        0.02001058,
        0.01984651,
        0.02008993,
        0.01693819,
        0.01994349,
        0.02000999
      ],
      "e2e_seconds": 0.8200297000003047,
      "output_characters": 61,
      "output_tokens": null,
      "tpot_seconds": null
    },
    {
      "request_id": 21,
      "ttft_seconds": 0.09530876000644639,
      "itl_seconds": [
        0.02069609,
        0.019614,
        0.01640761,
        0.02069343,
        0.02094895,
        0.01976484,
        0.01662059,
        0.01998374,
        0.02091241,
        0.02102413,
        0.01571053,
        0.02019308,
        0.02002441,
        0.02104413,
        0.01912605,
        0.02081808,
        0.01564146,
        0.02095364,
        0.02008468,
        0.01983577,
        0.02014304,
        0.01672329,
        0.02004723,
        0.02000557,
        0.02094,
        0.01911465,
        0.02090461,
        0.01586887,
        0.02091488,
        0.02001209,
        0.01984518,
        0.02009554,
        0.01687084,
        0.01998907,
        0.02001595,
        0.02163251
      ],
      "e2e_seconds": 0.8234988700132817,
      "output_characters": 61,
      "output_tokens": null,
      "tpot_seconds": null
    },
    {
      "request_id": 22,
      "ttft_seconds": 0.09524014999624342,
      "itl_seconds": [
        0.02062986,
        0.01962708,
        0.01642456,
        0.02066089,
        0.02081114,
        0.01992779,
        0.01659622,
        0.02002758,
        0.02089914,
        0.02099392,
        0.01573621,
        0.0201875,
        0.02003251,
        0.02107986,
        0.01906511,
        0.02082161,
        0.01581986,
        0.02084864,
        0.02008048,
        0.01983956,
        0.02017921,
        0.01667187,
        0.02006088,
        0.02002715,
        0.0209029,
        0.01912318,
        0.02086586,
        0.01584935,
        0.02097768,
        0.02000109,
        0.01984745,
        0.02009049,
        0.01693897,
        0.01995429,
        0.02000833,
        0.02160717
      ],
      "e2e_seconds": 0.8237691499816719,
      "output_characters": 61,
      "output_tokens": null,
      "tpot_seconds": null
    },
    {
      "request_id": 23,
      "ttft_seconds": 0.09501317000831477,
      "itl_seconds": [
        0.0206615,
        0.01962764,
        0.01642482,
        0.02065913,
        0.02081374,
        0.0199254,
        0.01659798,
        0.02002444,
        0.02090029,
        0.02099576,
        0.01573453,
        0.0201876,
        0.02003335,
        0.0210793,
        0.01898489,
        0.02089812,
        0.01575454,
        0.02087669,
        0.02006818,
        0.01983865,
        0.02016702,
        0.01669784,
        0.02010444,
        0.01995641,
        0.0209339,
        0.01911638,
        0.02090402,
        0.01585164,
        0.02092899,
        0.02001392,
        0.01984373,
        0.02009588,
        0.0169082,
        0.01997003,
        0.02001009,
        0.02160049
      ],
      "e2e_seconds": 0.8239668800088111,
      "output_characters": 61,
      "output_tokens": null,
      "tpot_seconds": null
    },
    {
      "request_id": 24,
      "ttft_seconds": 0.09463539000716992,
      "itl_seconds": [
        0.02136142,
        0.01987547,
        0.0210738,
        0.0157137,
        0.02097377,
        0.01991095,
        0.02007976,
        0.02098672,
        0.01579698,
        0.0207614,
        0.01996316,
        0.02093915,
        0.01584696,
        0.0198359,
        0.01968319,
        0.02066765,
        0.01978334,
        0.0250355,
        0.01979731,
        0.01695407,
        0.01991867,
        0.02061305,
        0.02073728,
        0.01569097,
        0.01968189,
        0.0207096,
        0.01959326,
        0.02079822,
        0.01983723,
        0.02058912,
        0.01809365,
        0.02069211,
        0.02072922,
        0.01557216,
        0.02079458,
        0.02075542
      ],
      "e2e_seconds": 0.8263325300067663,
      "output_characters": 61,
      "output_tokens": null,
      "tpot_seconds": null
    },
    {
      "request_id": 25,
      "ttft_seconds": 0.09027921000961214,
      "itl_seconds": [
        0.01990863,
        0.02107473,
        0.01570495,
        0.02096663,
        0.01991235,
        0.02005366,
        0.02102665,
        0.01578603,
        0.02077351,
        0.01996328,
        0.0209396,
        0.01583492,
        0.01984366,
        0.01966462,
        0.02082249,
        0.01967272,
        0.02503682,
        0.01981077,
        0.01695312,
        0.01985194,
        0.02066136,
        0.02075653,
        0.01569101,
        0.01967919,
        0.02069279,
        0.01973882,
        0.02066222,
        0.01962108,
        0.02080767,
        0.01807782,
        0.02070589,
        0.02072976,
        0.01558087,
        0.02078981,
        0.02069526,
        0.02182217
      ],
      "e2e_seconds": 0.8210569799994119,
      "output_characters": 61,
      "output_tokens": null,
      "tpot_seconds": null
    },
    {
      "request_id": 26,
      "ttft_seconds": 0.09050618001492694,
      "itl_seconds": [
        0.01987415,
        0.02107181,
        0.01570522,
        0.02096534,
        0.01991365,
        0.02005879,
        0.02102151,
        0.01578853,
        0.02077185,
        0.01996414,
        0.02093842,
        0.01583854,
        0.01984376,
        0.01966039,
        0.02081948,
        0.01974548,
        0.02503221,
        0.0197983,
        0.01696385,
        0.01980431,
        0.0207045,
        0.02075344,
        0.01567375,
        0.01968253,
        0.02072364,
        0.0195916,
        0.02078597,
        0.01970264,
        0.02074641,
        0.01808249,
        0.02069621,
        0.02071836,
        0.01556989,
        0.02080942,
        0.02065599,
        0.02187225
      ],
      "e2e_seconds": 0.8217233100149315,
      "output_characters": 61,
      "output_tokens": null,
      "tpot_seconds": null
    },
    {
      "request_id": 27,
      "ttft_seconds": 0.0898653500189539,
      "itl_seconds": [
        0.01992918,
        0.02107191,
        0.01571372,
        0.02098454,
        0.01988632,
        0.02004183,
        0.02103558,
        0.01575567,
        0.02083211,
        0.0199405,
        0.0209338,
        0.01583927,
        0.0198361,
        0.01969842,
        0.02076032,
        0.01970339,
        0.02503633,
        0.01981238,
        0.0169329,
        0.0197835,
        0.02074184,
        0.0207661,
        0.01569625,
        0.01963266,
        0.02073736,
        0.01966639,
        0.02073265,
        0.01979352,
        0.02065274,
        0.01803461,
        0.02073614,
        0.02072549,
        0.01557263,
        0.0208034,
        0.02071046,
        0.02176931
      ],
      "e2e_seconds": 0.8211742400017101,
      "output_characters": 61,
      "output_tokens": null,
      "tpot_seconds": null
    },
    {
      "request_id": 28,
      "ttft_seconds": 0.09818632001406513,
      "itl_seconds": [
        0.03268504,
        0.02058547,
        0.01949337,
        0.01949679,
        0.02056938,
        0.01520081,
        0.01946773,
        0.01950252,
        0.0205588,
        0.01521103,
        0.02056158,
        0.01948084,
        0.01950907,
        0.01536117,
        0.01963936,
        0.02059726,
        0.01952959,
        0.01610124,
        0.01944473,
        0.01958885,
        0.01964946,
        0.01579004,
        0.01947906,
        0.02054888,
        0.01946083,
        0.01518566,
        0.01971179,
        0.02054466,
        0.01945769,
        0.01624988,
        0.01946642,
        0.02056063,
        0.01945334,
        0.01945253,
        0.02051805,
        0.01517111
      ],
      "e2e_seconds": 0.8134194300218951,
      "output_characters": 61,
      "output_tokens": null,
      "tpot_seconds": null
    },
    {
      "request_id": 29,
      "ttft_seconds": 0.11070393997943029,
      "itl_seconds": [
        0.02052562,
        0.01949811,
        0.01949159,
        0.02058754,
        0.01514982,
        0.01948827,
        0.01948308,
        0.02058949,
        0.01519733,
        0.02056643,
        0.01949803,
        0.01947263,
        0.01537184,
        0.01962475,
        0.02062388,
        0.01952078,
        0.01613317,
        0.01947574,
        0.01955817,
        0.01962355,
        0.01579859,
        0.01944692,
        0.02061696,
        0.01939754,
        0.01520166,
        0.01970916,
        0.02054525,
        0.01946097,
        0.01624703,
        0.01946474,
        0.02054264,
        0.01946971,
        0.01945586,
        0.02052289,
        0.01520193,
        0.02180665
      ],
      "e2e_seconds": 0.8133688799862284,
      "output_characters": 61,
      "output_tokens": null,
      "tpot_seconds": null
    }
  ],
  "metric_definitions": {
    "ttft_seconds": "request start to first non-empty text delta",
    "itl_seconds": "inter-token latency between consecutive text deltas",
    "e2e_seconds": "request start to stream completion",
    "tpot_seconds": "first delta to completion divided by output units",
    "request_throughput": "successful requests per second"
  }
}
