{
  "schema_version": 1,
  "created_at": "2026-08-07T22:38:07+00:00",
  "model": "openbmb/MiniCPM-o-4_5",
  "base_url": "http://127.0.0.1:8091/v1",
  "requests": 30,
  "successes": 30,
  "failures": 0,
  "timeouts": 0,
  "http_status_distribution": {},
  "success_rate": 1.0,
  "wall_seconds": 9.824066,
  "request_throughput": 3.053725,
  "run_metadata": {
    "model": "openbmb/MiniCPM-o-4_5",
    "base_url": "http://127.0.0.1:8091/v1",
    "requests": 30,
    "concurrency": 8,
    "warmup_requests": 5,
    "prompt_sha256": "737f4c53ccc7682f",
    "python_version": "3.12",
    "schema_version": 1,
    "created_at": "2026-08-07T22:38:07+00:00"
  },
  "distributions": {
    "ttft_seconds": {
      "count": 30,
      "mean": 1.193239,
      "p50": 1.23446,
      "p95": 2.408087,
      "p99": 2.408928,
      "min": 0.094708,
      "max": 2.40917
    },
    "itl_seconds": {
      "count": 1080,
      "mean": 0.031598,
      "p50": 0.021865,
      "p95": 0.05073,
      "p99": 0.136409,
      "min": 0.015169,
      "max": 0.184505
    },
    "e2e_seconds": {
      "count": 30,
      "mean": 2.372368,
      "p50": 2.190933,
      "p95": 3.48576,
      "p99": 3.486154,
      "min": 2.083168,
      "max": 3.486311
    },
    "tpot_seconds": {
      "count": 0,
      "mean": null,
      "p50": null,
      "p95": null,
      "p99": null,
      "min": null,
      "max": null
    },
    "output_tokens": {
      "count": 0,
      "mean": null,
      "p50": null,
      "p95": null,
      "p99": null,
      "min": null,
      "max": null
    }
  },
  "errors": [],
  "results": [
    {
      "request_id": 0,
      "ttft_seconds": 0.13493366001057439,
      "itl_seconds": [
        0.03257868,
        0.04149997,
        0.08102367,
        0.11055381,
        0.08837479,
        0.03352681,
        0.03275763,
        0.03800188,
        0.0412034,
        0.04571172,
        0.03347099,
        0.01964266,
        0.01981533,
        0.02063185,
        0.0894978,
        0.13639193,
        0.0628033,
        0.03689465,
        0.04640967,
        0.04210989,
        0.04107081,
        0.03787183,
        0.04215704,
        0.04533818,
        0.04117036,
        0.04123937,
        0.03697188,
        0.06384847,
        0.18450533,
        0.03779426,
        0.04218545,
        0.05496565,
        0.14997833,
        0.10656728,
        0.12758026,
        0.05177827
      ],
      "e2e_seconds": 2.339136430004146,
      "output_characters": 61,
      "output_tokens": null,
      "tpot_seconds": null
    },
    {
      "request_id": 1,
      "ttft_seconds": 0.13332559997797944,
      "itl_seconds": [
        0.03269854,
        0.04138052,
        0.08103303,
        0.11058174,
        0.08846958,
        0.03360356,
        0.03266653,
        0.03800685,
        0.04107194,
        0.04571303,
        0.03351576,
        0.01964439,
        0.01981487,
        0.02081082,
        0.08924657,
        0.13657616,
        0.06277696,
        0.03692525,
        0.04645458,
        0.04214478,
        0.04095808,
        0.03791587,
        0.0421116,
        0.0453368,
        0.04116877,
        0.04127085,
        0.03694568,
        0.06390887,
        0.18446896,
        0.03778578,
        0.04216886,
        0.0550441,
        0.14991217,
        0.10656256,
        0.12757624,
        0.05178322
      ],
      "e2e_seconds": 2.3371214999933727,
      "output_characters": 61,
      "output_tokens": null,
      "tpot_seconds": null
    },
    {
      "request_id": 2,
      "ttft_seconds": 0.09470767001039349,
      "itl_seconds": [
        0.03793682,
        0.03270633,
        0.04142292,
        0.08096986,
        0.11064107,
        0.08837385,
        0.03357325,
        0.03276031,
        0.03795715,
        0.04111739,
        0.04568868,
        0.03357782,
        0.01964121,
        0.01981658,
        0.0208329,
        0.08917089,
        0.13653493,
        0.06281146,
        0.03684775,
        0.04642044,
        0.04217144,
        0.04107204,
        0.03787109,
        0.04215009,
        0.04533546,
        0.04114575,
        0.04126494,
        0.03697903,
        0.06381529,
        0.18450409,
        0.03782697,
        0.04215008,
        0.054998,
        0.14992672,
        0.10660917,
        0.12756934
      ],
      "e2e_seconds": 2.2909011199953966,
      "output_characters": 61,
      "output_tokens": null,
      "tpot_seconds": null
    },
    {
      "request_id": 3,
      "ttft_seconds": 0.13272997000603937,
      "itl_seconds": [
        0.0325897,
        0.04137642,
        0.08114493,
        0.11052326,
        0.08841583,
        0.0334759,
        0.0327893,
        0.03802336,
        0.04106264,
        0.04571015,
        0.03355498,
        0.019643,
        0.01981459,
        0.02077085,
        0.08936225,
        0.13647121,
        0.06276946,
        0.03685459,
        0.04641201,
        0.04212465,
        0.04110261,
        0.03782687,
        0.04218632,
        0.04533442,
        0.04117193,
        0.0412696,
        0.03696214,
        0.06389603,
        0.18447426,
        0.03787449,
        0.0421628,
        0.05484422,
        0.15004031,
        0.10656097,
        0.12756285,
        0.05179867
      ],
      "e2e_seconds": 2.337241700006416,
      "output_characters": 61,
      "output_tokens": null,
      "tpot_seconds": null
    },
    {
      "request_id": 4,
      "ttft_seconds": 2.4091695200186223,
      "itl_seconds": [
        0.03676064,
        0.03687002,
        0.02929512,
        0.03259074,
        0.0335596,
        0.03783484,
        0.03274744,
        0.03364651,
        0.03365272,
        0.02505944,
        0.03256013,
        0.03375709,
        0.03682621,
        0.03369237,
        0.03695415,
        0.02830106,
        0.01969633,
        0.02073999,
        0.01649105,
        0.01987036,
        0.02071967,
        0.01964879,
        0.02070952,
        0.01645042,
        0.01964237,
        0.02070694,
        0.02076125,
        0.01968848,
        0.01971102,
        0.01964974,
        0.02503206,
        0.04109084,
        0.04214196,
        0.0378556,
        0.03679791,
        0.03969085
      ],
      "e2e_seconds": 3.486310920008691,
      "output_characters": 61,
      "output_tokens": null,
      "tpot_seconds": null
    },
    {
      "request_id": 5,
      "ttft_seconds": 2.3726552500156686,
      "itl_seconds": [
        0.03731579,
        0.03672301,
        0.03693541,
        0.02924642,
        0.03263854,
        0.03356963,
        0.03777439,
        0.03276844,
        0.0336763,
        0.03359623,
        0.02513347,
        0.03256177,
        0.03368549,
        0.03682863,
        0.0337346,
        0.03692132,
        0.02831592,
        0.01971714,
        0.02076412,
        0.01642936,
        0.01991321,
        0.02071565,
        0.01966894,
        0.02069064,
        0.01644519,
        0.01964515,
        0.02072488,
        0.02078233,
        0.01967539,
        0.01969761,
        0.01958833,
        0.02503223,
        0.04113118,
        0.04209702,
        0.0378572,
        0.03679282
      ],
      "e2e_seconds": 3.4413003500085324,
      "output_characters": 61,
      "output_tokens": null,
      "tpot_seconds": null
    },
    {
      "request_id": 6,
      "ttft_seconds": 2.408336649998091,
      "itl_seconds": [
        0.03660947,
        0.03690185,
        0.02927702,
        0.03262841,
        0.0335019,
        0.03785121,
        0.03276218,
        0.03368031,
        0.03359991,
        0.02511226,
        0.03258021,
        0.03368749,
        0.03683077,
        0.03371646,
        0.03691912,
        0.02831895,
        0.01967628,
        0.0208148,
        0.01640095,
        0.01988896,
        0.02071592,
        0.01967007,
        0.02069268,
        0.01644375,
        0.0196472,
        0.02070613,
        0.02080345,
        0.01964641,
        0.01971826,
        0.01964351,
        0.02503122,
        0.04112915,
        0.04209924,
        0.0378588,
        0.036791,
        0.03969423
      ],
      "e2e_seconds": 3.485770870000124,
      "output_characters": 61,
      "output_tokens": null,
      "tpot_seconds": null
    },
    {
      "request_id": 7,
      "ttft_seconds": 2.4077821699902415,
      "itl_seconds": [
        0.03680377,
        0.03695182,
        0.02924109,
        0.03263378,
        0.03356538,
        0.03777985,
        0.03275733,
        0.03354832,
        0.03373762,
        0.02497203,
        0.03275321,
        0.03366097,
        0.0368354,
        0.03371656,
        0.03695537,
        0.02832538,
        0.01956627,
        0.02087656,
        0.01633825,
        0.01989046,
        0.02071836,
        0.0196683,
        0.02069332,
        0.01644438,
        0.01964312,
        0.02070962,
        0.02081306,
        0.01963798,
        0.01971509,
        0.01970443,
        0.02503909,
        0.04112919,
        0.04209009,
        0.03793872,
        0.03673905,
        0.03970771
      ],
      "e2e_seconds": 3.485746409976855,
      "output_characters": 61,
      "output_tokens": null,
      "tpot_seconds": null
    },
    {
      "request_id": 8,
      "ttft_seconds": 1.2368273600004613,
      "itl_seconds": [
        0.04124866,
        0.03255813,
        0.04225866,
        0.0379017,
        0.04132253,
        0.03792139,
        0.04124,
        0.03784563,
        0.0156655,
        0.02070543,
        0.01968836,
        0.04123785,
        0.04218719,
        0.0411095,
        0.04213219,
        0.04220984,
        0.02065567,
        0.01963331,
        0.01975909,
        0.01965964,
        0.02504901,
        0.04651929,
        0.04656833,
        0.04548268,
        0.04674124,
        0.01995441,
        0.01984286,
        0.01995037,
        0.02075936,
        0.0196962,
        0.03691551,
        0.02522755,
        0.0197567,
        0.02002885,
        0.02076389,
        0.02077795
      ],
      "e2e_seconds": 2.3699338999867905,
      "output_characters": 61,
      "output_tokens": null,
      "tpot_seconds": null
    },
    {
      "request_id": 9,
      "ttft_seconds": 1.2320230699842796,
      "itl_seconds": [
        0.03248236,
        0.04224488,
        0.03794667,
        0.04139593,
        0.03779917,
        0.04128485,
        0.03785669,
        0.01561696,
        0.02071375,
        0.01967403,
        0.04126957,
        0.0422384,
        0.04103722,
        0.04212437,
        0.04221387,
        0.0207009,
        0.01958872,
        0.01983824,
        0.01966958,
        0.02499358,
        0.04649406,
        0.04662659,
        0.04550204,
        0.04675533,
        0.019939,
        0.01976736,
        0.02000214,
        0.02074674,
        0.01970491,
        0.03695885,
        0.02523115,
        0.01980101,
        0.01994671,
        0.02074021,
        0.02074133,
        0.02198946
      ],
      "e2e_seconds": 2.370843740005512,
      "output_characters": 61,
      "output_tokens": null,
      "tpot_seconds": null
    },
    {
      "request_id": 10,
      "ttft_seconds": 1.2320935300085694,
      "itl_seconds": [
        0.03252997,
        0.0422466,
        0.03794684,
        0.04139288,
        0.03780022,
        0.04127902,
        0.03780096,
        0.01567736,
        0.02071331,
        0.0196763,
        0.04126881,
        0.04223511,
        0.04102736,
        0.04213402,
        0.04211059,
        0.02076836,
        0.01962555,
        0.01974992,
        0.01975092,
        0.02499326,
        0.04649089,
        0.04658216,
        0.04548517,
        0.04676557,
        0.01995462,
        0.01980358,
        0.01995566,
        0.02075684,
        0.01969492,
        0.03692808,
        0.02524334,
        0.01981422,
        0.01994657,
        0.02076147,
        0.02077424,
        0.02196959
      ],
      "e2e_seconds": 2.3706267600064166,
      "output_characters": 61,
      "output_tokens": null,
      "tpot_seconds": null
    },
    {
      "request_id": 11,
      "ttft_seconds": 1.2318601500010118,
      "itl_seconds": [
        0.03246081,
        0.04222898,
        0.03782277,
        0.04139177,
        0.03793748,
        0.04131778,
        0.03772054,
        0.01572641,
        0.020704,
        0.0196794,
        0.04135012,
        0.04198355,
        0.04120886,
        0.04212341,
        0.04210703,
        0.02072256,
        0.01968082,
        0.01970064,
        0.01987734,
        0.02495895,
        0.04646891,
        0.04650452,
        0.04549194,
        0.04676911,
        0.01994893,
        0.0198521,
        0.01990507,
        0.02076252,
        0.01969196,
        0.03693105,
        0.02526361,
        0.01979555,
        0.01993813,
        0.02076399,
        0.02086593,
        0.02176007
      ],
      "e2e_seconds": 2.3697948699991684,
      "output_characters": 61,
      "output_tokens": null,
      "tpot_seconds": null
    },
    {
      "request_id": 12,
      "ttft_seconds": 1.3033071100071538,
      "itl_seconds": [
        0.01984469,
        0.02394099,
        0.02062106,
        0.0240402,
        0.0197668,
        0.02382934,
        0.02073917,
        0.02390672,
        0.01988943,
        0.02391749,
        0.02502974,
        0.01962282,
        0.02401091,
        0.02490093,
        0.02390757,
        0.02402506,
        0.01965067,
        0.01969915,
        0.02063033,
        0.0164784,
        0.01963805,
        0.02070315,
        0.01974518,
        0.01947893,
        0.02079103,
        0.019701,
        0.01971347,
        0.02069726,
        0.01969947,
        0.01965236,
        0.01975404,
        0.01984382,
        0.02001712,
        0.01967702,
        0.01972765,
        0.02079757
      ],
      "e2e_seconds": 2.0840073300059885,
      "output_characters": 61,
      "output_tokens": null,
      "tpot_seconds": null
    },
    {
      "request_id": 13,
      "ttft_seconds": 1.2771020100044552,
      "itl_seconds": [
        0.02375329,
        0.02065578,
        0.02404304,
        0.01973757,
        0.02385162,
        0.02074251,
        0.02390316,
        0.01988744,
        0.0239184,
        0.02503114,
        0.01962442,
        0.02400226,
        0.02501158,
        0.02380587,
        0.02396529,
        0.01968023,
        0.01966872,
        0.0206836,
        0.01641478,
        0.0196976,
        0.02070737,
        0.01968926,
        0.01953703,
        0.02077871,
        0.01970111,
        0.01973267,
        0.02070415,
        0.01969226,
        0.01960622,
        0.01980132,
        0.01978993,
        0.01999289,
        0.01974029,
        0.01973254,
        0.02075016,
        0.02257357
      ],
      "e2e_seconds": 2.084231059998274,
      "output_characters": 61,
      "output_tokens": null,
      "tpot_seconds": null
    },
    {
      "request_id": 14,
      "ttft_seconds": 1.2768510699970648,
      "itl_seconds": [
        0.0237063,
        0.02071201,
        0.02390895,
        0.01973661,
        0.02398775,
        0.02061244,
        0.02389797,
        0.02002234,
        0.02395152,
        0.02499978,
        0.01961944,
        0.02382469,
        0.02500173,
        0.0239994,
        0.0239098,
        0.01967502,
        0.01968141,
        0.02072394,
        0.01639513,
        0.01972889,
        0.02069414,
        0.01965962,
        0.01956475,
        0.02065056,
        0.01970576,
        0.01984734,
        0.02059007,
        0.01983271,
        0.01954406,
        0.0198361,
        0.01975824,
        0.02000311,
        0.0197805,
        0.01974248,
        0.02070419,
        0.02263302
      ],
      "e2e_seconds": 2.0842592300032265,
      "output_characters": 61,
      "output_tokens": null,
      "tpot_seconds": null
    },
    {
      "request_id": 15,
      "ttft_seconds": 1.2763119000010192,
      "itl_seconds": [
        0.02386044,
        0.02068953,
        0.02397699,
        0.01973705,
        0.02389379,
        0.02070972,
        0.02389546,
        0.01993107,
        0.02391044,
        0.02504776,
        0.01961684,
        0.02390931,
        0.02499969,
        0.02391153,
        0.02396794,
        0.01967251,
        0.0196702,
        0.02068589,
        0.0163974,
        0.01972083,
        0.02070023,
        0.01962143,
        0.01960919,
        0.02071851,
        0.01969901,
        0.01979904,
        0.02067603,
        0.01962906,
        0.01969708,
        0.01979856,
        0.01979574,
        0.01998736,
        0.01975835,
        0.01971141,
        0.02075143,
        0.02259573
      ],
      "e2e_seconds": 2.0831677799869794,
      "output_characters": 61,
      "output_tokens": null,
      "tpot_seconds": null
    },
    {
      "request_id": 16,
      "ttft_seconds": 0.9490258700097911,
      "itl_seconds": [
        0.01970228,
        0.01964114,
        0.01993201,
        0.03782594,
        0.04634632,
        0.03784521,
        0.0458496,
        0.03792558,
        0.04642081,
        0.04533775,
        0.04554433,
        0.04210518,
        0.05068758,
        0.04960615,
        0.04975952,
        0.05075396,
        0.01957705,
        0.02070937,
        0.01962011,
        0.01962027,
        0.0412214,
        0.05065163,
        0.04534152,
        0.05073281,
        0.02821558,
        0.01969964,
        0.01975267,
        0.01965396,
        0.02071425,
        0.01964631,
        0.02499459,
        0.02393845,
        0.02071779,
        0.02393482,
        0.01965025,
        0.02498118
      ],
      "e2e_seconds": 2.1534925200103316,
      "output_characters": 61,
      "output_tokens": null,
      "tpot_seconds": null
    },
    {
      "request_id": 17,
      "ttft_seconds": 0.9222901999892201,
      "itl_seconds": [
        0.01964711,
        0.01992893,
        0.03788049,
        0.04629257,
        0.03784645,
        0.04585623,
        0.03790921,
        0.04641278,
        0.04535506,
        0.04552875,
        0.04206401,
        0.05071973,
        0.0496139,
        0.04985575,
        0.05054502,
        0.01968214,
        0.0206548,
        0.01960769,
        0.0197195,
        0.04122529,
        0.05055862,
        0.04539822,
        0.05069472,
        0.02820157,
        0.01970626,
        0.01974114,
        0.01965613,
        0.02073697,
        0.01970464,
        0.02488097,
        0.02405317,
        0.02060419,
        0.02396844,
        0.01978015,
        0.02484529,
        0.02634596
      ],
      "e2e_seconds": 2.15448810000089,
      "output_characters": 61,
      "output_tokens": null,
      "tpot_seconds": null
    },
    {
      "request_id": 18,
      "ttft_seconds": 0.9221897299867123,
      "itl_seconds": [
        0.01948849,
        0.0199274,
        0.03785405,
        0.04631908,
        0.03784329,
        0.04585036,
        0.03794208,
        0.04641879,
        0.04532659,
        0.04554157,
        0.04208633,
        0.05070094,
        0.04961004,
        0.04983665,
        0.05065919,
        0.01960795,
        0.0208668,
        0.01946661,
        0.01965118,
        0.04118141,
        0.05068133,
        0.04530741,
        0.05078339,
        0.02823913,
        0.0196698,
        0.01974665,
        0.01964265,
        0.02077746,
        0.01968966,
        0.02498009,
        0.02382643,
        0.02075184,
        0.02393643,
        0.01968215,
        0.02494523,
        0.02624113
      ],
      "e2e_seconds": 2.1546661100001074,
      "output_characters": 61,
      "output_tokens": null,
      "tpot_seconds": null
    },
    {
      "request_id": 19,
      "ttft_seconds": 0.9219760400010273,
      "itl_seconds": [
        0.01935959,
        0.01993006,
        0.03793645,
        0.04623457,
        0.03784549,
        0.04584056,
        0.03792557,
        0.04643184,
        0.04533106,
        0.04554371,
        0.04208578,
        0.05070237,
        0.04960865,
        0.04982945,
        0.05058211,
        0.01968294,
        0.02069865,
        0.01960759,
        0.0196834,
        0.0411727,
        0.0506437,
        0.04535097,
        0.05072964,
        0.02820776,
        0.01970737,
        0.01974404,
        0.01965656,
        0.02072978,
        0.01971968,
        0.0249651,
        0.02389776,
        0.02076328,
        0.02388241,
        0.01972701,
        0.02490108,
        0.02628134
      ],
      "e2e_seconds": 2.1535789300105534,
      "output_characters": 61,
      "output_tokens": null,
      "tpot_seconds": null
    },
    {
      "request_id": 20,
      "ttft_seconds": 1.3679949899960775,
      "itl_seconds": [
        0.02414984,
        0.01966605,
        0.02392092,
        0.02072694,
        0.02406472,
        0.02076818,
        0.03299835,
        0.01649773,
        0.02067675,
        0.01978045,
        0.0196062,
        0.01968484,
        0.01973778,
        0.01965441,
        0.0197347,
        0.0197388,
        0.02082626,
        0.01946822,
        0.01992085,
        0.02069508,
        0.01955445,
        0.01972841,
        0.02073781,
        0.01963933,
        0.01967014,
        0.01971873,
        0.01976381,
        0.01979796,
        0.01636395,
        0.01970139,
        0.01978967,
        0.01949117,
        0.02072519,
        0.01977511,
        0.01968038,
        0.01959728
      ],
      "e2e_seconds": 2.125770519982325,
      "output_characters": 61,
      "output_tokens": null,
      "tpot_seconds": null
    },
    {
      "request_id": 21,
      "ttft_seconds": 1.3460334699775558,
      "itl_seconds": [
        0.01950535,
        0.02392451,
        0.02073477,
        0.02405563,
        0.02075183,
        0.03298129,
        0.01652081,
        0.02068178,
        0.01975964,
        0.01962325,
        0.01969076,
        0.01973679,
        0.01965686,
        0.01973473,
        0.01972997,
        0.02078558,
        0.0195124,
        0.01980483,
        0.02073884,
        0.01962935,
        0.0196777,
        0.02071864,
        0.01966465,
        0.01964603,
        0.01972069,
        0.01972595,
        0.01980183,
        0.01641968,
        0.019683,
        0.01966422,
        0.01967731,
        0.02072526,
        0.01967488,
        0.01965561,
        0.01960446,
        0.02168661
      ],
      "e2e_seconds": 2.1277095699915662,
      "output_characters": 61,
      "output_tokens": null,
      "tpot_seconds": null
    },
    {
      "request_id": 22,
      "ttft_seconds": 1.3458864300046116,
      "itl_seconds": [
        0.01952491,
        0.02391936,
        0.02061101,
        0.02432596,
        0.02047406,
        0.03314755,
        0.01636134,
        0.02067924,
        0.01975443,
        0.01975654,
        0.01971099,
        0.01970871,
        0.0196806,
        0.01972705,
        0.01959778,
        0.02085192,
        0.01960706,
        0.01976671,
        0.02070507,
        0.01966042,
        0.01962762,
        0.02073855,
        0.01966059,
        0.01964896,
        0.01971882,
        0.01976114,
        0.01976504,
        0.01641578,
        0.01968667,
        0.01978578,
        0.01960323,
        0.02071129,
        0.01978278,
        0.01950107,
        0.01963801,
        0.02167662
      ],
      "e2e_seconds": 2.1273180700081866,
      "output_characters": 61,
      "output_tokens": null,
      "tpot_seconds": null
    },
    {
      "request_id": 23,
      "ttft_seconds": 1.345467870007269,
      "itl_seconds": [
        0.0196281,
        0.02393264,
        0.02068288,
        0.02411406,
        0.02069253,
        0.03303902,
        0.0164275,
        0.02072741,
        0.01975006,
        0.01967352,
        0.01971609,
        0.0197052,
        0.01965846,
        0.01973669,
        0.01969234,
        0.02074605,
        0.019612,
        0.01978083,
        0.02074273,
        0.0196535,
        0.01965311,
        0.02071708,
        0.01966544,
        0.0196685,
        0.01970309,
        0.0197433,
        0.01975959,
        0.0164432,
        0.01967682,
        0.01965865,
        0.0196901,
        0.02071872,
        0.01967198,
        0.01961738,
        0.0196363,
        0.02169755
      ],
      "e2e_seconds": 2.1266793299873825,
      "output_characters": 61,
      "output_tokens": null,
      "tpot_seconds": null
    },
    {
      "request_id": 24,
      "ttft_seconds": 0.9191930200031493,
      "itl_seconds": [
        0.04655575,
        0.04644808,
        0.04214184,
        0.0453238,
        0.04639712,
        0.04646738,
        0.04532633,
        0.03696224,
        0.0463824,
        0.04962404,
        0.05002586,
        0.04213865,
        0.01966731,
        0.01962632,
        0.01965714,
        0.01970004,
        0.03777215,
        0.04530745,
        0.04529802,
        0.0463981,
        0.03693713,
        0.02067896,
        0.01961528,
        0.019619,
        0.01967252,
        0.01992293,
        0.03352836,
        0.04640824,
        0.04206974,
        0.04635619,
        0.03268496,
        0.02498115,
        0.01979674,
        0.01983394,
        0.02067455,
        0.01971465
      ],
      "e2e_seconds": 2.189873080002144,
      "output_characters": 61,
      "output_tokens": null,
      "tpot_seconds": null
    },
    {
      "request_id": 25,
      "ttft_seconds": 0.9183238399855327,
      "itl_seconds": [
        0.04650988,
        0.04211776,
        0.04511577,
        0.04661549,
        0.04629293,
        0.04541661,
        0.0368555,
        0.04655111,
        0.0495811,
        0.04988466,
        0.04219652,
        0.01966144,
        0.01963713,
        0.0196541,
        0.01960075,
        0.03786937,
        0.04538751,
        0.04524819,
        0.04635855,
        0.03690421,
        0.02069384,
        0.01959895,
        0.01963066,
        0.01967134,
        0.01992043,
        0.03352393,
        0.0464721,
        0.04202293,
        0.04634909,
        0.0327467,
        0.0249617,
        0.01975619,
        0.01983037,
        0.02067788,
        0.01972291,
        0.03096516
      ],
      "e2e_seconds": 2.1921165899839252,
      "output_characters": 61,
      "output_tokens": null,
      "tpot_seconds": null
    },
    {
      "request_id": 26,
      "ttft_seconds": 0.9184586599876639,
      "itl_seconds": [
        0.04641109,
        0.0422553,
        0.04519359,
        0.04641846,
        0.04637317,
        0.04542513,
        0.03686333,
        0.04644988,
        0.04964473,
        0.05010366,
        0.04200303,
        0.01966296,
        0.01962338,
        0.01963253,
        0.019602,
        0.03788378,
        0.04536275,
        0.0453242,
        0.04630915,
        0.03695368,
        0.02068229,
        0.01961256,
        0.01961706,
        0.01966987,
        0.01993466,
        0.03350252,
        0.04642717,
        0.04207368,
        0.04634992,
        0.03275961,
        0.02494731,
        0.01976019,
        0.01983069,
        0.0206746,
        0.01971757,
        0.0312186
      ],
      "e2e_seconds": 2.192128060007235,
      "output_characters": 61,
      "output_tokens": null,
      "tpot_seconds": null
    },
    {
      "request_id": 27,
      "ttft_seconds": 0.9178646799991839,
      "itl_seconds": [
        0.04654005,
        0.04213192,
        0.04531235,
        0.04642025,
        0.04636867,
        0.0454269,
        0.03685688,
        0.04646025,
        0.04964511,
        0.05009585,
        0.04200594,
        0.0196626,
        0.01962155,
        0.01963109,
        0.01971544,
        0.03793913,
        0.04520344,
        0.04540067,
        0.04639042,
        0.03683813,
        0.02069406,
        0.01959959,
        0.01963028,
        0.01968188,
        0.01991204,
        0.03351472,
        0.04636804,
        0.04212358,
        0.04634701,
        0.03275676,
        0.02494846,
        0.01975831,
        0.01984472,
        0.02067746,
        0.01975933,
        0.03100973
      ],
      "e2e_seconds": 2.191993599990383,
      "output_characters": 61,
      "output_tokens": null,
      "tpot_seconds": null
    },
    {
      "request_id": 28,
      "ttft_seconds": 1.4350199699983932,
      "itl_seconds": [
        0.0198303,
        0.02047629,
        0.01518817,
        0.02374891,
        0.0205828,
        0.01944095,
        0.01969501,
        0.01628998,
        0.01960563,
        0.0204419,
        0.01962318,
        0.01618423,
        0.01953616,
        0.0204647,
        0.01967965,
        0.0205931,
        0.02047235,
        0.01949873,
        0.01624344,
        0.01944538,
        0.01947711,
        0.02052364,
        0.01945714,
        0.01520849,
        0.02052838,
        0.01946207,
        0.01950259,
        0.01536087,
        0.02062166,
        0.01945257,
        0.02052551,
        0.01516933,
        0.02053392,
        0.01945707,
        0.01953028,
        0.01624434
      ],
      "e2e_seconds": 2.1441602899867576,
      "output_characters": 61,
      "output_tokens": null,
      "tpot_seconds": null
    },
    {
      "request_id": 29,
      "ttft_seconds": 1.4074265900126193,
      "itl_seconds": [
        0.0204623,
        0.01518446,
        0.02374451,
        0.02054946,
        0.01947802,
        0.01969623,
        0.01626949,
        0.01950526,
        0.02052114,
        0.01958925,
        0.01625958,
        0.01946961,
        0.02052921,
        0.01968094,
        0.02054579,
        0.02054179,
        0.01947932,
        0.01624665,
        0.0194557,
        0.01946343,
        0.02052436,
        0.0194507,
        0.01522839,
        0.02051626,
        0.01945764,
        0.01950904,
        0.01536255,
        0.02061778,
        0.01944777,
        0.02053052,
        0.01518223,
        0.0205187,
        0.0194587,
        0.01953268,
        0.01624147,
        0.02098558
      ],
      "e2e_seconds": 2.1166673300031107,
      "output_characters": 61,
      "output_tokens": null,
      "tpot_seconds": null
    }
  ],
  "metric_definitions": {
    "ttft_seconds": "request start to first non-empty text delta",
    "itl_seconds": "inter-token latency between consecutive text deltas",
    "e2e_seconds": "request start to stream completion",
    "tpot_seconds": "first delta to completion divided by output units",
    "request_throughput": "successful requests per second"
  }
}
