{
  "schema_version": 1,
  "created_at": "2026-08-07T22:06:45+00:00",
  "model": "openbmb/MiniCPM-o-4_5",
  "base_url": "http://127.0.0.1:8091/v1",
  "requests": 30,
  "successes": 30,
  "failures": 0,
  "timeouts": 0,
  "http_status_distribution": {},
  "success_rate": 1.0,
  "wall_seconds": 11.372657,
  "request_throughput": 2.637906,
  "run_metadata": {
    "model": "openbmb/MiniCPM-o-4_5",
    "base_url": "http://127.0.0.1:8091/v1",
    "requests": 30,
    "concurrency": 4,
    "warmup_requests": 5,
    "prompt_sha256": "737f4c53ccc7682f",
    "python_version": "3.12",
    "schema_version": 1,
    "created_at": "2026-08-07T22:06:45+00:00"
  },
  "distributions": {
    "ttft_seconds": {
      "count": 30,
      "mean": 0.76444,
      "p50": 0.811442,
      "p95": 0.829154,
      "p99": 0.836492,
      "min": 0.073735,
      "max": 0.83673
    },
    "itl_seconds": {
      "count": 1080,
      "mean": 0.018814,
      "p50": 0.019674,
      "p95": 0.020757,
      "p99": 0.020838,
      "min": 0.015017,
      "max": 0.025081
    },
    "e2e_seconds": {
      "count": 30,
      "mean": 1.464891,
      "p50": 1.512129,
      "p95": 1.526534,
      "p99": 1.533167,
      "min": 0.779529,
      "max": 1.53352
    },
    "tpot_seconds": {
      "count": 0,
      "mean": null,
      "p50": null,
      "p95": null,
      "p99": null,
      "min": null,
      "max": null
    },
    "output_tokens": {
      "count": 0,
      "mean": null,
      "p50": null,
      "p95": null,
      "p99": null,
      "min": null,
      "max": null
    }
  },
  "errors": [],
  "results": [
    {
      "request_id": 0,
      "ttft_seconds": 0.07450302998768166,
      "itl_seconds": [
        0.02065468,
        0.01974901,
        0.01548822,
        0.02071674,
        0.01956883,
        0.02085424,
        0.01516151,
        0.02075654,
        0.01958016,
        0.01957617,
        0.01533699,
        0.01973518,
        0.01983898,
        0.01983175,
        0.01637415,
        0.01958472,
        0.02072425,
        0.01956295,
        0.01530269,
        0.01960074,
        0.02070536,
        0.0196044,
        0.01540242,
        0.01983357,
        0.01984787,
        0.02068829,
        0.01528664,
        0.01962601,
        0.01976814,
        0.01976597,
        0.0153562,
        0.01975553,
        0.01974707,
        0.01981351,
        0.01546849,
        0.01976724
      ],
      "e2e_seconds": 0.7806454799720086,
      "output_characters": 61,
      "output_tokens": null,
      "tpot_seconds": null
    },
    {
      "request_id": 1,
      "ttft_seconds": 0.07373465001001023,
      "itl_seconds": [
        0.02066286,
        0.01974927,
        0.01549185,
        0.02071052,
        0.01959897,
        0.02068736,
        0.01529962,
        0.02072326,
        0.01961633,
        0.01960096,
        0.01531264,
        0.01973444,
        0.01983796,
        0.01983315,
        0.01637473,
        0.01958833,
        0.02068615,
        0.01959468,
        0.01529058,
        0.01960718,
        0.02071447,
        0.01960246,
        0.01538531,
        0.0198402,
        0.01983665,
        0.02067055,
        0.01529326,
        0.01961418,
        0.01975766,
        0.01980863,
        0.01536296,
        0.01976292,
        0.01974545,
        0.01981634,
        0.01546546,
        0.01976899
      ],
      "e2e_seconds": 0.7795290700159967,
      "output_characters": 61,
      "output_tokens": null,
      "tpot_seconds": null
    },
    {
      "request_id": 2,
      "ttft_seconds": 0.8367297300137579,
      "itl_seconds": [
        0.02061707,
        0.01531801,
        0.01965133,
        0.01953036,
        0.01968413,
        0.01638263,
        0.019627,
        0.0164249,
        0.02073595,
        0.01964262,
        0.01555756,
        0.02070692,
        0.01978733,
        0.0153326,
        0.01975304,
        0.01969562,
        0.01645356,
        0.01968601,
        0.01971914,
        0.0197721,
        0.01639763,
        0.01963525,
        0.01971943,
        0.01635918,
        0.01977489,
        0.01954708,
        0.01644169,
        0.01963714,
        0.0196458,
        0.01963685,
        0.01640515,
        0.01963065,
        0.02073088,
        0.01530863,
        0.0196277,
        0.01965711
      ],
      "e2e_seconds": 1.5335197400127072,
      "output_characters": 61,
      "output_tokens": null,
      "tpot_seconds": null
    },
    {
      "request_id": 3,
      "ttft_seconds": 0.8359111699974164,
      "itl_seconds": [
        0.02064351,
        0.01531661,
        0.01960315,
        0.01960712,
        0.01962723,
        0.016411,
        0.01964248,
        0.0164166,
        0.02073075,
        0.01964436,
        0.01555779,
        0.02073016,
        0.01978669,
        0.01533319,
        0.01970733,
        0.01972101,
        0.01639597,
        0.01972129,
        0.01971253,
        0.01979838,
        0.01639602,
        0.01966058,
        0.01964091,
        0.01639752,
        0.01965492,
        0.01967874,
        0.01644518,
        0.01964721,
        0.01964067,
        0.01963593,
        0.0164006,
        0.01963179,
        0.02072533,
        0.01531102,
        0.01962831,
        0.01965563
      ],
      "e2e_seconds": 1.5323036499903537,
      "output_characters": 61,
      "output_tokens": null,
      "tpot_seconds": null
    },
    {
      "request_id": 4,
      "ttft_seconds": 0.8072378500073683,
      "itl_seconds": [
        0.02065923,
        0.01639556,
        0.01978379,
        0.0164271,
        0.01973566,
        0.02072992,
        0.0153592,
        0.01976642,
        0.02075046,
        0.01534273,
        0.01978066,
        0.02074825,
        0.0153302,
        0.02074536,
        0.01966046,
        0.01967161,
        0.02074052,
        0.01642821,
        0.01967026,
        0.0196653,
        0.01963767,
        0.0153428,
        0.02504061,
        0.01643111,
        0.01964016,
        0.01967186,
        0.01966491,
        0.01533993,
        0.02071762,
        0.01964159,
        0.01967518,
        0.01532908,
        0.01965958,
        0.01967047,
        0.01966474,
        0.01983707
      ],
      "e2e_seconds": 1.5135755499941297,
      "output_characters": 61,
      "output_tokens": null,
      "tpot_seconds": null
    },
    {
      "request_id": 5,
      "ttft_seconds": 0.8071093400067184,
      "itl_seconds": [
        0.02063566,
        0.01636369,
        0.0198065,
        0.01643168,
        0.01973,
        0.02073447,
        0.01536284,
        0.01976074,
        0.02074848,
        0.01534047,
        0.01978483,
        0.02074921,
        0.01530366,
        0.02075746,
        0.01967391,
        0.01964941,
        0.02074451,
        0.01644287,
        0.01966461,
        0.01965967,
        0.01963982,
        0.01535662,
        0.02502872,
        0.01643199,
        0.0196364,
        0.01967835,
        0.01966153,
        0.01532608,
        0.02073027,
        0.01964297,
        0.01967769,
        0.01534047,
        0.01966186,
        0.01967452,
        0.01964223,
        0.01984029
      ],
      "e2e_seconds": 1.5137382399989292,
      "output_characters": 61,
      "output_tokens": null,
      "tpot_seconds": null
    },
    {
      "request_id": 6,
      "ttft_seconds": 0.8151257600111421,
      "itl_seconds": [
        0.02072303,
        0.01641073,
        0.01967184,
        0.019656,
        0.01643642,
        0.01964206,
        0.0207616,
        0.01965156,
        0.01535717,
        0.01969785,
        0.01975212,
        0.01966142,
        0.0153427,
        0.01965877,
        0.01966864,
        0.0164282,
        0.02073803,
        0.01963603,
        0.01966238,
        0.01532149,
        0.01968256,
        0.01964656,
        0.01965728,
        0.01533168,
        0.01972227,
        0.0197251,
        0.01977486,
        0.01640444,
        0.01966256,
        0.01967141,
        0.01968453,
        0.01534473,
        0.01965541,
        0.01974439,
        0.01974608,
        0.01536021
      ],
      "e2e_seconds": 1.5107824800070375,
      "output_characters": 61,
      "output_tokens": null,
      "tpot_seconds": null
    },
    {
      "request_id": 7,
      "ttft_seconds": 0.8149394899955951,
      "itl_seconds": [
        0.0206952,
        0.01642076,
        0.01966473,
        0.01963566,
        0.01644657,
        0.01964736,
        0.02074528,
        0.01967368,
        0.01538083,
        0.01967699,
        0.01974834,
        0.01966469,
        0.01533847,
        0.01964273,
        0.0197476,
        0.01637384,
        0.02071656,
        0.01965126,
        0.01971935,
        0.01524584,
        0.01971727,
        0.01969952,
        0.019586,
        0.01533139,
        0.01973137,
        0.01972031,
        0.0197692,
        0.01640762,
        0.01965964,
        0.01967665,
        0.0196822,
        0.01532856,
        0.01973593,
        0.01966466,
        0.01983342,
        0.01527261
      ],
      "e2e_seconds": 1.5109484000131488,
      "output_characters": 61,
      "output_tokens": null,
      "tpot_seconds": null
    },
    {
      "request_id": 8,
      "ttft_seconds": 0.8075549299828708,
      "itl_seconds": [
        0.02071514,
        0.01645606,
        0.01959575,
        0.01969687,
        0.02069289,
        0.01974622,
        0.01637384,
        0.01974914,
        0.01962439,
        0.01642984,
        0.01980492,
        0.01978291,
        0.01986641,
        0.01530622,
        0.01978113,
        0.01978109,
        0.01978146,
        0.01542622,
        0.01982828,
        0.0197631,
        0.02077466,
        0.01550835,
        0.02069383,
        0.01970938,
        0.01968499,
        0.01536642,
        0.01967312,
        0.01963508,
        0.01976989,
        0.01531783,
        0.01988084,
        0.02069857,
        0.01958081,
        0.01537227,
        0.01973074,
        0.01983498
      ],
      "e2e_seconds": 1.5111022799974307,
      "output_characters": 61,
      "output_tokens": null,
      "tpot_seconds": null
    },
    {
      "request_id": 9,
      "ttft_seconds": 0.807239820016548,
      "itl_seconds": [
        0.02073011,
        0.0164225,
        0.01966391,
        0.01966109,
        0.02072814,
        0.0196646,
        0.01642485,
        0.01969633,
        0.0196779,
        0.0164309,
        0.01978653,
        0.01982951,
        0.01980792,
        0.01534104,
        0.01977812,
        0.01978739,
        0.0197779,
        0.01541361,
        0.01986105,
        0.01976225,
        0.02075233,
        0.01549416,
        0.02072953,
        0.01971021,
        0.01966463,
        0.01534024,
        0.01966566,
        0.01967013,
        0.01974663,
        0.01536097,
        0.01976291,
        0.02074172,
        0.0196583,
        0.01534795,
        0.01973509,
        0.01983625
      ],
      "e2e_seconds": 1.5104498700238764,
      "output_characters": 61,
      "output_tokens": null,
      "tpot_seconds": null
    },
    {
      "request_id": 10,
      "ttft_seconds": 0.8155039600096643,
      "itl_seconds": [
        0.02064777,
        0.0153518,
        0.01966362,
        0.02072014,
        0.01966783,
        0.01537734,
        0.01964728,
        0.02075406,
        0.01543024,
        0.01985979,
        0.01975926,
        0.01980967,
        0.01543154,
        0.02072561,
        0.01965553,
        0.01972965,
        0.01529641,
        0.01971568,
        0.01975798,
        0.01978661,
        0.01541338,
        0.01979587,
        0.01976005,
        0.01983166,
        0.01642483,
        0.01965924,
        0.01975788,
        0.01993454,
        0.01546584,
        0.0197593,
        0.01983081,
        0.01979897,
        0.0154313,
        0.01972001,
        0.01990499,
        0.0206992
      ],
      "e2e_seconds": 1.512093810015358,
      "output_characters": 61,
      "output_tokens": null,
      "tpot_seconds": null
    },
    {
      "request_id": 11,
      "ttft_seconds": 0.8151582200080156,
      "itl_seconds": [
        0.02069761,
        0.01533258,
        0.01967278,
        0.02073364,
        0.01966672,
        0.01535722,
        0.01964816,
        0.02075213,
        0.01543035,
        0.01986009,
        0.01976036,
        0.01981242,
        0.0154229,
        0.02073375,
        0.01977676,
        0.01958425,
        0.01534162,
        0.01969152,
        0.01977423,
        0.019775,
        0.01541365,
        0.01979404,
        0.01975641,
        0.01984237,
        0.01642344,
        0.0196629,
        0.01975442,
        0.01994662,
        0.01545963,
        0.01975772,
        0.01982068,
        0.01980007,
        0.01542982,
        0.01971008,
        0.01984271,
        0.02076122
      ],
      "e2e_seconds": 1.5114995800249744,
      "output_characters": 61,
      "output_tokens": null,
      "tpot_seconds": null
    },
    {
      "request_id": 12,
      "ttft_seconds": 0.8090475600038189,
      "itl_seconds": [
        0.01940101,
        0.02056737,
        0.0162184,
        0.019434,
        0.01942652,
        0.01514312,
        0.02063053,
        0.02049199,
        0.01963304,
        0.0162977,
        0.0197934,
        0.01977479,
        0.02064758,
        0.01621902,
        0.01943949,
        0.01945099,
        0.01948613,
        0.0163556,
        0.02052324,
        0.02074096,
        0.01643544,
        0.0207228,
        0.01642511,
        0.01965303,
        0.01965444,
        0.01640764,
        0.01965208,
        0.01967984,
        0.02077373,
        0.01533817,
        0.02076325,
        0.01966711,
        0.01533221,
        0.01968493,
        0.01967993,
        0.01969207
      ],
      "e2e_seconds": 1.5110196800087579,
      "output_characters": 61,
      "output_tokens": null,
      "tpot_seconds": null
    },
    {
      "request_id": 13,
      "ttft_seconds": 0.8088157499732915,
      "itl_seconds": [
        0.01940297,
        0.02054239,
        0.01621737,
        0.01945734,
        0.01950828,
        0.01503632,
        0.02069494,
        0.02042647,
        0.01965176,
        0.01630829,
        0.01978861,
        0.01980748,
        0.02062884,
        0.01621385,
        0.01945174,
        0.01940278,
        0.0194911,
        0.01635964,
        0.02055253,
        0.02072701,
        0.01647173,
        0.02067111,
        0.01640437,
        0.01967283,
        0.01965426,
        0.01640674,
        0.01967724,
        0.01966281,
        0.02078334,
        0.01532832,
        0.02075651,
        0.01964764,
        0.01536434,
        0.01971744,
        0.01963584,
        0.01970767
      ],
      "e2e_seconds": 1.5111317499831785,
      "output_characters": 61,
      "output_tokens": null,
      "tpot_seconds": null
    },
    {
      "request_id": 14,
      "ttft_seconds": 0.8152130000235047,
      "itl_seconds": [
        0.02067813,
        0.0164536,
        0.01965904,
        0.01968972,
        0.01969306,
        0.01971525,
        0.01647379,
        0.01990025,
        0.02079276,
        0.01501734,
        0.02056005,
        0.01948893,
        0.01953534,
        0.01530512,
        0.02055327,
        0.02054754,
        0.01519178,
        0.01957047,
        0.01953689,
        0.0196993,
        0.01636847,
        0.02376342,
        0.01968824,
        0.01538363,
        0.01967245,
        0.02047653,
        0.01951896,
        0.01639379,
        0.01974629,
        0.0163155,
        0.01965814,
        0.0196076,
        0.02075421,
        0.01533947,
        0.01967495,
        0.01968713
      ],
      "e2e_seconds": 1.5194816600123886,
      "output_characters": 61,
      "output_tokens": null,
      "tpot_seconds": null
    },
    {
      "request_id": 15,
      "ttft_seconds": 0.8148766100057401,
      "itl_seconds": [
        0.02069071,
        0.01644118,
        0.01967072,
        0.01969034,
        0.01971628,
        0.01972274,
        0.01644678,
        0.01989994,
        0.02062109,
        0.01521485,
        0.02053641,
        0.01948619,
        0.01953747,
        0.01533014,
        0.02055413,
        0.02052619,
        0.01518865,
        0.01958993,
        0.01951897,
        0.01969335,
        0.01636228,
        0.02376945,
        0.01966797,
        0.01534583,
        0.01965117,
        0.02050676,
        0.01948846,
        0.01641227,
        0.01982618,
        0.01625331,
        0.01967243,
        0.01964012,
        0.02074907,
        0.01532674,
        0.01969315,
        0.01965553
      ],
      "e2e_seconds": 1.5187743499991484,
      "output_characters": 61,
      "output_tokens": null,
      "tpot_seconds": null
    },
    {
      "request_id": 16,
      "ttft_seconds": 0.8148997399839573,
      "itl_seconds": [
        0.02069115,
        0.01644522,
        0.01963777,
        0.01965581,
        0.01977926,
        0.01539509,
        0.01974227,
        0.02080664,
        0.01538108,
        0.01974375,
        0.02078198,
        0.01540937,
        0.0198284,
        0.01976775,
        0.02077619,
        0.01531951,
        0.01963276,
        0.01964423,
        0.0196362,
        0.01531019,
        0.01983638,
        0.01963741,
        0.016466,
        0.01975874,
        0.0197348,
        0.0207688,
        0.01525622,
        0.01966702,
        0.01963909,
        0.01982797,
        0.01540575,
        0.019669,
        0.01968516,
        0.01981558,
        0.01540589,
        0.01980671
      ],
      "e2e_seconds": 1.5127776299777906,
      "output_characters": 61,
      "output_tokens": null,
      "tpot_seconds": null
    },
    {
      "request_id": 17,
      "ttft_seconds": 0.8145973600039724,
      "itl_seconds": [
        0.02071672,
        0.01643856,
        0.01964731,
        0.01966022,
        0.01977877,
        0.01539356,
        0.01976493,
        0.02078271,
        0.0153826,
        0.01974432,
        0.02077931,
        0.01541336,
        0.01982887,
        0.0197664,
        0.02074141,
        0.01533954,
        0.01964537,
        0.01963734,
        0.01964222,
        0.01532461,
        0.01976162,
        0.01970233,
        0.01642113,
        0.01975757,
        0.01977221,
        0.0207183,
        0.01533215,
        0.01964511,
        0.0196381,
        0.01981637,
        0.01541802,
        0.01967315,
        0.01968258,
        0.01980059,
        0.01541924,
        0.01978442
      ],
      "e2e_seconds": 1.5121634299866855,
      "output_characters": 61,
      "output_tokens": null,
      "tpot_seconds": null
    },
    {
      "request_id": 18,
      "ttft_seconds": 0.8115040599950589,
      "itl_seconds": [
        0.01641253,
        0.0196677,
        0.01642427,
        0.01967239,
        0.01964623,
        0.01643924,
        0.01971513,
        0.02075897,
        0.01970054,
        0.01536128,
        0.01965239,
        0.0196869,
        0.02073295,
        0.01554697,
        0.01976824,
        0.0197367,
        0.0197819,
        0.01644743,
        0.0196707,
        0.01967484,
        0.01966783,
        0.01532987,
        0.01966192,
        0.01973947,
        0.01991535,
        0.01533924,
        0.0197094,
        0.01975324,
        0.01973341,
        0.01644936,
        0.01965342,
        0.01967019,
        0.01968569,
        0.01535915,
        0.01971149,
        0.01965732
      ],
      "e2e_seconds": 1.5087605800072197,
      "output_characters": 61,
      "output_tokens": null,
      "tpot_seconds": null
    },
    {
      "request_id": 19,
      "ttft_seconds": 0.8113796300021932,
      "itl_seconds": [
        0.01642552,
        0.01962748,
        0.01652953,
        0.01956335,
        0.01965058,
        0.01643701,
        0.01968791,
        0.02080479,
        0.0197281,
        0.01528926,
        0.01967843,
        0.01968743,
        0.02073248,
        0.01554599,
        0.01976931,
        0.01970849,
        0.01981254,
        0.01644517,
        0.01964678,
        0.01972142,
        0.01963253,
        0.01533773,
        0.01969621,
        0.01971111,
        0.01991364,
        0.01533462,
        0.01970689,
        0.01975338,
        0.01974154,
        0.01644408,
        0.01965378,
        0.01967516,
        0.01968213,
        0.01535985,
        0.019736,
        0.01963002
      ],
      "e2e_seconds": 1.5089475400163792,
      "output_characters": 61,
      "output_tokens": null,
      "tpot_seconds": null
    },
    {
      "request_id": 20,
      "ttft_seconds": 0.8108803199720569,
      "itl_seconds": [
        0.0207403,
        0.016439,
        0.02068076,
        0.01972405,
        0.01643677,
        0.0196759,
        0.01971523,
        0.01536191,
        0.01965528,
        0.01971388,
        0.01646618,
        0.01960232,
        0.01977806,
        0.01646319,
        0.0197794,
        0.02081233,
        0.01530188,
        0.01976364,
        0.01985692,
        0.01969417,
        0.0153382,
        0.01977145,
        0.02074079,
        0.01967603,
        0.0153291,
        0.01968108,
        0.01965245,
        0.01968245,
        0.01537942,
        0.02503769,
        0.01962846,
        0.01535963,
        0.02078746,
        0.02072045,
        0.01537605,
        0.02396818
      ],
      "e2e_seconds": 1.515871449984843,
      "output_characters": 61,
      "output_tokens": null,
      "tpot_seconds": null
    },
    {
      "request_id": 21,
      "ttft_seconds": 0.810569690016564,
      "itl_seconds": [
        0.02069969,
        0.01645922,
        0.02074502,
        0.01969916,
        0.01643075,
        0.01968508,
        0.01967807,
        0.01535465,
        0.01969694,
        0.01967102,
        0.01645563,
        0.01968005,
        0.01974419,
        0.0164536,
        0.01980573,
        0.02078555,
        0.01533903,
        0.01975101,
        0.01980799,
        0.01974071,
        0.0153396,
        0.01977146,
        0.02073926,
        0.01967963,
        0.01533071,
        0.01967667,
        0.01965084,
        0.01967663,
        0.01533381,
        0.02508074,
        0.01965285,
        0.01535963,
        0.02075643,
        0.02075419,
        0.0153535,
        0.02398993
      ],
      "e2e_seconds": 1.5152252000116277,
      "output_characters": 61,
      "output_tokens": null,
      "tpot_seconds": null
    },
    {
      "request_id": 22,
      "ttft_seconds": 0.8149992999969982,
      "itl_seconds": [
        0.0207133,
        0.01969359,
        0.01645003,
        0.0197133,
        0.01639187,
        0.02076411,
        0.0197315,
        0.01971765,
        0.01543243,
        0.02067211,
        0.01967657,
        0.01538536,
        0.01968295,
        0.01962863,
        0.01644386,
        0.01985815,
        0.01986396,
        0.01980013,
        0.01640566,
        0.01972591,
        0.0207533,
        0.01551289,
        0.01970326,
        0.01983549,
        0.01632906,
        0.01977458,
        0.02072963,
        0.01530782,
        0.01966201,
        0.01969161,
        0.01647979,
        0.01963733,
        0.01967507,
        0.01641207,
        0.01965611,
        0.01967644
      ],
      "e2e_seconds": 1.513688449980691,
      "output_characters": 61,
      "output_tokens": null,
      "tpot_seconds": null
    },
    {
      "request_id": 23,
      "ttft_seconds": 0.8146802099945489,
      "itl_seconds": [
        0.02075616,
        0.0196725,
        0.01644592,
        0.01967402,
        0.01644513,
        0.02075096,
        0.01973047,
        0.01972277,
        0.01536243,
        0.02072755,
        0.01968879,
        0.01534633,
        0.01969106,
        0.01964599,
        0.01644799,
        0.01986118,
        0.01987551,
        0.01976204,
        0.01643997,
        0.01967993,
        0.02076475,
        0.01553921,
        0.01969013,
        0.0197641,
        0.01644117,
        0.01972763,
        0.02073297,
        0.01533578,
        0.01967601,
        0.01967502,
        0.01645245,
        0.01966478,
        0.01967645,
        0.01642982,
        0.01965331,
        0.01967729
      ],
      "e2e_seconds": 1.5130371199920774,
      "output_characters": 61,
      "output_tokens": null,
      "tpot_seconds": null
    },
    {
      "request_id": 24,
      "ttft_seconds": 0.8088201399950776,
      "itl_seconds": [
        0.02067332,
        0.01534345,
        0.01966153,
        0.01969023,
        0.01642546,
        0.01965854,
        0.0207292,
        0.01552523,
        0.02074646,
        0.01968435,
        0.01967814,
        0.01536033,
        0.02072907,
        0.01968324,
        0.0154101,
        0.02078626,
        0.01966362,
        0.01546279,
        0.02074751,
        0.02076342,
        0.01556087,
        0.02076853,
        0.01643438,
        0.01966901,
        0.01644071,
        0.02075674,
        0.01646839,
        0.02070244,
        0.01638073,
        0.01968129,
        0.02073193,
        0.01644201,
        0.01964827,
        0.01968568,
        0.01642069,
        0.01976488
      ],
      "e2e_seconds": 1.5038664900057483,
      "output_characters": 61,
      "output_tokens": null,
      "tpot_seconds": null
    },
    {
      "request_id": 25,
      "ttft_seconds": 0.8085206099785864,
      "itl_seconds": [
        0.02071566,
        0.01534581,
        0.01964351,
        0.01968452,
        0.01642855,
        0.0196614,
        0.02072775,
        0.01552591,
        0.02074232,
        0.01968894,
        0.01967789,
        0.01536257,
        0.02072429,
        0.01968428,
        0.01543089,
        0.0207671,
        0.01965933,
        0.0154699,
        0.02074469,
        0.02075938,
        0.01556771,
        0.020768,
        0.01643172,
        0.01966989,
        0.01643815,
        0.02074315,
        0.01643985,
        0.02073348,
        0.01640917,
        0.01966238,
        0.02073501,
        0.01644824,
        0.01965798,
        0.01967416,
        0.01642131,
        0.01975598
      ],
      "e2e_seconds": 1.5032329199893866,
      "output_characters": 61,
      "output_tokens": null,
      "tpot_seconds": null
    },
    {
      "request_id": 26,
      "ttft_seconds": 0.8062416299944744,
      "itl_seconds": [
        0.01559824,
        0.02073927,
        0.02074089,
        0.02076859,
        0.01967507,
        0.01991337,
        0.02079859,
        0.0153254,
        0.01973526,
        0.02077228,
        0.01970845,
        0.01536262,
        0.02086172,
        0.01953905,
        0.01980264,
        0.01546122,
        0.01985153,
        0.01977302,
        0.0198178,
        0.0154298,
        0.02083311,
        0.01982525,
        0.01543626,
        0.02074289,
        0.01967957,
        0.01963867,
        0.0156049,
        0.01980168,
        0.02072789,
        0.01969624,
        0.01534261,
        0.01966501,
        0.0198279,
        0.02081236,
        0.01536331,
        0.02072531
      ],
      "e2e_seconds": 1.5123028400121257,
      "output_characters": 61,
      "output_tokens": null,
      "tpot_seconds": null
    },
    {
      "request_id": 27,
      "ttft_seconds": 0.805747539998265,
      "itl_seconds": [
        0.01561246,
        0.02073635,
        0.02077233,
        0.0207395,
        0.01967318,
        0.01991858,
        0.02077829,
        0.01536782,
        0.01971138,
        0.02076683,
        0.01971455,
        0.01536047,
        0.02078671,
        0.01964457,
        0.01977929,
        0.0154828,
        0.01982987,
        0.01979186,
        0.01979346,
        0.01543041,
        0.02085799,
        0.01980899,
        0.01543098,
        0.02074374,
        0.01968058,
        0.01965864,
        0.01558656,
        0.01976733,
        0.02075663,
        0.01966639,
        0.01534923,
        0.01966284,
        0.01983772,
        0.02080735,
        0.01534127,
        0.02074878
      ],
      "e2e_seconds": 1.5117382399912458,
      "output_characters": 61,
      "output_tokens": null,
      "tpot_seconds": null
    },
    {
      "request_id": 28,
      "ttft_seconds": 0.8208948800165672,
      "itl_seconds": [
        0.01966414,
        0.01965906,
        0.01536948,
        0.01965002,
        0.01994139,
        0.01984664,
        0.01641866,
        0.01968401,
        0.01968034,
        0.01645247,
        0.02075135,
        0.01967301,
        0.0153386,
        0.02076177,
        0.01642668,
        0.02076607,
        0.02073646,
        0.01536015,
        0.01971111,
        0.01968392,
        0.0164289,
        0.01971321,
        0.01967051,
        0.01975889,
        0.01540893,
        0.01975821,
        0.01973099,
        0.02073588,
        0.0153136,
        0.02074994,
        0.01966233,
        0.01968556,
        0.01542711,
        0.02075151,
        0.0196726,
        0.01977496
      ],
      "e2e_seconds": 1.5173072000034153,
      "output_characters": 61,
      "output_tokens": null,
      "tpot_seconds": null
    },
    {
      "request_id": 29,
      "ttft_seconds": 0.8207624800270423,
      "itl_seconds": [
        0.01963717,
        0.01966473,
        0.0153759,
        0.01964014,
        0.01995986,
        0.0198281,
        0.01642013,
        0.0196944,
        0.01965334,
        0.0164935,
        0.02073676,
        0.01966319,
        0.01536213,
        0.02071681,
        0.01645315,
        0.02076227,
        0.02073158,
        0.01534676,
        0.01972567,
        0.01968618,
        0.01642277,
        0.01971674,
        0.01967174,
        0.0197585,
        0.01540796,
        0.01977469,
        0.01973822,
        0.02072244,
        0.01531175,
        0.02072438,
        0.01966149,
        0.01971329,
        0.01543182,
        0.02075387,
        0.01966115,
        0.01979045
      ],
      "e2e_seconds": 1.5172232300101314,
      "output_characters": 61,
      "output_tokens": null,
      "tpot_seconds": null
    }
  ],
  "metric_definitions": {
    "ttft_seconds": "request start to first non-empty text delta",
    "itl_seconds": "inter-token latency between consecutive text deltas",
    "e2e_seconds": "request start to stream completion",
    "tpot_seconds": "first delta to completion divided by output units",
    "request_throughput": "successful requests per second"
  }
}
