{
  "schema_version": 1,
  "created_at": "2026-08-07T22:19:13+00:00",
  "model": "openbmb/MiniCPM-o-4_5",
  "base_url": "http://127.0.0.1:8091/v1",
  "requests": 30,
  "successes": 30,
  "failures": 0,
  "timeouts": 0,
  "http_status_distribution": {},
  "success_rate": 1.0,
  "wall_seconds": 6.545882,
  "request_throughput": 4.583034,
  "run_metadata": {
    "model": "openbmb/MiniCPM-o-4_5",
    "base_url": "http://127.0.0.1:8091/v1",
    "requests": 30,
    "concurrency": 4,
    "warmup_requests": 5,
    "prompt_sha256": "737f4c53ccc7682f",
    "python_version": "3.12",
    "schema_version": 1,
    "created_at": "2026-08-07T22:19:13+00:00"
  },
  "distributions": {
    "ttft_seconds": {
      "count": 30,
      "mean": 0.095148,
      "p50": 0.093291,
      "p95": 0.109895,
      "p99": 0.110132,
      "min": 0.086959,
      "max": 0.110175
    },
    "itl_seconds": {
      "count": 1080,
      "mean": 0.019399,
      "p50": 0.019842,
      "p95": 0.020837,
      "p99": 0.022832,
      "min": 0.013005,
      "max": 0.033393
    },
    "e2e_seconds": {
      "count": 30,
      "mean": 0.816694,
      "p50": 0.815307,
      "p95": 0.834249,
      "p99": 0.83508,
      "min": 0.805213,
      "max": 0.835286
    },
    "tpot_seconds": {
      "count": 0,
      "mean": null,
      "p50": null,
      "p95": null,
      "p99": null,
      "min": null,
      "max": null
    },
    "output_tokens": {
      "count": 0,
      "mean": null,
      "p50": null,
      "p95": null,
      "p99": null,
      "min": null,
      "max": null
    }
  },
  "errors": [],
  "results": [
    {
      "request_id": 0,
      "ttft_seconds": 0.08982243001810275,
      "itl_seconds": [
        0.02079889,
        0.02070502,
        0.01535715,
        0.02068901,
        0.01989909,
        0.02069307,
        0.01961479,
        0.01640229,
        0.01985289,
        0.02068652,
        0.02068425,
        0.01538854,
        0.02068133,
        0.02073458,
        0.0198498,
        0.01788493,
        0.01987445,
        0.01977574,
        0.0206882,
        0.01646144,
        0.02068124,
        0.01975003,
        0.02068513,
        0.01642202,
        0.0206884,
        0.01961641,
        0.02067306,
        0.0196159,
        0.01640472,
        0.02068235,
        0.01976832,
        0.02067935,
        0.01639673,
        0.01987884,
        0.02068404,
        0.02067932
      ],
      "e2e_seconds": 0.8112538100103848,
      "output_characters": 61,
      "output_tokens": null,
      "tpot_seconds": null
    },
    {
      "request_id": 1,
      "ttft_seconds": 0.11002419999567792,
      "itl_seconds": [
        0.02067123,
        0.01537753,
        0.02072253,
        0.01988019,
        0.02069814,
        0.01961883,
        0.0163826,
        0.01979156,
        0.02076244,
        0.0206824,
        0.0153472,
        0.02069699,
        0.02074915,
        0.01975612,
        0.01796036,
        0.01986625,
        0.01977085,
        0.02068814,
        0.01643946,
        0.02070484,
        0.01974767,
        0.02068408,
        0.01642413,
        0.02069415,
        0.01962019,
        0.02066162,
        0.01970317,
        0.01631428,
        0.0206858,
        0.01977055,
        0.02067602,
        0.01639704,
        0.01987516,
        0.02068483,
        0.02070003,
        0.02127385
      ],
      "e2e_seconds": 0.8352864299959037,
      "output_characters": 61,
      "output_tokens": null,
      "tpot_seconds": null
    },
    {
      "request_id": 2,
      "ttft_seconds": 0.10973636998096481,
      "itl_seconds": [
        0.02067469,
        0.01526115,
        0.02073069,
        0.01989598,
        0.02068346,
        0.01961585,
        0.0164,
        0.01988958,
        0.02064876,
        0.0206829,
        0.01535909,
        0.02068368,
        0.02076439,
        0.01981811,
        0.01797247,
        0.01985705,
        0.01977027,
        0.02068919,
        0.0164599,
        0.02070152,
        0.01972743,
        0.0206818,
        0.01642551,
        0.02073882,
        0.01960725,
        0.02063592,
        0.0197212,
        0.01631388,
        0.02068433,
        0.01975131,
        0.02069335,
        0.01638015,
        0.01987523,
        0.02068546,
        0.02069926,
        0.02171619
      ],
      "e2e_seconds": 0.8345750999869779,
      "output_characters": 61,
      "output_tokens": null,
      "tpot_seconds": null
    },
    {
      "request_id": 3,
      "ttft_seconds": 0.10939545999281108,
      "itl_seconds": [
        0.02068925,
        0.0153246,
        0.02073305,
        0.01988375,
        0.02069714,
        0.01961636,
        0.01640044,
        0.01988459,
        0.02065063,
        0.02068434,
        0.0153605,
        0.0206831,
        0.02076381,
        0.01973554,
        0.01799398,
        0.01987911,
        0.01975364,
        0.02070755,
        0.01643563,
        0.02070986,
        0.01974854,
        0.02068609,
        0.01642251,
        0.02069674,
        0.01960475,
        0.02067222,
        0.01970137,
        0.01629798,
        0.02070488,
        0.01977034,
        0.02067649,
        0.01639393,
        0.0198595,
        0.02070346,
        0.02068172,
        0.02127038
      ],
      "e2e_seconds": 0.8338499900128227,
      "output_characters": 61,
      "output_tokens": null,
      "tpot_seconds": null
    },
    {
      "request_id": 4,
      "ttft_seconds": 0.0968016899714712,
      "itl_seconds": [
        0.02079381,
        0.02091484,
        0.0154215,
        0.02070636,
        0.02066997,
        0.01990107,
        0.01640099,
        0.02069015,
        0.01990943,
        0.02068823,
        0.01972254,
        0.02067565,
        0.01545897,
        0.02068282,
        0.02074398,
        0.01974617,
        0.01960997,
        0.01640708,
        0.01960251,
        0.01960222,
        0.01962165,
        0.02067293,
        0.02165366,
        0.01641229,
        0.01991416,
        0.02068163,
        0.01549895,
        0.020679,
        0.01983321,
        0.02068776,
        0.01960262,
        0.01640553,
        0.0197765,
        0.02068721,
        0.01968388,
        0.01639706
      ],
      "e2e_seconds": 0.8156967699760571,
      "output_characters": 61,
      "output_tokens": null,
      "tpot_seconds": null
    },
    {
      "request_id": 5,
      "ttft_seconds": 0.09328863999689929,
      "itl_seconds": [
        0.02095352,
        0.0154129,
        0.020677,
        0.02067064,
        0.01995953,
        0.0163463,
        0.02069227,
        0.01993812,
        0.02069115,
        0.01971544,
        0.0206776,
        0.01545814,
        0.02066013,
        0.02074181,
        0.01982406,
        0.01954141,
        0.01648535,
        0.01958578,
        0.0195934,
        0.01961808,
        0.02072082,
        0.02161597,
        0.01640123,
        0.01994137,
        0.02065971,
        0.01550639,
        0.02067239,
        0.01983225,
        0.02063162,
        0.01968651,
        0.01638245,
        0.01978228,
        0.0206914,
        0.01964791,
        0.01639217,
        0.02260567
      ],
      "e2e_seconds": 0.8160605599987321,
      "output_characters": 61,
      "output_tokens": null,
      "tpot_seconds": null
    },
    {
      "request_id": 6,
      "ttft_seconds": 0.09320547000970691,
      "itl_seconds": [
        0.02087115,
        0.01540997,
        0.02069147,
        0.02065295,
        0.01985226,
        0.01646545,
        0.02065886,
        0.01995176,
        0.0206786,
        0.01973911,
        0.02065463,
        0.01546772,
        0.02065102,
        0.02067714,
        0.01980486,
        0.01963782,
        0.01639328,
        0.01958598,
        0.01960498,
        0.0196043,
        0.0207131,
        0.02163845,
        0.01640408,
        0.01992402,
        0.02067713,
        0.01549262,
        0.02068422,
        0.01983401,
        0.02069323,
        0.01960987,
        0.01639744,
        0.01977086,
        0.02070054,
        0.01971214,
        0.01631779,
        0.02275782
      ],
      "e2e_seconds": 0.8154787600215059,
      "output_characters": 61,
      "output_tokens": null,
      "tpot_seconds": null
    },
    {
      "request_id": 7,
      "ttft_seconds": 0.09296300000278279,
      "itl_seconds": [
        0.02084862,
        0.01541562,
        0.02067871,
        0.02066914,
        0.01990077,
        0.0164012,
        0.02068932,
        0.01993637,
        0.02069196,
        0.01971852,
        0.0206785,
        0.01545541,
        0.02066148,
        0.02065935,
        0.01985323,
        0.01959053,
        0.01642695,
        0.01958218,
        0.01962366,
        0.01959819,
        0.02071392,
        0.02163965,
        0.01640718,
        0.01992387,
        0.02067752,
        0.01549213,
        0.02068417,
        0.01983759,
        0.02065794,
        0.01962634,
        0.01641013,
        0.01977268,
        0.02068783,
        0.01969377,
        0.01648312,
        0.02262799
      ],
      "e2e_seconds": 0.8149527199857403,
      "output_characters": 61,
      "output_tokens": null,
      "tpot_seconds": null
    },
    {
      "request_id": 8,
      "ttft_seconds": 0.09336843001074158,
      "itl_seconds": [
        0.02003956,
        0.02073636,
        0.02063877,
        0.01968588,
        0.02067867,
        0.01552044,
        0.0206907,
        0.01974147,
        0.020687,
        0.01642286,
        0.01962812,
        0.02067323,
        0.02068899,
        0.01540898,
        0.02074586,
        0.02064839,
        0.0196041,
        0.01641947,
        0.0197432,
        0.02067925,
        0.01961304,
        0.01959861,
        0.01961338,
        0.01993658,
        0.01639488,
        0.01986759,
        0.02068901,
        0.02089443,
        0.01557487,
        0.02070144,
        0.02069874,
        0.01979375,
        0.01646131,
        0.02414188,
        0.01960652,
        0.02069798
      ],
      "e2e_seconds": 0.8148337500169873,
      "output_characters": 61,
      "output_tokens": null,
      "tpot_seconds": null
    },
    {
      "request_id": 9,
      "ttft_seconds": 0.08904543999233283,
      "itl_seconds": [
        0.02066347,
        0.02061055,
        0.01971516,
        0.02064724,
        0.01554811,
        0.0206866,
        0.01974381,
        0.02069015,
        0.01642127,
        0.01962351,
        0.02067484,
        0.02066505,
        0.01543564,
        0.02072442,
        0.02070727,
        0.01963167,
        0.01645208,
        0.01966633,
        0.02069032,
        0.01955841,
        0.01966326,
        0.01959883,
        0.01995402,
        0.0163889,
        0.01988892,
        0.02069048,
        0.02348399,
        0.01300513,
        0.02066618,
        0.02073724,
        0.01978834,
        0.01645214,
        0.02411446,
        0.01963418,
        0.02067897,
        0.0183645
      ],
      "e2e_seconds": 0.8157298699952662,
      "output_characters": 61,
      "output_tokens": null,
      "tpot_seconds": null
    },
    {
      "request_id": 10,
      "ttft_seconds": 0.08886707999045029,
      "itl_seconds": [
        0.02064414,
        0.02059711,
        0.01971496,
        0.02067828,
        0.0155152,
        0.02071087,
        0.01972092,
        0.02069434,
        0.01641939,
        0.01962307,
        0.02067614,
        0.02067527,
        0.01543415,
        0.02064072,
        0.02070745,
        0.01960634,
        0.01646263,
        0.01986498,
        0.02049262,
        0.01964197,
        0.01958364,
        0.01961168,
        0.01993794,
        0.01640088,
        0.01987842,
        0.02068574,
        0.02346884,
        0.01302148,
        0.0206801,
        0.02072779,
        0.01977811,
        0.01646107,
        0.02411709,
        0.0196327,
        0.0206785,
        0.01837701
      ],
      "e2e_seconds": 0.8151347599923611,
      "output_characters": 61,
      "output_tokens": null,
      "tpot_seconds": null
    },
    {
      "request_id": 11,
      "ttft_seconds": 0.08857138999155723,
      "itl_seconds": [
        0.02069765,
        0.02061195,
        0.01971492,
        0.02064922,
        0.01554708,
        0.02068692,
        0.01974195,
        0.02068767,
        0.01642345,
        0.0196239,
        0.02067492,
        0.02066621,
        0.01543481,
        0.02062825,
        0.02076561,
        0.01960618,
        0.01644766,
        0.01971547,
        0.02065561,
        0.01961194,
        0.01961749,
        0.0196122,
        0.01993678,
        0.01637757,
        0.01988833,
        0.02070176,
        0.02090494,
        0.01556405,
        0.02069361,
        0.02071265,
        0.01977889,
        0.01646603,
        0.02412808,
        0.01961474,
        0.02069805,
        0.01799061
      ],
      "e2e_seconds": 0.8145877800125163,
      "output_characters": 61,
      "output_tokens": null,
      "tpot_seconds": null
    },
    {
      "request_id": 12,
      "ttft_seconds": 0.0976554199878592,
      "itl_seconds": [
        0.02001212,
        0.01643186,
        0.01961945,
        0.01972079,
        0.02069003,
        0.02068193,
        0.01541047,
        0.02070229,
        0.01991556,
        0.02070173,
        0.01641142,
        0.01962469,
        0.02069347,
        0.01981994,
        0.01975221,
        0.01635472,
        0.02068913,
        0.01965786,
        0.02067955,
        0.01556986,
        0.02067801,
        0.01975065,
        0.02089097,
        0.01569537,
        0.01984232,
        0.02070076,
        0.0206954,
        0.01987202,
        0.01639973,
        0.01984464,
        0.02081551,
        0.01967405,
        0.02087594,
        0.0153588,
        0.02068888,
        0.01962736
      ],
      "e2e_seconds": 0.8135225400037598,
      "output_characters": 61,
      "output_tokens": null,
      "tpot_seconds": null
    },
    {
      "request_id": 13,
      "ttft_seconds": 0.09261304998653941,
      "itl_seconds": [
        0.01636645,
        0.01961656,
        0.01972015,
        0.02068831,
        0.02068883,
        0.01548951,
        0.02067787,
        0.01986916,
        0.02069883,
        0.01640422,
        0.01962831,
        0.02068844,
        0.01978827,
        0.01976167,
        0.01640929,
        0.02071545,
        0.01962571,
        0.02068608,
        0.01558337,
        0.02065844,
        0.01977902,
        0.0209294,
        0.01563729,
        0.01985104,
        0.02076382,
        0.02064935,
        0.01983068,
        0.01644609,
        0.01980783,
        0.02082372,
        0.01967759,
        0.02088676,
        0.01532514,
        0.02071533,
        0.01961876,
        0.02162863
      ],
      "e2e_seconds": 0.8146022300061304,
      "output_characters": 61,
      "output_tokens": null,
      "tpot_seconds": null
    },
    {
      "request_id": 14,
      "ttft_seconds": 0.09233697000308894,
      "itl_seconds": [
        0.01639815,
        0.01961739,
        0.01972248,
        0.02068885,
        0.0206858,
        0.01548311,
        0.0206839,
        0.01986743,
        0.02070115,
        0.01640516,
        0.01962782,
        0.02068919,
        0.01978973,
        0.01965667,
        0.01648614,
        0.02068077,
        0.01965951,
        0.02068191,
        0.01556702,
        0.02068038,
        0.01974535,
        0.02089129,
        0.0156986,
        0.01984038,
        0.02069737,
        0.02071463,
        0.01983359,
        0.01642992,
        0.01981366,
        0.02081768,
        0.01970846,
        0.02086546,
        0.01533736,
        0.0207106,
        0.01962906,
        0.02122463
      ],
      "e2e_seconds": 0.81404510998982,
      "output_characters": 61,
      "output_tokens": null,
      "tpot_seconds": null
    },
    {
      "request_id": 15,
      "ttft_seconds": 0.09231047000503168,
      "itl_seconds": [
        0.01634868,
        0.01960308,
        0.01973408,
        0.02067464,
        0.02070211,
        0.01547849,
        0.02056395,
        0.01999857,
        0.02069415,
        0.0164048,
        0.01963553,
        0.02066902,
        0.01981911,
        0.01964992,
        0.01642835,
        0.02069742,
        0.01964278,
        0.02068693,
        0.01556525,
        0.02067694,
        0.01976101,
        0.02088693,
        0.01569051,
        0.01984257,
        0.02069651,
        0.02071439,
        0.0198472,
        0.01643007,
        0.01979695,
        0.02083664,
        0.02141028,
        0.01915879,
        0.01533344,
        0.02071637,
        0.01961885,
        0.02162266
      ],
      "e2e_seconds": 0.8134753199992701,
      "output_characters": 61,
      "output_tokens": null,
      "tpot_seconds": null
    },
    {
      "request_id": 16,
      "ttft_seconds": 0.09763837000355124,
      "itl_seconds": [
        0.01581489,
        0.02070361,
        0.01961139,
        0.02068601,
        0.0153841,
        0.02070229,
        0.01963372,
        0.0196779,
        0.02069085,
        0.0154083,
        0.02069765,
        0.01972075,
        0.02070665,
        0.01555041,
        0.02070905,
        0.01964112,
        0.01966804,
        0.02066462,
        0.01558808,
        0.02059806,
        0.01981575,
        0.02070335,
        0.01546485,
        0.02069988,
        0.01978671,
        0.02029982,
        0.01642019,
        0.01963269,
        0.01981855,
        0.02074378,
        0.0196497,
        0.01640572,
        0.01973236,
        0.02069247,
        0.01980529,
        0.01639215
      ],
      "e2e_seconds": 0.8072273199795745,
      "output_characters": 61,
      "output_tokens": null,
      "tpot_seconds": null
    },
    {
      "request_id": 17,
      "ttft_seconds": 0.08750818998669274,
      "itl_seconds": [
        0.02060779,
        0.0195863,
        0.02068461,
        0.01540929,
        0.02069863,
        0.01963491,
        0.01967489,
        0.02071011,
        0.01539422,
        0.02070804,
        0.01970994,
        0.02070379,
        0.01555562,
        0.02069767,
        0.01965359,
        0.01964184,
        0.02068294,
        0.01558985,
        0.02057736,
        0.01983438,
        0.02076889,
        0.01537529,
        0.02074304,
        0.01984397,
        0.02022342,
        0.01642561,
        0.01960781,
        0.01985903,
        0.02070692,
        0.01966834,
        0.01641131,
        0.01972836,
        0.0207038,
        0.01979413,
        0.01638793,
        0.02153357
      ],
      "e2e_seconds": 0.805213419982465,
      "output_characters": 61,
      "output_tokens": null,
      "tpot_seconds": null
    },
    {
      "request_id": 18,
      "ttft_seconds": 0.0872899699897971,
      "itl_seconds": [
        0.02060464,
        0.01960634,
        0.0206727,
        0.01539532,
        0.02072166,
        0.01960877,
        0.01967563,
        0.02073648,
        0.01537613,
        0.02072942,
        0.01970787,
        0.02073134,
        0.01554247,
        0.02064121,
        0.01966567,
        0.01966285,
        0.02063724,
        0.01559514,
        0.02059548,
        0.01981436,
        0.02076976,
        0.01537441,
        0.02074244,
        0.01984689,
        0.02022104,
        0.01643313,
        0.01963645,
        0.0198325,
        0.02073979,
        0.01962679,
        0.01641586,
        0.01972323,
        0.02077775,
        0.01971874,
        0.01638814,
        0.02155196
      ],
      "e2e_seconds": 0.80535860999953,
      "output_characters": 61,
      "output_tokens": null,
      "tpot_seconds": null
    },
    {
      "request_id": 19,
      "ttft_seconds": 0.08695897000143304,
      "itl_seconds": [
        0.02072063,
        0.01958284,
        0.02068454,
        0.01540864,
        0.02069852,
        0.01963434,
        0.01967519,
        0.02071424,
        0.01539213,
        0.02070748,
        0.01970973,
        0.02072097,
        0.01554735,
        0.02074704,
        0.01966199,
        0.01958387,
        0.02071317,
        0.01559109,
        0.02059448,
        0.01983366,
        0.02076919,
        0.01537909,
        0.02074084,
        0.01982546,
        0.02021966,
        0.01645097,
        0.01955293,
        0.01991251,
        0.02065698,
        0.01971513,
        0.01639704,
        0.01974451,
        0.02065313,
        0.01984237,
        0.01638645,
        0.02198444
      ],
      "e2e_seconds": 0.8055687299929559,
      "output_characters": 61,
      "output_tokens": null,
      "tpot_seconds": null
    },
    {
      "request_id": 20,
      "ttft_seconds": 0.09818468999583274,
      "itl_seconds": [
        0.02074467,
        0.02067204,
        0.015532,
        0.02064528,
        0.02065094,
        0.01987221,
        0.01636507,
        0.02063907,
        0.01957338,
        0.01966198,
        0.02079126,
        0.01964246,
        0.01640769,
        0.02074337,
        0.01988827,
        0.02075931,
        0.01554737,
        0.01972891,
        0.02077024,
        0.0197115,
        0.02080384,
        0.01970298,
        0.02076714,
        0.01973342,
        0.01980642,
        0.01650497,
        0.02079365,
        0.02000005,
        0.01993404,
        0.0206937,
        0.01980607,
        0.01640604,
        0.02067916,
        0.01990069,
        0.02068114,
        0.01640961
      ],
      "e2e_seconds": 0.8215068700083066,
      "output_characters": 61,
      "output_tokens": null,
      "tpot_seconds": null
    },
    {
      "request_id": 21,
      "ttft_seconds": 0.09414641000330448,
      "itl_seconds": [
        0.02076526,
        0.01548945,
        0.02061457,
        0.02057193,
        0.01996367,
        0.01629159,
        0.02070436,
        0.01958717,
        0.01964585,
        0.02079329,
        0.01957779,
        0.01645355,
        0.0207561,
        0.01980859,
        0.02084766,
        0.01551567,
        0.01975921,
        0.02073713,
        0.01971274,
        0.02080068,
        0.01968222,
        0.02085776,
        0.01966685,
        0.01978345,
        0.0165574,
        0.02076111,
        0.01999705,
        0.01993558,
        0.02070604,
        0.01982376,
        0.01635572,
        0.02074121,
        0.01983925,
        0.02072524,
        0.01636686,
        0.02266395
      ],
      "e2e_seconds": 0.820539260021178,
      "output_characters": 61,
      "output_tokens": null,
      "tpot_seconds": null
    },
    {
      "request_id": 22,
      "ttft_seconds": 0.0945638700213749,
      "itl_seconds": [
        0.02049079,
        0.01552651,
        0.02073606,
        0.02057043,
        0.01985798,
        0.01640723,
        0.020593,
        0.01957964,
        0.01965997,
        0.02079412,
        0.01967357,
        0.01636309,
        0.02075541,
        0.0197711,
        0.02087557,
        0.01555159,
        0.01972886,
        0.02076552,
        0.01971041,
        0.02080601,
        0.01968101,
        0.02085877,
        0.01966497,
        0.01978374,
        0.01655936,
        0.02075883,
        0.02000022,
        0.01993373,
        0.02067753,
        0.01982322,
        0.01638481,
        0.02068463,
        0.01989538,
        0.02069782,
        0.01639714,
        0.02229057
      ],
      "e2e_seconds": 0.8212126600265037,
      "output_characters": 61,
      "output_tokens": null,
      "tpot_seconds": null
    },
    {
      "request_id": 23,
      "ttft_seconds": 0.09368571999948472,
      "itl_seconds": [
        0.02060412,
        0.01552497,
        0.02061577,
        0.02069161,
        0.0198579,
        0.0164224,
        0.02057456,
        0.01958534,
        0.01965768,
        0.0207947,
        0.01966949,
        0.01636343,
        0.02075568,
        0.01988117,
        0.02077471,
        0.01557551,
        0.01969886,
        0.02081316,
        0.01971243,
        0.02078458,
        0.01969936,
        0.02085713,
        0.01966601,
        0.01978508,
        0.01654067,
        0.02076012,
        0.01999706,
        0.01993622,
        0.02064786,
        0.01982329,
        0.01643518,
        0.02063434,
        0.01994146,
        0.02065135,
        0.01644123,
        0.02264944
      ],
      "e2e_seconds": 0.820778440014692,
      "output_characters": 61,
      "output_tokens": null,
      "tpot_seconds": null
    },
    {
      "request_id": 24,
      "ttft_seconds": 0.096815590019105,
      "itl_seconds": [
        0.02079666,
        0.01974417,
        0.02069507,
        0.02070821,
        0.01674751,
        0.01981492,
        0.02069535,
        0.02069608,
        0.019783,
        0.01642787,
        0.01984515,
        0.02068797,
        0.0206917,
        0.01989047,
        0.01644445,
        0.02065032,
        0.02069479,
        0.01961006,
        0.01639703,
        0.02073057,
        0.02067895,
        0.0196138,
        0.01994145,
        0.0163932,
        0.02069252,
        0.01977864,
        0.02067613,
        0.01641043,
        0.02068284,
        0.01984677,
        0.02067934,
        0.01640306,
        0.01961407,
        0.01960437,
        0.01973781,
        0.02068268
      ],
      "e2e_seconds": 0.8212573600176256,
      "output_characters": 61,
      "output_tokens": null,
      "tpot_seconds": null
    },
    {
      "request_id": 25,
      "ttft_seconds": 0.09329401000286452,
      "itl_seconds": [
        0.01970538,
        0.02068934,
        0.02069503,
        0.01687268,
        0.0197266,
        0.02067393,
        0.0206913,
        0.01978628,
        0.01641111,
        0.01986384,
        0.02077664,
        0.02060067,
        0.01988642,
        0.01644339,
        0.02069319,
        0.02070723,
        0.01961443,
        0.01637538,
        0.02073028,
        0.02062861,
        0.01967702,
        0.01993242,
        0.0163902,
        0.0207061,
        0.01976624,
        0.02063806,
        0.01644613,
        0.02068493,
        0.01984449,
        0.02068556,
        0.01642648,
        0.01959643,
        0.01962251,
        0.01968901,
        0.02071548,
        0.02162318
      ],
      "e2e_seconds": 0.8187685800075997,
      "output_characters": 61,
      "output_tokens": null,
      "tpot_seconds": null
    },
    {
      "request_id": 26,
      "ttft_seconds": 0.09317442998872139,
      "itl_seconds": [
        0.0196821,
        0.02068012,
        0.02069438,
        0.01678703,
        0.01982283,
        0.02067169,
        0.02069097,
        0.01978852,
        0.01642999,
        0.01987044,
        0.02077273,
        0.02059414,
        0.01988865,
        0.01633691,
        0.02070908,
        0.02069534,
        0.01961197,
        0.0163895,
        0.0207311,
        0.02069525,
        0.01959925,
        0.01994336,
        0.01639065,
        0.02070526,
        0.01976672,
        0.02071084,
        0.01637365,
        0.02068486,
        0.01984444,
        0.02068273,
        0.01637516,
        0.01963912,
        0.01962199,
        0.0196868,
        0.02071955,
        0.02163172
      ],
      "e2e_seconds": 0.8186604299989995,
      "output_characters": 61,
      "output_tokens": null,
      "tpot_seconds": null
    },
    {
      "request_id": 27,
      "ttft_seconds": 0.09284477998153307,
      "itl_seconds": [
        0.01973649,
        0.02069009,
        0.02069534,
        0.01678104,
        0.01981566,
        0.02067534,
        0.02069191,
        0.01978326,
        0.01641286,
        0.01986527,
        0.02072096,
        0.02065768,
        0.01988701,
        0.01635218,
        0.02074712,
        0.0206898,
        0.01961441,
        0.01639332,
        0.02072773,
        0.02066401,
        0.01963,
        0.01992736,
        0.01641134,
        0.02069577,
        0.01975561,
        0.02069035,
        0.0164105,
        0.0206695,
        0.01985916,
        0.0206826,
        0.01645452,
        0.01955997,
        0.01960707,
        0.01982859,
        0.02059224,
        0.0216062
      ],
      "e2e_seconds": 0.8179170799849089,
      "output_characters": 61,
      "output_tokens": null,
      "tpot_seconds": null
    },
    {
      "request_id": 28,
      "ttft_seconds": 0.09816473998944275,
      "itl_seconds": [
        0.03339267,
        0.02376251,
        0.01519733,
        0.02052026,
        0.01954944,
        0.01971918,
        0.01533439,
        0.02053736,
        0.01944946,
        0.01945496,
        0.01609832,
        0.02311212,
        0.01532963,
        0.02067037,
        0.01973954,
        0.01943736,
        0.01537141,
        0.02088739,
        0.01925355,
        0.01946705,
        0.01521289,
        0.01980384,
        0.02060558,
        0.0162536,
        0.01958268,
        0.02051727,
        0.01946158,
        0.01527439,
        0.01957505,
        0.01972174,
        0.02052784,
        0.01517336,
        0.01948356,
        0.01952733,
        0.01973168,
        0.0162497
      ],
      "e2e_seconds": 0.8125367799948435,
      "output_characters": 61,
      "output_tokens": null,
      "tpot_seconds": null
    },
    {
      "request_id": 29,
      "ttft_seconds": 0.11017537000589073,
      "itl_seconds": [
        0.0237124,
        0.01520105,
        0.02051665,
        0.01952811,
        0.01971889,
        0.01533573,
        0.02053633,
        0.01947546,
        0.01945036,
        0.01526019,
        0.02393716,
        0.01544186,
        0.02057118,
        0.01961611,
        0.01971744,
        0.01521184,
        0.0206103,
        0.01952589,
        0.01946856,
        0.01520059,
        0.01981117,
        0.02061203,
        0.01623851,
        0.019586,
        0.0205196,
        0.01947894,
        0.01514666,
        0.01968935,
        0.01972361,
        0.02052798,
        0.0151693,
        0.01960397,
        0.0194004,
        0.01974204,
        0.01624669,
        0.02128208
      ],
      "e2e_seconds": 0.8112038199906237,
      "output_characters": 61,
      "output_tokens": null,
      "tpot_seconds": null
    }
  ],
  "metric_definitions": {
    "ttft_seconds": "request start to first non-empty text delta",
    "itl_seconds": "inter-token latency between consecutive text deltas",
    "e2e_seconds": "request start to stream completion",
    "tpot_seconds": "first delta to completion divided by output units",
    "request_throughput": "successful requests per second"
  }
}
