{
  "schema_version": 1,
  "created_at": "2026-08-07T22:19:21+00:00",
  "model": "openbmb/MiniCPM-o-4_5",
  "base_url": "http://127.0.0.1:8091/v1",
  "requests": 30,
  "successes": 30,
  "failures": 0,
  "timeouts": 0,
  "http_status_distribution": {},
  "success_rate": 1.0,
  "wall_seconds": 6.424252,
  "request_throughput": 4.669804,
  "run_metadata": {
    "model": "openbmb/MiniCPM-o-4_5",
    "base_url": "http://127.0.0.1:8091/v1",
    "requests": 30,
    "concurrency": 8,
    "warmup_requests": 5,
    "prompt_sha256": "737f4c53ccc7682f",
    "python_version": "3.12",
    "schema_version": 1,
    "created_at": "2026-08-07T22:19:21+00:00"
  },
  "distributions": {
    "ttft_seconds": {
      "count": 30,
      "mean": 0.767952,
      "p50": 0.853449,
      "p95": 0.91239,
      "p99": 0.913005,
      "min": 0.097933,
      "max": 0.913184
    },
    "itl_seconds": {
      "count": 1080,
      "mean": 0.019465,
      "p50": 0.019848,
      "p95": 0.020823,
      "p99": 0.02234,
      "min": 0.013323,
      "max": 0.03353
    },
    "e2e_seconds": {
      "count": 30,
      "mean": 1.506192,
      "p50": 1.599471,
      "p95": 1.657396,
      "p99": 1.658597,
      "min": 0.817927,
      "max": 1.658929
    },
    "tpot_seconds": {
      "count": 0,
      "mean": null,
      "p50": null,
      "p95": null,
      "p99": null,
      "min": null,
      "max": null
    },
    "output_tokens": {
      "count": 0,
      "mean": null,
      "p50": null,
      "p95": null,
      "p99": null,
      "min": null,
      "max": null
    }
  },
  "errors": [],
  "results": [
    {
      "request_id": 0,
      "ttft_seconds": 0.09793280001031235,
      "itl_seconds": [
        0.01970987,
        0.0196639,
        0.02064318,
        0.01553176,
        0.02063805,
        0.02062556,
        0.02060582,
        0.01531413,
        0.02064165,
        0.02063891,
        0.0195728,
        0.02064547,
        0.01637196,
        0.01963713,
        0.02087151,
        0.01955121,
        0.01965875,
        0.01638627,
        0.02066487,
        0.02064315,
        0.01957461,
        0.01956623,
        0.02068523,
        0.01551192,
        0.02063533,
        0.02064863,
        0.02063209,
        0.01549667,
        0.02064004,
        0.02063878,
        0.0199991,
        0.01971262,
        0.01641397,
        0.02069317,
        0.01981808,
        0.01983637
      ],
      "e2e_seconds": 0.8179271199915092,
      "output_characters": 61,
      "output_tokens": null,
      "tpot_seconds": null
    },
    {
      "request_id": 1,
      "ttft_seconds": 0.11678929999470711,
      "itl_seconds": [
        0.01978339,
        0.02051405,
        0.01555067,
        0.02060886,
        0.02059269,
        0.02063211,
        0.01528743,
        0.02067465,
        0.02062948,
        0.01957973,
        0.02061766,
        0.01639454,
        0.01965009,
        0.02073985,
        0.01967717,
        0.01965184,
        0.01638686,
        0.02069693,
        0.02058774,
        0.01960216,
        0.0196587,
        0.02058559,
        0.01551314,
        0.0206457,
        0.02063564,
        0.02063608,
        0.01548971,
        0.02064413,
        0.02064595,
        0.01999859,
        0.01970956,
        0.01641097,
        0.0206914,
        0.01983531,
        0.0198193,
        0.02193459
      ],
      "e2e_seconds": 0.8637272999912966,
      "output_characters": 61,
      "output_tokens": null,
      "tpot_seconds": null
    },
    {
      "request_id": 2,
      "ttft_seconds": 0.1167751700268127,
      "itl_seconds": [
        0.01948386,
        0.02074423,
        0.01550832,
        0.02063183,
        0.02059483,
        0.02062349,
        0.01528458,
        0.02069477,
        0.02061522,
        0.01957884,
        0.02062921,
        0.01637859,
        0.01969425,
        0.0207905,
        0.01956616,
        0.01963484,
        0.01638832,
        0.02069832,
        0.02062573,
        0.01956252,
        0.01968989,
        0.02055294,
        0.01551291,
        0.0207057,
        0.02057689,
        0.02063466,
        0.01548988,
        0.02064764,
        0.02070333,
        0.01994497,
        0.01972403,
        0.01639246,
        0.02069177,
        0.01993777,
        0.01972673,
        0.02182298
      ],
      "e2e_seconds": 0.8646869200165384,
      "output_characters": 61,
      "output_tokens": null,
      "tpot_seconds": null
    },
    {
      "request_id": 3,
      "ttft_seconds": 0.11648156002047472,
      "itl_seconds": [
        0.01962954,
        0.02061987,
        0.01546899,
        0.0206909,
        0.02059481,
        0.02062559,
        0.01528573,
        0.02067826,
        0.02062885,
        0.01957947,
        0.02061584,
        0.01639294,
        0.01965098,
        0.0208056,
        0.01966177,
        0.01963226,
        0.01638846,
        0.0207186,
        0.02054202,
        0.01962658,
        0.01962781,
        0.02061352,
        0.01551244,
        0.02061788,
        0.02066484,
        0.0206346,
        0.01549021,
        0.020648,
        0.0206168,
        0.0200887,
        0.01969951,
        0.01638993,
        0.02068652,
        0.01981819,
        0.01983503,
        0.02173388
      ],
      "e2e_seconds": 0.8638642400037497,
      "output_characters": 61,
      "output_tokens": null,
      "tpot_seconds": null
    },
    {
      "request_id": 4,
      "ttft_seconds": 0.894030270021176,
      "itl_seconds": [
        0.01985901,
        0.02070929,
        0.0196198,
        0.02080755,
        0.01969937,
        0.0164047,
        0.01992799,
        0.02070292,
        0.02067192,
        0.01540905,
        0.02068917,
        0.02068434,
        0.01971811,
        0.01968778,
        0.01640135,
        0.02068906,
        0.01994721,
        0.02074171,
        0.01543595,
        0.02081792,
        0.02071562,
        0.01971102,
        0.01641993,
        0.02068715,
        0.01961099,
        0.01972445,
        0.02067641,
        0.01640245,
        0.02068583,
        0.01961562,
        0.02067225,
        0.01641168,
        0.01969406,
        0.0206897,
        0.01965597,
        0.02071804
      ],
      "e2e_seconds": 1.6160895400098525,
      "output_characters": 61,
      "output_tokens": null,
      "tpot_seconds": null
    },
    {
      "request_id": 5,
      "ttft_seconds": 0.9131841500056908,
      "itl_seconds": [
        0.02071179,
        0.01962297,
        0.02085145,
        0.01968879,
        0.01641682,
        0.01987431,
        0.02073706,
        0.02068957,
        0.01540488,
        0.02069717,
        0.02067008,
        0.01972162,
        0.019687,
        0.01641056,
        0.02071697,
        0.01995473,
        0.02076094,
        0.01543568,
        0.02080562,
        0.0206793,
        0.01973955,
        0.01643235,
        0.02060404,
        0.01969703,
        0.01971009,
        0.0206989,
        0.01638601,
        0.02060469,
        0.01966432,
        0.02069546,
        0.01638085,
        0.0196528,
        0.02071244,
        0.01967894,
        0.02062465,
        0.02168625
      ],
      "e2e_seconds": 1.6589290199917741,
      "output_characters": 61,
      "output_tokens": null,
      "tpot_seconds": null
    },
    {
      "request_id": 6,
      "ttft_seconds": 0.9125668100023177,
      "itl_seconds": [
        0.02056411,
        0.01962168,
        0.02085761,
        0.01964846,
        0.01645433,
        0.01987736,
        0.02073951,
        0.02068113,
        0.01540648,
        0.02069619,
        0.02067613,
        0.0197212,
        0.01968616,
        0.01640639,
        0.02066841,
        0.01996668,
        0.0207915,
        0.01539421,
        0.02081654,
        0.02071384,
        0.01970708,
        0.0164211,
        0.02064763,
        0.01966165,
        0.01971071,
        0.02068337,
        0.01639393,
        0.02064993,
        0.0196612,
        0.02066289,
        0.01641129,
        0.01965793,
        0.02069194,
        0.01969549,
        0.02075743,
        0.02114505
      ],
      "e2e_seconds": 1.657784979994176,
      "output_characters": 61,
      "output_tokens": null,
      "tpot_seconds": null
    },
    {
      "request_id": 7,
      "ttft_seconds": 0.9121740200207569,
      "itl_seconds": [
        0.02060472,
        0.0196004,
        0.02085986,
        0.01959775,
        0.01649778,
        0.01986701,
        0.02077322,
        0.02069049,
        0.01536917,
        0.02074048,
        0.0206621,
        0.01968552,
        0.01968712,
        0.01641611,
        0.02062646,
        0.0199609,
        0.02084334,
        0.01535829,
        0.02079993,
        0.02076241,
        0.01965844,
        0.01642617,
        0.02068632,
        0.0196192,
        0.01970991,
        0.02069816,
        0.01638315,
        0.02068549,
        0.01967038,
        0.02061385,
        0.01650099,
        0.01960862,
        0.02071426,
        0.01971779,
        0.0205929,
        0.02122458
      ],
      "e2e_seconds": 1.6569211000169162,
      "output_characters": 61,
      "output_tokens": null,
      "tpot_seconds": null
    },
    {
      "request_id": 8,
      "ttft_seconds": 0.880170439981157,
      "itl_seconds": [
        0.020799,
        0.01535117,
        0.02069314,
        0.02068899,
        0.01962397,
        0.01641704,
        0.01962649,
        0.02070246,
        0.02070765,
        0.02069397,
        0.01547293,
        0.02080743,
        0.02073129,
        0.01969005,
        0.01640383,
        0.02068134,
        0.01986994,
        0.01971161,
        0.01971988,
        0.02066752,
        0.01644717,
        0.01976336,
        0.02076004,
        0.01972276,
        0.01641447,
        0.02069529,
        0.01977558,
        0.02082752,
        0.01965948,
        0.03352983,
        0.01544006,
        0.02069872,
        0.0207038,
        0.01980414,
        0.0164007,
        0.02068918
      ],
      "e2e_seconds": 1.6117720500042196,
      "output_characters": 61,
      "output_tokens": null,
      "tpot_seconds": null
    },
    {
      "request_id": 9,
      "ttft_seconds": 0.853594410000369,
      "itl_seconds": [
        0.01516802,
        0.02068837,
        0.0206837,
        0.01962532,
        0.01641357,
        0.01963069,
        0.02069529,
        0.02069232,
        0.02069303,
        0.01546963,
        0.02083235,
        0.02073195,
        0.01969157,
        0.01637765,
        0.02069515,
        0.01988182,
        0.01970856,
        0.01988832,
        0.02063141,
        0.01642328,
        0.0197529,
        0.02081609,
        0.01970095,
        0.01656469,
        0.02057706,
        0.01979008,
        0.0207858,
        0.01968805,
        0.03349889,
        0.01541807,
        0.02082404,
        0.02061656,
        0.01982773,
        0.01638676,
        0.02070068,
        0.021463
      ],
      "e2e_seconds": 1.6107227900065482,
      "output_characters": 61,
      "output_tokens": null,
      "tpot_seconds": null
    },
    {
      "request_id": 10,
      "ttft_seconds": 0.853302680014167,
      "itl_seconds": [
        0.01535476,
        0.02067763,
        0.02066085,
        0.01962566,
        0.01641204,
        0.01962821,
        0.02069494,
        0.02071007,
        0.02074897,
        0.01542248,
        0.0208302,
        0.02071587,
        0.01970576,
        0.01636079,
        0.02066234,
        0.01989645,
        0.01971232,
        0.01967042,
        0.02066811,
        0.01642066,
        0.01979339,
        0.02075663,
        0.01972591,
        0.01642573,
        0.02068561,
        0.01977594,
        0.02082514,
        0.01966488,
        0.03352605,
        0.01546034,
        0.02067506,
        0.02067774,
        0.01982794,
        0.01639994,
        0.02071735,
        0.02165542
      ],
      "e2e_seconds": 1.609813569986727,
      "output_characters": 61,
      "output_tokens": null,
      "tpot_seconds": null
    },
    {
      "request_id": 11,
      "ttft_seconds": 0.8530635100032669,
      "itl_seconds": [
        0.01537704,
        0.02068602,
        0.02068191,
        0.01962516,
        0.01641272,
        0.01962988,
        0.02069568,
        0.02070555,
        0.02068191,
        0.01547051,
        0.02083161,
        0.02073164,
        0.01969118,
        0.01637648,
        0.02073181,
        0.0198973,
        0.01971136,
        0.01968945,
        0.02065588,
        0.01641757,
        0.0198931,
        0.0206697,
        0.01971026,
        0.01643087,
        0.0206834,
        0.01978155,
        0.02082166,
        0.01966464,
        0.03352084,
        0.01538227,
        0.02080839,
        0.02063133,
        0.01986741,
        0.0163596,
        0.02071664,
        0.0214468
      ],
      "e2e_seconds": 1.6100023899925873,
      "output_characters": 61,
      "output_tokens": null,
      "tpot_seconds": null
    },
    {
      "request_id": 12,
      "ttft_seconds": 0.8904059400083497,
      "itl_seconds": [
        0.01968904,
        0.02069639,
        0.01967402,
        0.01640982,
        0.01973875,
        0.02067707,
        0.02069601,
        0.01543601,
        0.02071661,
        0.01981022,
        0.01987921,
        0.02073734,
        0.01643594,
        0.01964856,
        0.02071317,
        0.02002294,
        0.01965866,
        0.01642082,
        0.02060713,
        0.01967637,
        0.02067579,
        0.01961217,
        0.02069812,
        0.01548185,
        0.02068345,
        0.02068843,
        0.01982936,
        0.01646384,
        0.01973697,
        0.02069603,
        0.02069639,
        0.01552971,
        0.01981286,
        0.02068926,
        0.02070025,
        0.01975154
      ],
      "e2e_seconds": 1.611038360017119,
      "output_characters": 61,
      "output_tokens": null,
      "tpot_seconds": null
    },
    {
      "request_id": 13,
      "ttft_seconds": 0.8664958300068974,
      "itl_seconds": [
        0.02065387,
        0.01967817,
        0.01639681,
        0.01973085,
        0.02073325,
        0.02065273,
        0.01541831,
        0.02073585,
        0.0199407,
        0.01973998,
        0.02074838,
        0.01642438,
        0.01965555,
        0.02071777,
        0.01977201,
        0.01988496,
        0.0163113,
        0.02072602,
        0.01970251,
        0.02068766,
        0.01961382,
        0.02069292,
        0.01548308,
        0.02067887,
        0.02067598,
        0.01984877,
        0.01645567,
        0.01973798,
        0.02070034,
        0.02071067,
        0.01550638,
        0.01982827,
        0.02067881,
        0.02080145,
        0.0196971,
        0.02138276
      ],
      "e2e_seconds": 1.6094081700139213,
      "output_characters": 61,
      "output_tokens": null,
      "tpot_seconds": null
    },
    {
      "request_id": 14,
      "ttft_seconds": 0.8669000800000504,
      "itl_seconds": [
        0.02063885,
        0.01967107,
        0.01638126,
        0.01970197,
        0.02061238,
        0.02076764,
        0.01542237,
        0.02073938,
        0.01981349,
        0.01987565,
        0.02073576,
        0.01642554,
        0.0196543,
        0.02077251,
        0.01972391,
        0.01984138,
        0.01637867,
        0.02070479,
        0.01965464,
        0.02073963,
        0.01961257,
        0.02068853,
        0.01543934,
        0.02068199,
        0.02071564,
        0.01985022,
        0.01640911,
        0.01973721,
        0.02070212,
        0.02074359,
        0.01547926,
        0.01991599,
        0.02058546,
        0.0208019,
        0.01973318,
        0.02174133
      ],
      "e2e_seconds": 1.6104928899731021,
      "output_characters": 61,
      "output_tokens": null,
      "tpot_seconds": null
    },
    {
      "request_id": 15,
      "ttft_seconds": 0.8662531999871135,
      "itl_seconds": [
        0.02061807,
        0.01967764,
        0.01639093,
        0.01973404,
        0.02072935,
        0.02065227,
        0.0154182,
        0.02074045,
        0.01978503,
        0.01989839,
        0.02074302,
        0.01642562,
        0.01965458,
        0.0207182,
        0.01986148,
        0.01983799,
        0.01638213,
        0.020622,
        0.01974408,
        0.02064513,
        0.01961304,
        0.02069338,
        0.01551638,
        0.02068898,
        0.02063164,
        0.01984996,
        0.01649806,
        0.01973496,
        0.02069248,
        0.0207454,
        0.015478,
        0.01979181,
        0.02070967,
        0.02080277,
        0.01973317,
        0.021742
      ],
      "e2e_seconds": 1.609566930012079,
      "output_characters": 61,
      "output_tokens": null,
      "tpot_seconds": null
    },
    {
      "request_id": 16,
      "ttft_seconds": 0.8758620600274298,
      "itl_seconds": [
        0.01982578,
        0.02071491,
        0.01984566,
        0.0164021,
        0.01961972,
        0.02068991,
        0.02068558,
        0.01963315,
        0.01640019,
        0.02067327,
        0.01962808,
        0.02087473,
        0.01569199,
        0.02069399,
        0.01990564,
        0.02069615,
        0.01980648,
        0.01641463,
        0.02068775,
        0.02068151,
        0.01961533,
        0.01640715,
        0.02079651,
        0.01997519,
        0.0206888,
        0.01961124,
        0.01640405,
        0.01997743,
        0.02067172,
        0.02068762,
        0.01549624,
        0.02068651,
        0.02068607,
        0.01972483,
        0.01641628,
        0.01977869
      ],
      "e2e_seconds": 1.5956532600102946,
      "output_characters": 61,
      "output_tokens": null,
      "tpot_seconds": null
    },
    {
      "request_id": 17,
      "ttft_seconds": 0.8493882000038866,
      "itl_seconds": [
        0.02048505,
        0.01984579,
        0.0163993,
        0.01962188,
        0.02079726,
        0.0205782,
        0.01962907,
        0.01638238,
        0.02067173,
        0.01969459,
        0.02310199,
        0.01342244,
        0.02071122,
        0.01988619,
        0.02067231,
        0.01983007,
        0.01641174,
        0.02068926,
        0.02068221,
        0.0196138,
        0.01639113,
        0.02079688,
        0.01997437,
        0.02074216,
        0.01955814,
        0.01642963,
        0.0199529,
        0.02068806,
        0.02069523,
        0.01548925,
        0.02068258,
        0.02068841,
        0.01972176,
        0.01640517,
        0.01978918,
        0.02247211
      ],
      "e2e_seconds": 1.5948465900146402,
      "output_characters": 61,
      "output_tokens": null,
      "tpot_seconds": null
    },
    {
      "request_id": 18,
      "ttft_seconds": 0.848919889976969,
      "itl_seconds": [
        0.0207574,
        0.01993207,
        0.01639528,
        0.01953027,
        0.02070342,
        0.02068075,
        0.01962926,
        0.01646045,
        0.02067383,
        0.01969462,
        0.02310766,
        0.0133228,
        0.02070748,
        0.0198869,
        0.02071432,
        0.01984474,
        0.01640987,
        0.02067276,
        0.02068043,
        0.0196163,
        0.01638916,
        0.02086602,
        0.01987015,
        0.02073405,
        0.01960671,
        0.01643848,
        0.0199541,
        0.02070631,
        0.02065489,
        0.01549301,
        0.02068523,
        0.02070152,
        0.01970558,
        0.01641059,
        0.01980661,
        0.02291976
      ],
      "e2e_seconds": 1.5953614299942274,
      "output_characters": 61,
      "output_tokens": null,
      "tpot_seconds": null
    },
    {
      "request_id": 19,
      "ttft_seconds": 0.848748920019716,
      "itl_seconds": [
        0.02070682,
        0.01980615,
        0.01639808,
        0.01968971,
        0.02053937,
        0.02085167,
        0.01958429,
        0.01633239,
        0.02067423,
        0.0196954,
        0.02309398,
        0.01343944,
        0.0207197,
        0.01987989,
        0.02062189,
        0.01984766,
        0.01639499,
        0.02068948,
        0.02068117,
        0.01960838,
        0.01639074,
        0.02081976,
        0.01999545,
        0.02061778,
        0.01963918,
        0.01643416,
        0.01997021,
        0.0206894,
        0.02067194,
        0.01549379,
        0.02068281,
        0.02068944,
        0.01971978,
        0.01640212,
        0.01980486,
        0.02246666
      ],
      "e2e_seconds": 1.5946926000178792,
      "output_characters": 61,
      "output_tokens": null,
      "tpot_seconds": null
    },
    {
      "request_id": 20,
      "ttft_seconds": 0.8746569399954751,
      "itl_seconds": [
        0.02074374,
        0.01969478,
        0.02067995,
        0.01563066,
        0.02068743,
        0.01973254,
        0.02067429,
        0.01639828,
        0.01961857,
        0.02068216,
        0.01980546,
        0.02070575,
        0.01553692,
        0.02070573,
        0.02068289,
        0.01965984,
        0.01635906,
        0.02004032,
        0.02102674,
        0.01961991,
        0.02067625,
        0.0164048,
        0.01983217,
        0.02068749,
        0.02069051,
        0.016422,
        0.02002431,
        0.02044188,
        0.02073275,
        0.01963613,
        0.01640707,
        0.01991911,
        0.02068879,
        0.02077527,
        0.01631386,
        0.01960766
      ],
      "e2e_seconds": 1.5950939700123854,
      "output_characters": 61,
      "output_tokens": null,
      "tpot_seconds": null
    },
    {
      "request_id": 21,
      "ttft_seconds": 0.853070340002887,
      "itl_seconds": [
        0.01960524,
        0.02066926,
        0.01561557,
        0.02069,
        0.01974406,
        0.02068795,
        0.01636224,
        0.01963388,
        0.0206558,
        0.01982175,
        0.02083183,
        0.01543953,
        0.02069992,
        0.02067352,
        0.01955542,
        0.01642431,
        0.01998554,
        0.02103525,
        0.01967335,
        0.02061187,
        0.01648136,
        0.01981085,
        0.02068824,
        0.02070382,
        0.01646848,
        0.0199008,
        0.02056303,
        0.0206182,
        0.01968064,
        0.01644709,
        0.01993916,
        0.0206418,
        0.02073381,
        0.01635356,
        0.01961128,
        0.02236754
      ],
      "e2e_seconds": 1.5996192400052678,
      "output_characters": 61,
      "output_tokens": null,
      "tpot_seconds": null
    },
    {
      "request_id": 22,
      "ttft_seconds": 0.8524946300021838,
      "itl_seconds": [
        0.01959303,
        0.02067261,
        0.01562936,
        0.0206914,
        0.01973067,
        0.02066688,
        0.01639964,
        0.01962377,
        0.02066113,
        0.0198224,
        0.02082268,
        0.01542546,
        0.02071045,
        0.02067167,
        0.01956771,
        0.01646079,
        0.0200783,
        0.02103173,
        0.01958355,
        0.02072586,
        0.01633321,
        0.01984397,
        0.02068921,
        0.02070318,
        0.01641602,
        0.01971445,
        0.02075305,
        0.0207907,
        0.01955357,
        0.01640644,
        0.0199327,
        0.02068996,
        0.02064014,
        0.01644181,
        0.0196164,
        0.02233227
      ],
      "e2e_seconds": 1.5985521399998106,
      "output_characters": 61,
      "output_tokens": null,
      "tpot_seconds": null
    },
    {
      "request_id": 23,
      "ttft_seconds": 0.8526887000189163,
      "itl_seconds": [
        0.01973078,
        0.02067204,
        0.01562765,
        0.02068991,
        0.01973187,
        0.02066778,
        0.01639604,
        0.01962895,
        0.02065806,
        0.01982365,
        0.02082375,
        0.01542356,
        0.02071067,
        0.0206707,
        0.01965059,
        0.01640931,
        0.02004752,
        0.02104172,
        0.01960697,
        0.02061624,
        0.01641101,
        0.01989546,
        0.0206859,
        0.02090803,
        0.01616333,
        0.01985436,
        0.02061205,
        0.0208017,
        0.01959785,
        0.01635888,
        0.01992887,
        0.02071999,
        0.02075325,
        0.01633657,
        0.01960934,
        0.02230121
      ],
      "e2e_seconds": 1.5993428000074346,
      "output_characters": 61,
      "output_tokens": null,
      "tpot_seconds": null
    },
    {
      "request_id": 24,
      "ttft_seconds": 0.8799827100010589,
      "itl_seconds": [
        0.01651075,
        0.01962907,
        0.02068075,
        0.02069061,
        0.01960419,
        0.01981214,
        0.01641486,
        0.02069357,
        0.02084818,
        0.01967259,
        0.01641053,
        0.01999052,
        0.01976131,
        0.01962438,
        0.02069707,
        0.02071147,
        0.01562828,
        0.02070242,
        0.02068167,
        0.01975145,
        0.01987098,
        0.0164071,
        0.02070714,
        0.01974875,
        0.01987266,
        0.02072579,
        0.02073453,
        0.01971766,
        0.01674952,
        0.01958699,
        0.01991506,
        0.02064886,
        0.01961306,
        0.02067411,
        0.01958849,
        0.01994115
      ],
      "e2e_seconds": 1.6045394200191367,
      "output_characters": 61,
      "output_tokens": null,
      "tpot_seconds": null
    },
    {
      "request_id": 25,
      "ttft_seconds": 0.8501893400098197,
      "itl_seconds": [
        0.01962065,
        0.02067565,
        0.02073717,
        0.01958159,
        0.01981329,
        0.01655598,
        0.02055896,
        0.02087307,
        0.01965494,
        0.01637916,
        0.02001104,
        0.01976365,
        0.01962184,
        0.02069376,
        0.02074478,
        0.01563447,
        0.02071967,
        0.02066557,
        0.01969464,
        0.01993051,
        0.01637422,
        0.02071104,
        0.01991525,
        0.01973873,
        0.02073824,
        0.02075125,
        0.01970042,
        0.01675319,
        0.01955961,
        0.01992824,
        0.02064378,
        0.01962725,
        0.0206492,
        0.01959282,
        0.01993808,
        0.02155968
      ],
      "e2e_seconds": 1.5994477499916684,
      "output_characters": 61,
      "output_tokens": null,
      "tpot_seconds": null
    },
    {
      "request_id": 26,
      "ttft_seconds": 0.8505124700022861,
      "itl_seconds": [
        0.01956941,
        0.02067178,
        0.02073581,
        0.01958133,
        0.01981365,
        0.01655693,
        0.02055972,
        0.02088184,
        0.01964968,
        0.01637401,
        0.02001385,
        0.01976204,
        0.01962134,
        0.02069389,
        0.02067384,
        0.01563435,
        0.02072031,
        0.02066486,
        0.01976592,
        0.01986022,
        0.01644534,
        0.02072702,
        0.01978194,
        0.01978116,
        0.02072504,
        0.02075328,
        0.01969634,
        0.01670741,
        0.01962409,
        0.01992867,
        0.02064368,
        0.01961004,
        0.02066624,
        0.01959249,
        0.01991965,
        0.02156177
      ],
      "e2e_seconds": 1.5994938499934506,
      "output_characters": 61,
      "output_tokens": null,
      "tpot_seconds": null
    },
    {
      "request_id": 27,
      "ttft_seconds": 0.8501989899959881,
      "itl_seconds": [
        0.01940603,
        0.02067871,
        0.02073668,
        0.01958269,
        0.01981246,
        0.01655559,
        0.02055981,
        0.02084426,
        0.01967442,
        0.0163843,
        0.02001221,
        0.01976466,
        0.0196216,
        0.02069539,
        0.02070711,
        0.01563778,
        0.02070695,
        0.02067344,
        0.01973061,
        0.01989525,
        0.01640905,
        0.02069725,
        0.01975385,
        0.01987723,
        0.02072201,
        0.02073715,
        0.01971474,
        0.01680256,
        0.01953335,
        0.01992412,
        0.02064317,
        0.01961045,
        0.0206521,
        0.01961108,
        0.01991694,
        0.0216902
      ],
      "e2e_seconds": 1.5992095500114374,
      "output_characters": 61,
      "output_tokens": null,
      "tpot_seconds": null
    },
    {
      "request_id": 28,
      "ttft_seconds": 0.8842337999958545,
      "itl_seconds": [
        0.01960816,
        0.01626412,
        0.01949802,
        0.01959226,
        0.02048106,
        0.0152215,
        0.01949322,
        0.02055366,
        0.01950545,
        0.01951873,
        0.01522859,
        0.01971899,
        0.0196132,
        0.01958544,
        0.01527604,
        0.01966297,
        0.01964837,
        0.02053298,
        0.01524734,
        0.01956015,
        0.01963877,
        0.01960359,
        0.01527669,
        0.0197715,
        0.01960391,
        0.01971258,
        0.01534077,
        0.02053974,
        0.01949955,
        0.01954801,
        0.01543023,
        0.02053222,
        0.02055808,
        0.01520757,
        0.01952225,
        0.01967085
      ],
      "e2e_seconds": 1.5789703899936285,
      "output_characters": 61,
      "output_tokens": null,
      "tpot_seconds": null
    },
    {
      "request_id": 29,
      "ttft_seconds": 0.8575018100091256,
      "itl_seconds": [
        0.01619661,
        0.01952245,
        0.01959152,
        0.02048779,
        0.01520874,
        0.01948237,
        0.02056822,
        0.01949281,
        0.01953091,
        0.01519473,
        0.01973734,
        0.01961411,
        0.01956269,
        0.0152991,
        0.0195689,
        0.01974809,
        0.02052012,
        0.01525538,
        0.01954976,
        0.01963173,
        0.01960291,
        0.01528578,
        0.01977299,
        0.0196065,
        0.0197105,
        0.01534192,
        0.0205418,
        0.01948801,
        0.01956002,
        0.01541381,
        0.0205563,
        0.02054577,
        0.01520859,
        0.01953739,
        0.01963923,
        0.0213762
      ],
      "e2e_seconds": 1.5481957900046837,
      "output_characters": 61,
      "output_tokens": null,
      "tpot_seconds": null
    }
  ],
  "metric_definitions": {
    "ttft_seconds": "request start to first non-empty text delta",
    "itl_seconds": "inter-token latency between consecutive text deltas",
    "e2e_seconds": "request start to stream completion",
    "tpot_seconds": "first delta to completion divided by output units",
    "request_throughput": "successful requests per second"
  }
}
